Component: ARM Compiler 5.06 update 6 (build 750) Tool: armlink [4d35ed]

==============================================================================

Section Cross References

    delay.o(i.TimingDelay_Decrement) refers to delay.o(.data) for TimingDelay
    delay.o(i.delayInit) refers to system_stm32f4xx.o(.data) for SystemCoreClock
    delay.o(i.delayms) refers to delay.o(.data) for TimingDelay
    main.o(i.main) refers to stm32f429i_discovery.o(i.STM_EVAL_LEDInit) for STM_EVAL_LEDInit
    main.o(i.main) refers to stm32f429i_discovery.o(i.STM_EVAL_PBInit) for STM_EVAL_PBInit
    main.o(i.main) refers to stm32f429i_discovery_i2c_ee.o(i.sEE_Init) for sEE_Init
    main.o(i.main) refers to stm32f429i_discovery_ioe.o(i.IOE_Config) for IOE_Config
    main.o(i.main) refers to stm32f429i_discovery_ioe.o(i.IOE_TPITConfig) for IOE_TPITConfig
    main.o(i.main) refers to stm32f4xx_rcc.o(i.RCC_AHB1PeriphClockCmd) for RCC_AHB1PeriphClockCmd
    main.o(i.main) refers to stm32f429i_discovery_lcd.o(i.LCD_Init) for LCD_Init
    main.o(i.main) refers to stm32f429i_discovery_lcd.o(i.LCD_LayerInit) for LCD_LayerInit
    main.o(i.main) refers to stm32f429i_discovery_lcd.o(i.LCD_SetLayer) for LCD_SetLayer
    main.o(i.main) refers to stm32f4xx_ltdc.o(i.LTDC_Cmd) for LTDC_Cmd
    main.o(i.main) refers to freertos.o(i.freeRtosInit) for freeRtosInit
    main.o(i.main) refers to tasks.o(i.vTaskStartScheduler) for vTaskStartScheduler
    system_stm32f4xx.o(i.SystemCoreClockUpdate) refers to system_stm32f4xx.o(.data) for SystemCoreClock
    system_stm32f4xx.o(i.SystemInit) refers to system_stm32f4xx.o(i.SetSysClock) for SetSysClock
    startup_stm32f429_439xx.o(STACK) refers (Special) to heapauxi.o(.text) for __use_two_region_memory
    startup_stm32f429_439xx.o(HEAP) refers (Special) to heapauxi.o(.text) for __use_two_region_memory
    startup_stm32f429_439xx.o(RESET) refers (Special) to heapauxi.o(.text) for __use_two_region_memory
    startup_stm32f429_439xx.o(RESET) refers to startup_stm32f429_439xx.o(STACK) for __initial_sp
    startup_stm32f429_439xx.o(RESET) refers to startup_stm32f429_439xx.o(.text) for Reset_Handler
    startup_stm32f429_439xx.o(RESET) refers to stm32f4xx_it.o(i.NMI_Handler) for NMI_Handler
    startup_stm32f429_439xx.o(RESET) refers to stm32f4xx_it.o(i.HardFault_Handler) for HardFault_Handler
    startup_stm32f429_439xx.o(RESET) refers to stm32f4xx_it.o(i.MemManage_Handler) for MemManage_Handler
    startup_stm32f429_439xx.o(RESET) refers to stm32f4xx_it.o(i.BusFault_Handler) for BusFault_Handler
    startup_stm32f429_439xx.o(RESET) refers to stm32f4xx_it.o(i.UsageFault_Handler) for UsageFault_Handler
    startup_stm32f429_439xx.o(RESET) refers to port.o(.emb_text) for SVC_Handler
    startup_stm32f429_439xx.o(RESET) refers to stm32f4xx_it.o(i.DebugMon_Handler) for DebugMon_Handler
    startup_stm32f429_439xx.o(RESET) refers to port.o(i.SysTick_Handler) for SysTick_Handler
    startup_stm32f429_439xx.o(RESET) refers to stm32f429i_discovery_i2c_ee.o(i.DMA1_Stream2_IRQHandler) for DMA1_Stream2_IRQHandler
    startup_stm32f429_439xx.o(RESET) refers to stm32f429i_discovery_i2c_ee.o(i.DMA1_Stream4_IRQHandler) for DMA1_Stream4_IRQHandler
    startup_stm32f429_439xx.o(.text) refers (Special) to heapauxi.o(.text) for __use_two_region_memory
    startup_stm32f429_439xx.o(.text) refers to system_stm32f4xx.o(i.SystemInit) for SystemInit
    startup_stm32f429_439xx.o(.text) refers to __main.o(!!!main) for __main
    startup_stm32f429_439xx.o(.text) refers to startup_stm32f429_439xx.o(HEAP) for Heap_Mem
    startup_stm32f429_439xx.o(.text) refers to startup_stm32f429_439xx.o(STACK) for Stack_Mem
    freertos.o(i.freeRtosInit) refers to tasks.o(i.xTaskCreate) for xTaskCreate
    freertos.o(i.freeRtosInit) refers to freertos.o(.data) for xHandle1
    freertos.o(i.freeRtosInit) refers to freertos.o(i.vTaskCode1) for vTaskCode1
    freertos.o(i.freeRtosInit) refers to freertos.o(i.vTaskCode2) for vTaskCode2
    freertos.o(i.vTaskCode1) refers to gui_core.o(i.GUI_Init) for GUI_Init
    freertos.o(i.vTaskCode1) refers to gui_common.o(i.GUI_SetBkColor) for GUI_SetBkColor
    freertos.o(i.vTaskCode1) refers to gui_common.o(i.GUI_SetColor) for GUI_SetColor
    freertos.o(i.vTaskCode1) refers to gui_core.o(i.GUI_Clear) for GUI_Clear
    freertos.o(i.vTaskCode1) refers to gui_common.o(i.GUI_SetFont) for GUI_SetFont
    freertos.o(i.vTaskCode1) refers to gui_drawline.o(i.GUI_DrawLine) for GUI_DrawLine
    freertos.o(i.vTaskCode1) refers to tasks.o(i.vTaskDelay) for vTaskDelay
    freertos.o(i.vTaskCode1) refers to stm32f429i_discovery.o(i.STM_EVAL_LEDToggle) for STM_EVAL_LEDToggle
    freertos.o(i.vTaskCode1) refers to f32_1.o(.constdata) for GUI_Font32_1
    freertos.o(i.vTaskCode2) refers to tasks.o(i.vTaskDelay) for vTaskDelay
    freertos.o(i.vTaskCode2) refers to stm32f429i_discovery.o(i.STM_EVAL_LEDToggle) for STM_EVAL_LEDToggle
[...]
    0x08000a30   0x08000a30   0x00000044   Code   RO         1437    i.DMA_GetFlagStatus  stm32f4xx_dma.o
    0x08000a74   0x08000a74   0x0000003a   Code   RO         1439    i.DMA_ITConfig      stm32f4xx_dma.o
    0x08000aae   0x08000aae   0x00000002   PAD
    0x08000ab0   0x08000ab0   0x00000058   Code   RO         1440    i.DMA_Init          stm32f4xx_dma.o
    0x08000b08   0x08000b08   0x00000002   Code   RO          272    i.DebugMon_Handler  stm32f4xx_it.o
    0x08000b0a   0x08000b0a   0x00000002   PAD
    0x08000b0c   0x08000b0c   0x00000094   Code   RO         1688    i.EXTI_Init         stm32f4xx_exti.o
    0x08000ba0   0x08000ba0   0x00000048   Code   RO         2001    i.FMC_GetFlagStatus  stm32f4xx_fmc.o
    0x08000be8   0x08000be8   0x00000020   Code   RO         2018    i.FMC_SDRAMCmdConfig  stm32f4xx_fmc.o
    0x08000c08   0x08000c08   0x000000f8   Code   RO         2020    i.FMC_SDRAMInit     stm32f4xx_fmc.o
    0x08000d00   0x08000d00   0x00000018   Code   RO         2024    i.FMC_SetRefreshCount  stm32f4xx_fmc.o
    0x08000d18   0x08000d18   0x00000390   Code   RO         7728    i.GL_DrawLine1Ex    STemWin540_CM4_OS_Keil_ot_ARGB.lib(gui_drawline.o)
    0x080010a8   0x080010a8   0x0000027c   Code   RO         7729    i.GL_DrawLineEx     STemWin540_CM4_OS_Keil_ot_ARGB.lib(gui_drawline.o)
    0x08001324   0x08001324   0x00000020   Code   RO         8165    i.GL_DrawPoint      STemWin540_CM4_OS_Keil_ot_ARGB.lib(gui_drawlib.o)
    0x08001344   0x08001344   0x000000c4   Code   RO         8781    i.GL_FillCircle     STemWin540_CM4_OS_Keil_ot_ARGB.lib(gui_circ.o)
    0x08001408   0x08001408   0x0000027c   Code   RO         8197    i.GL_FillPolygon    STemWin540_CM4_OS_Keil_ot_ARGB.lib(gui_fillpolygon.o)
    0x08001684   0x08001684   0x00000090   Code   RO         2175    i.GPIO_Init         stm32f4xx_gpio.o
    0x08001714   0x08001714   0x00000046   Code   RO         2176    i.GPIO_PinAFConfig  stm32f4xx_gpio.o
    0x0800175a   0x0800175a   0x00000004   Code   RO         2182    i.GPIO_ResetBits    stm32f4xx_gpio.o
    0x0800175e   0x0800175e   0x00000004   Code   RO         2183    i.GPIO_SetBits      stm32f4xx_gpio.o
    0x08001762   0x08001762   0x0000000a   Code   RO         2187    i.GPIO_WriteBit     stm32f4xx_gpio.o
    0x0800176c   0x0800176c   0x00000138   Code   RO         8125    i.GUIMONO_DispChar  STemWin540_CM4_OS_Keil_ot_ARGB.lib(gui_charm.o)
    0x080018a4   0x080018a4   0x00000018   Code   RO         8126    i.GUIMONO_GetCharDistX  STemWin540_CM4_OS_Keil_ot_ARGB.lib(gui_charm.o)
    0x080018bc   0x080018bc   0x00000006   Code   RO         8127    i.GUIMONO_GetFontInfo  STemWin540_CM4_OS_Keil_ot_ARGB.lib(gui_charm.o)
    0x080018c2   0x080018c2   0x00000038   Code   RO         8128    i.GUIMONO_IsInFont  STemWin540_CM4_OS_Keil_ot_ARGB.lib(gui_charm.o)
    0x080018fa   0x080018fa   0x00000002   PAD
    0x080018fc   0x080018fc   0x000000f0   Code   RO         8133    i.GUIPROP_DispChar  STemWin540_CM4_OS_Keil_ot_ARGB.lib(gui_charp.o)
    0x080019ec   0x080019ec   0x00000060   Code   RO         8134    i.GUIPROP_GetCharDistX  STemWin540_CM4_OS_Keil_ot_ARGB.lib(gui_charp.o)
    0x08001a4c   0x08001a4c   0x00000006   Code   RO         8135    i.GUIPROP_GetFontInfo  STemWin540_CM4_OS_Keil_ot_ARGB.lib(gui_charp.o)
    0x08001a52   0x08001a52   0x00000024   Code   RO         8136    i.GUIPROP_IsInFont  STemWin540_CM4_OS_Keil_ot_ARGB.lib(gui_charp.o)
    0x08001a76   0x08001a76   0x00000002   PAD
    0x08001a78   0x08001a78   0x000000b4   Code   RO         8221    i.GUITASK_CopyContext  STemWin540_CM4_OS_Keil_ot_ARGB.lib(gui_task.o)
    0x08001b2c   0x08001b2c   0x0000007c   Code   RO         8224    i.GUITASK_Init      STemWin540_CM4_OS_Keil_ot_ARGB.lib(gui_task.o)
    0x08001ba8   0x08001ba8   0x0000001e   Code   RO         7406    i.GUI_ALLOC_AllocNoInit  STemWin540_CM4_OS_Keil_ot_ARGB.lib(gui_alloc.o)
    0x08001bc6   0x08001bc6   0x00000002   PAD
    0x08001bc8   0x08001bc8   0x00000088   Code   RO         7407    i.GUI_ALLOC_AllocZero  STemWin540_CM4_OS_Keil_ot_ARGB.lib(gui_alloc.o)
    0x08001c50   0x08001c50   0x00000010   Code   RO         7408    i.GUI_ALLOC_AssignMemory  STemWin540_CM4_OS_Keil_ot_ARGB.lib(gui_alloc.o)
    0x08001c60   0x08001c60   0x00000044   Code   RO         7410    i.GUI_ALLOC_Free    STemWin540_CM4_OS_Keil_ot_ARGB.lib(gui_alloc.o)
    0x08001ca4   0x08001ca4   0x0000001c   Code   RO         7411    i.GUI_ALLOC_FreeFixedBlock  STemWin540_CM4_OS_Keil_ot_ARGB.lib(gui_alloc.o)
    0x08001cc0   0x08001cc0   0x000000b0   Code   RO         7414    i.GUI_ALLOC_GetFixedBlock  STemWin540_CM4_OS_Keil_ot_ARGB.lib(gui_alloc.o)
    0x08001d70   0x08001d70   0x00000028   Code   RO         7424    i.GUI_ALLOC_LockH   STemWin540_CM4_OS_Keil_ot_ARGB.lib(gui_alloc.o)
    0x08001d98   0x08001d98   0x00000030   Code   RO         7431    i.GUI_ALLOC_UnlockH  STemWin540_CM4_OS_Keil_ot_ARGB.lib(gui_alloc.o)
    0x08001dc8   0x08001dc8   0x00000014   Code   RO         7432    i.GUI_ALLOC_h2p     STemWin540_CM4_OS_Keil_ot_ARGB.lib(gui_alloc.o)
    0x08001ddc   0x08001ddc   0x0000003e   Code   RO         7481    i.GUI_CalcColorDist  STemWin540_CM4_OS_Keil_ot_ARGB.lib(gui_common.o)
    0x08001e1a   0x08001e1a   0x00000002   PAD
    0x08001e1c   0x08001e1c   0x00000070   Code   RO         7646    i.GUI_Clear         STemWin540_CM4_OS_Keil_ot_ARGB.lib(gui_core.o)
    0x08001e8c   0x08001e8c   0x00000070   Code   RO         7709    i.GUI_DEVICE_CreateAndLink  STemWin540_CM4_OS_Keil_ot_ARGB.lib(gui_device.o)
    0x08001efc   0x08001efc   0x00000004   Code   RO         7710    i.GUI_DEVICE_Delete  STemWin540_CM4_OS_Keil_ot_ARGB.lib(gui_device.o)
    0x08001f00   0x08001f00   0x000000a4   Code   RO         7711    i.GUI_DEVICE_Link   STemWin540_CM4_OS_Keil_ot_ARGB.lib(gui_device.o)
    0x08001fa4   0x08001fa4   0x000000a4   Code   RO         7712    i.GUI_DEVICE_LinkDevices  STemWin540_CM4_OS_Keil_ot_ARGB.lib(gui_device.o)
    0x08002048   0x08002048   0x0000003c   Code   RO         7713    i.GUI_DEVICE_Unlink  STemWin540_CM4_OS_Keil_ot_ARGB.lib(gui_device.o)
    0x08002084   0x08002084   0x00000004   Code   RO         7714    i.GUI_DEVICE_UnlinkTaskDevices  STemWin540_CM4_OS_Keil_ot_ARGB.lib(gui_device.o)
    0x08002088   0x08002088   0x00000028   Code   RO         7716    i.GUI_DEVICE__GetpDriver  STemWin540_CM4_OS_Keil_ot_ARGB.lib(gui_device.o)
    0x080020b0   0x080020b0   0x0000005c   Code   RO         7732    i.GUI_DrawLine      STemWin540_CM4_OS_Keil_ot_ARGB.lib(gui_drawline.o)
    0x0800210c   0x0800210c   0x00000014   Code   RO         7763    i.GUI_GetBitsPerPixelEx  STemWin540_CM4_OS_Keil_ot_ARGB.lib(lcd_getex.o)
    0x08002120   0x08002120   0x00000018   Code   RO         7496    i.GUI_GetBkColor    STemWin540_CM4_OS_Keil_ot_ARGB.lib(gui_common.o)
    0x08002138   0x08002138   0x00000018   Code   RO         7499    i.GUI_GetColor      STemWin540_CM4_OS_Keil_ot_ARGB.lib(gui_common.o)
    0x08002150   0x08002150   0x00000010   Code   RO         7764    i.GUI_GetpfColor2IndexEx  STemWin540_CM4_OS_Keil_ot_ARGB.lib(lcd_getex.o)
    0x08002160   0x08002160   0x00000010   Code   RO         7765    i.GUI_GetpfIndex2ColorEx  STemWin540_CM4_OS_Keil_ot_ARGB.lib(lcd_getex.o)
    0x08002170   0x08002170   0x00000020   Code   RO         7521    i.GUI_GotoXY        STemWin540_CM4_OS_Keil_ot_ARGB.lib(gui_common.o)
    0x08002190   0x08002190   0x00000114   Code   RO         7655    i.GUI_Init          STemWin540_CM4_OS_Keil_ot_ARGB.lib(gui_core.o)
    0x080022a4   0x080022a4   0x00000098   Code   RO         8226    i.GUI_Lock          STemWin540_CM4_OS_Keil_ot_ARGB.lib(gui_task.o)
    0x0800233c   0x0800233c   0x0000004c   Code   RO         8877    i.GUI_MEMDEV_Delete  STemWin540_CM4_OS_Keil_ot_ARGB.lib(guidev.o)
    0x08002388   0x08002388   0x00000032   Code   RO         8878    i.GUI_MEMDEV_GetBitsPerPixel  STemWin540_CM4_OS_Keil_ot_ARGB.lib(guidev.o)
    0x080023ba   0x080023ba   0x00000026   Code   RO         8898    i.GUI_MEMDEV_GetDataPtr  STemWin540_CM4_OS_Keil_ot_ARGB.lib(guidev_getdataptr.o)
    0x080023e0   0x080023e0   0x0000081c   Code   RO         8452    i.GUI_MEMDEV__WriteToActiveOpaque  STemWin540_CM4_OS_Keil_ot_ARGB.lib(guidev_writetoactiveopaque.o)
    0x08002bfc   0x08002bfc   0x0000005c   Code   RO         7527    i.GUI_MergeRect     STemWin540_CM4_OS_Keil_ot_ARGB.lib(gui_common.o)
    0x08002c58   0x08002c58   0x00000020   Code   RO         7528    i.GUI_MoveRect      STemWin540_CM4_OS_Keil_ot_ARGB.lib(gui_common.o)
    0x08002c78   0x08002c78   0x00000038   Code   RO         7529    i.GUI_RectsIntersect  STemWin540_CM4_OS_Keil_ot_ARGB.lib(gui_common.o)
    0x08002cb0   0x08002cb0   0x0000001a   Code   RO         7533    i.GUI_SelectLCD     STemWin540_CM4_OS_Keil_ot_ARGB.lib(gui_common.o)
    0x08002cca   0x08002cca   0x00000002   PAD
    0x08002ccc   0x08002ccc   0x00000038   Code   RO         8808    i.GUI_SelectLayer   STemWin540_CM4_OS_Keil_ot_ARGB.lib(gui_selectlayer.o)
    0x08002d04   0x08002d04   0x00000016   Code   RO         7534    i.GUI_SetBkColor    STemWin540_CM4_OS_Keil_ot_ARGB.lib(gui_common.o)
    0x08002d1a   0x08002d1a   0x00000016   Code   RO         7537    i.GUI_SetColor      STemWin540_CM4_OS_Keil_ot_ARGB.lib(gui_common.o)
    0x08002d30   0x08002d30   0x0000000c   Code   RO         7660    i.GUI_SetDefaultFont  STemWin540_CM4_OS_Keil_ot_ARGB.lib(gui_core.o)
    0x08002d3c   0x08002d3c   0x00000020   Code   RO         7542    i.GUI_SetFont       STemWin540_CM4_OS_Keil_ot_ARGB.lib(gui_common.o)
    0x08002d5c   0x08002d5c   0x00000040   Code   RO         7545    i.GUI_SetOrg        STemWin540_CM4_OS_Keil_ot_ARGB.lib(gui_common.o)
    0x08002d9c   0x08002d9c   0x00000010   Code   RO         8268    i.GUI_SignalEvent   STemWin540_CM4_OS_Keil_ot_ARGB.lib(gui_waitevent.o)
    0x08002dac   0x08002dac   0x00000014   Code   RO         8209    i.GUI_StoreKey      STemWin540_CM4_OS_Keil_ot_ARGB.lib(gui_onkey.o)
    0x08002dc0   0x08002dc0   0x00000028   Code   RO         8446    i.GUI_USAGE_AddRect  STemWin540_CM4_OS_Keil_ot_ARGB.lib(guidev_usage.o)
    0x08002de8   0x08002de8   0x0000002e   Code   RO         8447    i.GUI_USAGE_DecUseCnt  STemWin540_CM4_OS_Keil_ot_ARGB.lib(guidev_usage.o)
    0x08002e16   0x08002e16   0x00000002   PAD
    0x08002e18   0x08002e18   0x00000014   Code   RO         8227    i.GUI_Unlock        STemWin540_CM4_OS_Keil_ot_ARGB.lib(gui_task.o)
    0x08002e2c   0x08002e2c   0x0000001c   Code   RO         7093    i.GUI_X_Config      guiconf.o
    0x08002e48   0x08002e48   0x00000002   Code   RO         7318    i.GUI_X_ExecIdle    gui_x_os.o
    0x08002e4a   0x08002e4a   0x00000008   Code   RO         7319    i.GUI_X_GetTaskId   gui_x_os.o
    0x08002e52   0x08002e52   0x00000002   Code   RO         7321    i.GUI_X_Init        gui_x_os.o
    0x08002e54   0x08002e54   0x00000024   Code   RO         7322    i.GUI_X_InitOS      gui_x_os.o
    0x08002e78   0x08002e78   0x00000014   Code   RO         7323    i.GUI_X_Lock        gui_x_os.o
    0x08002e8c   0x08002e8c   0x00000018   Code   RO         7326    i.GUI_X_Unlock      gui_x_os.o
    0x08002ea4   0x08002ea4   0x0000018c   Code   RO         8740    i.GUI__CompactPixelIndices  STemWin540_CM4_OS_Keil_ot_ARGB.lib(gui__compactpixelindices.o)
    0x08003030   0x08003030   0x00000042   Code   RO         8048    i.GUI__IntersectRect  STemWin540_CM4_OS_Keil_ot_ARGB.lib(gui__private.o)
    0x08003072   0x08003072   0x00000052   Code   RO         8049    i.GUI__IntersectRects  STemWin540_CM4_OS_Keil_ot_ARGB.lib(gui__private.o)
    0x080030c4   0x080030c4   0x00000010   Code   RO         7666    i.GUI__RegisterExit  STemWin540_CM4_OS_Keil_ot_ARGB.lib(gui_core.o)
    0x080030d4   0x080030d4   0x000000a6   Code   RO         8057    i.GUI__memset16     STemWin540_CM4_OS_Keil_ot_ARGB.lib(gui__private.o)
    0x0800317a   0x0800317a   0x00000004   Code   RO          273    i.HardFault_Handler  stm32f4xx_it.o
    0x0800317e   0x0800317e   0x00000018   Code   RO         2447    i.I2C_AcknowledgeConfig  stm32f4xx_i2c.o
    0x08003196   0x08003196   0x00000018   Code   RO         2453    i.I2C_Cmd           stm32f4xx_i2c.o
    0x080031ae   0x080031ae   0x00000018   Code   RO         2454    i.I2C_DMACmd        stm32f4xx_i2c.o
    0x080031c6   0x080031c6   0x00000002   PAD
    0x080031c8   0x080031c8   0x00000060   Code   RO         2456    i.I2C_DeInit        stm32f4xx_i2c.o
    0x08003228   0x08003228   0x00000018   Code   RO         2461    i.I2C_GenerateSTART  stm32f4xx_i2c.o
    0x08003240   0x08003240   0x00000018   Code   RO         2462    i.I2C_GenerateSTOP  stm32f4xx_i2c.o
    0x08003258   0x08003258   0x0000003a   Code   RO         2463    i.I2C_GetFlagStatus  stm32f4xx_i2c.o
    0x08003292   0x08003292   0x00000002   PAD
    0x08003294   0x08003294   0x000000e8   Code   RO         2468    i.I2C_Init          stm32f4xx_i2c.o
    0x0800337c   0x0800337c   0x000001ac   Code   RO         5303    i.I2C_ReadDeviceRegister  stm32f429i_discovery_ioe.o
    0x08003528   0x08003528   0x00000008   Code   RO         2473    i.I2C_ReceiveData   stm32f4xx_i2c.o
    0x08003530   0x08003530   0x00000010   Code   RO         2475    i.I2C_Send7bitAddress  stm32f4xx_i2c.o
    0x08003540   0x08003540   0x00000004   Code   RO         2476    i.I2C_SendData      stm32f4xx_i2c.o
    0x08003544   0x08003544   0x00000016   Code   RO         2477    i.I2C_SoftwareResetCmd  stm32f4xx_i2c.o
    0x0800355a   0x0800355a   0x00000002   PAD
    0x0800355c   0x0800355c   0x00000130   Code   RO         5304    i.I2C_WriteDeviceRegister  stm32f429i_discovery_ioe.o
    0x0800368c   0x0800368c   0x00000028   Code   RO         5306    i.IOE_Config        stm32f429i_discovery_ioe.o
    0x080036b4   0x080036b4   0x00000024   Code   RO         5308    i.IOE_FnctCmd       stm32f429i_discovery_ioe.o
    0x080036d8   0x080036d8   0x00000026   Code   RO         5309    i.IOE_GITCmd        stm32f429i_discovery_ioe.o
    0x080036fe   0x080036fe   0x00000024   Code   RO         5310    i.IOE_GITConfig     stm32f429i_discovery_ioe.o
    0x08003722   0x08003722   0x00000002   PAD
    0x08003724   0x08003724   0x00000080   Code   RO         5311    i.IOE_GPIO_Config   stm32f429i_discovery_ioe.o
    0x080037a4   0x080037a4   0x0000004c   Code   RO         5313    i.IOE_I2C_Config    stm32f429i_discovery_ioe.o
    0x080037f0   0x080037f0   0x00000024   Code   RO         5314    i.IOE_IOAFConfig    stm32f429i_discovery_ioe.o
    0x08003814   0x08003814   0x00000028   Code   RO         5315    i.IOE_IsOperational  stm32f429i_discovery_ioe.o
    0x0800383c   0x0800383c   0x00000020   Code   RO         5316    i.IOE_ReadID        stm32f429i_discovery_ioe.o
    0x0800385c   0x0800385c   0x0000001c   Code   RO         5317    i.IOE_Reset         stm32f429i_discovery_ioe.o
    0x08003878   0x08003878   0x0000001a   Code   RO         5318    i.IOE_TPITConfig    stm32f429i_discovery_ioe.o
    0x08003892   0x08003892   0x00000002   PAD
    0x08003894   0x08003894   0x0000007c   Code   RO         5319    i.IOE_TP_Config     stm32f429i_discovery_ioe.o
    0x08003910   0x08003910   0x00000068   Code   RO         5324    i.IOE_TimeoutUserCallback  stm32f429i_discovery_ioe.o
    0x08003978   0x08003978   0x00000168   Code   RO         5558    i.LCD_AF_GPIOConfig  stm32f429i_discovery_lcd.o
    0x08003ae0   0x08003ae0   0x00000020   Code   RO         5559    i.LCD_ChipSelect    stm32f429i_discovery_lcd.o
    0x08003b00   0x08003b00   0x0000001c   Code   RO         8276    i.LCD_Color2Index   STemWin540_CM4_OS_Keil_ot_ARGB.lib(lcd.o)
    0x08003b1c   0x08003b1c   0x00000050   Code   RO         5564    i.LCD_CtrlLinesConfig  stm32f429i_discovery_lcd.o
    0x08003b6c   0x08003b6c   0x00000014   Code   RO         5565    i.LCD_CtrlLinesWrite  stm32f429i_discovery_lcd.o
    0x08003b80   0x08003b80   0x00000280   Code   RO         8277    i.LCD_DrawBitmap    STemWin540_CM4_OS_Keil_ot_ARGB.lib(lcd.o)
    0x08003e00   0x08003e00   0x00000090   Code   RO         5577    i.LCD_DrawFullRectX  stm32f429i_discovery_lcd.o
    0x08003e90   0x08003e90   0x00000064   Code   RO         8278    i.LCD_DrawHLine     STemWin540_CM4_OS_Keil_ot_ARGB.lib(lcd.o)
    0x08003ef4   0x08003ef4   0x000000a0   Code   RO         5579    i.LCD_DrawLineX     stm32f429i_discovery_lcd.o
    0x08003f94   0x08003f94   0x00000070   Code   RO         8279    i.LCD_DrawPixel     STemWin540_CM4_OS_Keil_ot_ARGB.lib(lcd.o)
    0x08004004   0x08004004   0x00000064   Code   RO         8280    i.LCD_DrawVLine     STemWin540_CM4_OS_Keil_ot_ARGB.lib(lcd.o)
    0x08004068   0x08004068   0x0000006c   Code   RO         8281    i.LCD_FillRect      STemWin540_CM4_OS_Keil_ot_ARGB.lib(lcd.o)
    0x080040d4   0x080040d4   0x0000001e   Code   RO         7767    i.LCD_GetBitsPerPixelEx  STemWin540_CM4_OS_Keil_ot_ARGB.lib(lcd_getex.o)
    0x080040f2   0x080040f2   0x00000002   PAD
    0x080040f4   0x080040f4   0x00000010   Code   RO         8335    i.LCD_GetBkColorIndex  STemWin540_CM4_OS_Keil_ot_ARGB.lib(lcd_getcolorindex.o)
    0x08004104   0x08004104   0x00000010   Code   RO         8336    i.LCD_GetColorIndex  STemWin540_CM4_OS_Keil_ot_ARGB.lib(lcd_getcolorindex.o)
    0x08004114   0x08004114   0x00000028   Code   RO         7774    i.LCD_GetNumColors  STemWin540_CM4_OS_Keil_ot_ARGB.lib(lcd_getex.o)
    0x0800413c   0x0800413c   0x0000001e   Code   RO         7775    i.LCD_GetNumColorsEx  STemWin540_CM4_OS_Keil_ot_ARGB.lib(lcd_getex.o)
    0x0800415a   0x0800415a   0x0000001c   Code   RO         8867    i.LCD_GetNumLayers  STemWin540_CM4_OS_Keil_ot_ARGB.lib(lcd_getnumdisplays.o)
    0x08004176   0x08004176   0x00000002   PAD
    0x08004178   0x08004178   0x00000024   Code   RO         7776    i.LCD_GetPalette    STemWin540_CM4_OS_Keil_ot_ARGB.lib(lcd_getex.o)
    0x0800419c   0x0800419c   0x0000000c   Code   RO         7789    i.LCD_GetXSizeDisplay  STemWin540_CM4_OS_Keil_ot_ARGB.lib(lcd_getex.o)
    0x080041a8   0x080041a8   0x00000034   Code   RO         7791    i.LCD_GetXSizeMax   STemWin540_CM4_OS_Keil_ot_ARGB.lib(lcd_getex.o)
    0x080041dc   0x080041dc   0x0000000c   Code   RO         7795    i.LCD_GetYSizeDisplay  STemWin540_CM4_OS_Keil_ot_ARGB.lib(lcd_getex.o)
    0x080041e8   0x080041e8   0x00000034   Code   RO         7797    i.LCD_GetYSizeMax   STemWin540_CM4_OS_Keil_ot_ARGB.lib(lcd_getex.o)
    0x0800421c   0x0800421c   0x00000074   Code   RO         8318    i.LCD_GetpPalConvTableBM  STemWin540_CM4_OS_Keil_ot_ARGB.lib(lcd_color.o)
    0x08004290   0x08004290   0x0000001c   Code   RO         8282    i.LCD_Index2Color   STemWin540_CM4_OS_Keil_ot_ARGB.lib(lcd.o)
    0x080042ac   0x080042ac   0x00000030   Code   RO         7750    i.LCD_Index2Color_M565  STemWin540_CM4_OS_Keil_ot_ARGB.lib(guicc_m565.o)
    0x080042dc   0x080042dc   0x0000009a   Code   RO         5587    i.LCD_Init          stm32f429i_discovery_lcd.o
    0x08004376   0x08004376   0x00000002   PAD
    0x08004378   0x08004378   0x00000038   Code   RO         8320    i.LCD_InitColors    STemWin540_CM4_OS_Keil_ot_ARGB.lib(lcd_color.o)
    0x080043b0   0x080043b0   0x00000088   Code   RO         8321    i.LCD_InitLUT       STemWin540_CM4_OS_Keil_ot_ARGB.lib(lcd_color.o)
    0x08004438   0x08004438   0x0000009c   Code   RO         5588    i.LCD_LayerInit     stm32f429i_discovery_lcd.o
    0x080044d4   0x080044d4   0x0000028c   Code   RO         5592    i.LCD_PowerOn       stm32f429i_discovery_lcd.o
    0x08004760   0x08004760   0x000000d4   Code   RO         5594    i.LCD_SPIConfig     stm32f429i_discovery_lcd.o
    0x08004834   0x08004834   0x00000048   Code   RO         8344    i.LCD_SelectLCD     STemWin540_CM4_OS_Keil_ot_ARGB.lib(lcd_selectlcd.o)
    0x0800487c   0x0800487c   0x0000000c   Code   RO         8283    i.LCD_SetBkColor    STemWin540_CM4_OS_Keil_ot_ARGB.lib(lcd.o)
    0x08004888   0x08004888   0x00000018   Code   RO         8284    i.LCD_SetBkColorIndex  STemWin540_CM4_OS_Keil_ot_ARGB.lib(lcd.o)
    0x080048a0   0x080048a0   0x00000034   Code   RO         8871    i.LCD_SetClipRectEx  STemWin540_CM4_OS_Keil_ot_ARGB.lib(lcd_setcliprectex.o)
    0x080048d4   0x080048d4   0x0000001c   Code   RO         8285    i.LCD_SetClipRectMax  STemWin540_CM4_OS_Keil_ot_ARGB.lib(lcd.o)
    0x080048f0   0x080048f0   0x0000000c   Code   RO         8286    i.LCD_SetColor      STemWin540_CM4_OS_Keil_ot_ARGB.lib(lcd.o)
    0x080048fc   0x080048fc   0x00000018   Code   RO         8287    i.LCD_SetColorIndex  STemWin540_CM4_OS_Keil_ot_ARGB.lib(lcd.o)
    0x08004914   0x08004914   0x0000000c   Code   RO         7800    i.LCD_SetDisplaySize  STemWin540_CM4_OS_Keil_ot_ARGB.lib(lcd_getex.o)
    0x08004920   0x08004920   0x0000000c   Code   RO         8288    i.LCD_SetDrawMode   STemWin540_CM4_OS_Keil_ot_ARGB.lib(lcd.o)
    0x0800492c   0x0800492c   0x0000000c   Code   RO         5600    i.LCD_SetFont       stm32f429i_discovery_lcd.o
    0x08004938   0x08004938   0x0000002c   Code   RO         7862    i.LCD_SetLUTEntryEx  STemWin540_CM4_OS_Keil_ot_ARGB.lib(lcd_set.o)
    0x08004964   0x08004964   0x0000002c   Code   RO         5601    i.LCD_SetLayer      stm32f429i_discovery_lcd.o
    0x08004990   0x08004990   0x0000002c   Code   RO         7867    i.LCD_SetSizeEx     STemWin540_CM4_OS_Keil_ot_ARGB.lib(lcd_set.o)
    0x080049bc   0x080049bc   0x0000002c   Code   RO         7871    i.LCD_SetVSizeEx    STemWin540_CM4_OS_Keil_ot_ARGB.lib(lcd_set.o)
    0x080049e8   0x080049e8   0x00000024   Code   RO         8346    i.LCD_UpdateColorIndices  STemWin540_CM4_OS_Keil_ot_ARGB.lib(lcd_updatecolorindices.o)
    0x08004a0c   0x08004a0c   0x0000004c   Code   RO         5607    i.LCD_WriteCommand  stm32f429i_discovery_lcd.o
    0x08004a58   0x08004a58   0x00000048   Code   RO         5608    i.LCD_WriteData     stm32f429i_discovery_lcd.o
    0x08004aa0   0x08004aa0   0x00000034   Code   RO         7288    i.LCD_X_Config      lcdconf_flexcolor_template.o
    0x08004ad4   0x08004ad4   0x0000001a   Code   RO         7289    i.LCD_X_DisplayDriver  lcdconf_flexcolor_template.o
    0x08004aee   0x08004aee   0x00000002   PAD
    0x08004af0   0x08004af0   0x000001fc   Code   RO         8290    i.LCD__DrawBitmap_1bpp  STemWin540_CM4_OS_Keil_ot_ARGB.lib(lcd.o)
    0x08004cec   0x08004cec   0x0000006e   Code   RO         7801    i.LCD__GetBPP       STemWin540_CM4_OS_Keil_ot_ARGB.lib(lcd_getex.o)
    0x08004d5a   0x08004d5a   0x0000008e   Code   RO         7802    i.LCD__GetBPPDevice  STemWin540_CM4_OS_Keil_ot_ARGB.lib(lcd_getex.o)
    0x08004de8   0x08004de8   0x00000024   Code   RO         2725    i.LTDC_Cmd          stm32f4xx_ltdc.o
    0x08004e0c   0x08004e0c   0x00000024   Code   RO         2729    i.LTDC_DitherCmd    stm32f4xx_ltdc.o
    0x08004e30   0x08004e30   0x00000188   Code   RO         2736    i.LTDC_Init         stm32f4xx_ltdc.o
    0x08004fb8   0x08004fb8   0x00000016   Code   RO         2740    i.LTDC_LayerCmd     stm32f4xx_ltdc.o
    0x08004fce   0x08004fce   0x00000114   Code   RO         2741    i.LTDC_LayerInit    stm32f4xx_ltdc.o
    0x080050e2   0x080050e2   0x00000002   PAD
    0x080050e4   0x080050e4   0x0000000c   Code   RO         2748    i.LTDC_ReloadConfig  stm32f4xx_ltdc.o
    0x080050f0   0x080050f0   0x00000004   Code   RO          274    i.MemManage_Handler  stm32f4xx_it.o
    0x080050f4   0x080050f4   0x00000002   Code   RO          275    i.NMI_Handler       stm32f4xx_it.o
    0x080050f6   0x080050f6   0x00000002   PAD
    0x080050f8   0x080050f8   0x00000078   Code   RO          439    i.NVIC_Init         misc.o
    0x08005170   0x08005170   0x00000020   Code   RO         3024    i.RCC_AHB1PeriphClockCmd  stm32f4xx_rcc.o
    0x08005190   0x08005190   0x00000020   Code   RO         3026    i.RCC_AHB1PeriphResetCmd  stm32f4xx_rcc.o
    0x080051b0   0x080051b0   0x00000020   Code   RO         3030    i.RCC_AHB3PeriphClockCmd  stm32f4xx_rcc.o
    0x080051d0   0x080051d0   0x00000020   Code   RO         3033    i.RCC_APB1PeriphClockCmd  stm32f4xx_rcc.o
    0x080051f0   0x080051f0   0x00000020   Code   RO         3035    i.RCC_APB1PeriphResetCmd  stm32f4xx_rcc.o
    0x08005210   0x08005210   0x00000020   Code   RO         3036    i.RCC_APB2PeriphClockCmd  stm32f4xx_rcc.o
    0x08005230   0x08005230   0x00000020   Code   RO         3038    i.RCC_APB2PeriphResetCmd  stm32f4xx_rcc.o
    0x08005250   0x08005250   0x000000e8   Code   RO         3045    i.RCC_GetClocksFreq  stm32f4xx_rcc.o
    0x08005338   0x08005338   0x00000040   Code   RO         3046    i.RCC_GetFlagStatus  stm32f4xx_rcc.o
    0x08005378   0x08005378   0x00000018   Code   RO         3056    i.RCC_LTDCCLKDivConfig  stm32f4xx_rcc.o
    0x08005390   0x08005390   0x0000000c   Code   RO         3065    i.RCC_PLLSAICmd     stm32f4xx_rcc.o
    0x0800539c   0x0800539c   0x00000018   Code   RO         3066    i.RCC_PLLSAIConfig  stm32f4xx_rcc.o
    0x080053b4   0x080053b4   0x00000204   Code   RO         5896    i.SDRAM_GPIOConfig  stm32f429i_discovery_sdram.o
    0x080055b8   0x080055b8   0x00000068   Code   RO         5897    i.SDRAM_Init        stm32f429i_discovery_sdram.o
    0x08005620   0x08005620   0x000000c8   Code   RO         5898    i.SDRAM_InitSequence  stm32f429i_discovery_sdram.o
    0x080056e8   0x080056e8   0x00000018   Code   RO         4135    i.SPI_Cmd           stm32f4xx_spi.o
    0x08005700   0x08005700   0x000000b0   Code   RO         4142    i.SPI_I2S_DeInit    stm32f4xx_spi.o
    0x080057b0   0x080057b0   0x00000012   Code   RO         4143    i.SPI_I2S_GetFlagStatus  stm32f4xx_spi.o
    0x080057c2   0x080057c2   0x00000004   Code   RO         4147    i.SPI_I2S_SendData  stm32f4xx_spi.o
    0x080057c6   0x080057c6   0x0000003c   Code   RO         4148    i.SPI_Init          stm32f4xx_spi.o
    0x08005802   0x08005802   0x00000002   PAD
    0x08005804   0x08005804   0x0000004c   Code   RO         5161    i.STM_EVAL_LEDInit  stm32f429i_discovery.o
    0x08005850   0x08005850   0x00000024   Code   RO         5164    i.STM_EVAL_LEDToggle  stm32f429i_discovery.o
    0x08005874   0x08005874   0x000000ac   Code   RO         5166    i.STM_EVAL_PBInit   stm32f429i_discovery.o
    0x08005920   0x08005920   0x00000040   Code   RO         4296    i.SYSCFG_EXTILineConfig  stm32f4xx_syscfg.o
    0x08005960   0x08005960   0x00000124   Code   RO          324    i.SetSysClock       system_stm32f4xx.o
    0x08005a84   0x08005a84   0x00000034   Code   RO         6968    i.SysTick_Handler   port.o
    0x08005ab8   0x08005ab8   0x00000068   Code   RO          326    i.SystemInit        system_stm32f4xx.o
    0x08005b20   0x08005b20   0x00000004   Code   RO          276    i.UsageFault_Handler  stm32f4xx_it.o
    0x08005b24   0x08005b24   0x00000010   Code   RO         8455    i.WM_Activate       STemWin540_CM4_OS_Keil_ot_ARGB.lib(wm.o)
    0x08005b34   0x08005b34   0x00000096   Code   RO         8561    i.WM_BringToBottom  STemWin540_CM4_OS_Keil_ot_ARGB.lib(wm_lib.o)
    0x08005bca   0x08005bca   0x00000002   PAD
    0x08005bcc   0x08005bcc   0x00000158   Code   RO         8457    i.WM_CreateWindowAsChild  STemWin540_CM4_OS_Keil_ot_ARGB.lib(wm.o)
    0x08005d24   0x08005d24   0x00000046   Code   RO         8459    i.WM_DefaultProc    STemWin540_CM4_OS_Keil_ot_ARGB.lib(wm.o)
    0x08005d6a   0x08005d6a   0x00000002   PAD
    0x08005d6c   0x08005d6c   0x00000018   Code   RO         8574    i.WM_GetDesktopWindow  STemWin540_CM4_OS_Keil_ot_ARGB.lib(wm_lib.o)
    0x08005d84   0x08005d84   0x0000001a   Code   RO         8577    i.WM_GetFirstChild  STemWin540_CM4_OS_Keil_ot_ARGB.lib(wm_lib.o)
    0x08005d9e   0x08005d9e   0x0000001a   Code   RO         8590    i.WM_GetParent      STemWin540_CM4_OS_Keil_ot_ARGB.lib(wm_lib.o)
    0x08005db8   0x08005db8   0x000000d8   Code   RO         8465    i.WM_Init           STemWin540_CM4_OS_Keil_ot_ARGB.lib(wm.o)
    0x08005e90   0x08005e90   0x000000e0   Code   RO         8466    i.WM_InvalidateRect  STemWin540_CM4_OS_Keil_ot_ARGB.lib(wm.o)
    0x08005f70   0x08005f70   0x0000006e   Code   RO         8468    i.WM_InvalidateWindowAndDescsEx  STemWin540_CM4_OS_Keil_ot_ARGB.lib(wm.o)
    0x08005fde   0x08005fde   0x00000002   PAD
    0x08005fe0   0x08005fe0   0x00000070   Code   RO         8469    i.WM_SelectWindow   STemWin540_CM4_OS_Keil_ot_ARGB.lib(wm.o)
    0x08006050   0x08006050   0x00000036   Code   RO         8615    i.WM_SendToParent   STemWin540_CM4_OS_Keil_ot_ARGB.lib(wm_lib.o)
    0x08006086   0x08006086   0x00000002   PAD
    0x08006088   0x08006088   0x000000d0   Code   RO         8472    i.WM__ActivateClipRect  STemWin540_CM4_OS_Keil_ot_ARGB.lib(wm.o)
    0x08006158   0x08006158   0x00000010   Code   RO         8919    i.WM__AddCriticalHandle  STemWin540_CM4_OS_Keil_ot_ARGB.lib(wm__private.o)
    0x08006168   0x08006168   0x00000058   Code   RO         8474    i.WM__ClipAtParentBorders  STemWin540_CM4_OS_Keil_ot_ARGB.lib(wm.o)
    0x080061c0   0x080061c0   0x00000020   Code   RO         8921    i.WM__GetClientRectEx  STemWin540_CM4_OS_Keil_ot_ARGB.lib(wm__private.o)
    0x080061e0   0x080061e0   0x00000018   Code   RO         8477    i.WM__GetClientRectWin  STemWin540_CM4_OS_Keil_ot_ARGB.lib(wm.o)
    0x080061f8   0x080061f8   0x0000033c   Code   RO         8478    i.WM__GetNextIVR    STemWin540_CM4_OS_Keil_ot_ARGB.lib(wm.o)
    0x08006534   0x08006534   0x00000030   Code   RO         8927    i.WM__GetPrevSibling  STemWin540_CM4_OS_Keil_ot_ARGB.lib(wm__private.o)
    0x08006564   0x08006564   0x00000104   Code   RO         8480    i.WM__InitIVRSearch  STemWin540_CM4_OS_Keil_ot_ARGB.lib(wm.o)
    0x08006668   0x08006668   0x000000b6   Code   RO         8481    i.WM__InsertWindowIntoList  STemWin540_CM4_OS_Keil_ot_ARGB.lib(wm.o)
    0x0800671e   0x0800671e   0x00000002   PAD
    0x08006720   0x08006720   0x00000058   Code   RO         8483    i.WM__InvalidateDrawAndDescs  STemWin540_CM4_OS_Keil_ot_ARGB.lib(wm.o)
    0x08006778   0x08006778   0x000000d2   Code   RO         8485    i.WM__InvalidateRect  STemWin540_CM4_OS_Keil_ot_ARGB.lib(wm.o)
    0x0800684a   0x0800684a   0x00000006   Code   RO         8486    i.WM__InvalidateRectEx  STemWin540_CM4_OS_Keil_ot_ARGB.lib(wm.o)
    0x08006850   0x08006850   0x0000003c   Code   RO         8935    i.WM__SendMessage   STemWin540_CM4_OS_Keil_ot_ARGB.lib(wm__private.o)
    0x0800688c   0x0800688c   0x000000bc   Code   RO         7434    i._AddFreeMemory    STemWin540_CM4_OS_Keil_ot_ARGB.lib(gui_alloc.o)
    0x08006948   0x08006948   0x000001e4   Code   RO         7435    i._Alloc            STemWin540_CM4_OS_Keil_ot_ARGB.lib(gui_alloc.o)
    0x08006b2c   0x08006b2c   0x00000004   Code   RO         8255    i._CalcSizeOfChar   STemWin540_CM4_OS_Keil_ot_ARGB.lib(gui_uc_encodenone.o)
    0x08006b30   0x08006b30   0x00000098   Code   RO         7751    i._Color2IndexBulk  STemWin540_CM4_OS_Keil_ot_ARGB.lib(guicc_m565.o)
    0x08006bc8   0x08006bc8   0x0000006e   Code   RO         8858    i._Color2Index_0    STemWin540_CM4_OS_Keil_ot_ARGB.lib(guicc_0.o)
    0x08006c36   0x08006c36   0x00000002   PAD
    0x08006c38   0x08006c38   0x0000002c   Code   RO         7752    i._Color2Index_M565  STemWin540_CM4_OS_Keil_ot_ARGB.lib(guicc_m565.o)
    0x08006c64   0x08006c64   0x0000002a   Code   RO         7109    i._DrawBitLine16BPP  guidrv_template.o
    0x08006c8e   0x08006c8e   0x00000002   PAD
    0x08006c90   0x08006c90   0x000000f0   Code   RO         7110    i._DrawBitLine1BPP  guidrv_template.o
    0x08006d80   0x08006d80   0x0000016c   Code   RO         7111    i._DrawBitLine2BPP  guidrv_template.o
    0x08006eec   0x08006eec   0x0000002a   Code   RO         7112    i._DrawBitLine32BPP  guidrv_template.o
    0x08006f16   0x08006f16   0x00000002   PAD
    0x08006f18   0x08006f18   0x0000016c   Code   RO         7113    i._DrawBitLine4BPP  guidrv_template.o
    0x08007084   0x08007084   0x000000b0   Code   RO         7114    i._DrawBitLine8BPP  guidrv_template.o
    0x08007134   0x08007134   0x000000fa   Code   RO         7115    i._DrawBitmap       guidrv_template.o
    0x0800722e   0x0800722e   0x00000002   PAD
    0x08007230   0x08007230   0x00000840   Code   RO         8010    i._DrawBitmap       STemWin540_CM4_OS_Keil_ot_ARGB.lib(guidev_16.o)
    0x08007a70   0x08007a70   0x00000030   Code   RO         7116    i._DrawHLine        guidrv_template.o
    0x08007aa0   0x08007aa0   0x0000000a   Code   RO         8011    i._DrawHLine        STemWin540_CM4_OS_Keil_ot_ARGB.lib(guidev_16.o)
    0x08007aaa   0x08007aaa   0x00000002   PAD
    0x08007aac   0x08007aac   0x00000030   Code   RO         7117    i._DrawVLine        guidrv_template.o
    0x08007adc   0x08007adc   0x00000114   Code   RO         8012    i._DrawVLine        STemWin540_CM4_OS_Keil_ot_ARGB.lib(guidev_16.o)
    0x08007bf0   0x08007bf0   0x00000006   Code   RO         8256    i._Encode           STemWin540_CM4_OS_Keil_ot_ARGB.lib(gui_uc_encodenone.o)
    0x08007bf6   0x08007bf6   0x00000002   PAD
    0x08007bf8   0x08007bf8   0x000000d0   Code   RO         7436    i._EnlargeBlocks    STemWin540_CM4_OS_Keil_ot_ARGB.lib(gui_alloc.o)
    0x08007cc8   0x08007cc8   0x00000044   Code   RO         7118    i._FillRect         guidrv_template.o
    0x08007d0c   0x08007d0c   0x000000f4   Code   RO         8013    i._FillRect         STemWin540_CM4_OS_Keil_ot_ARGB.lib(guidev_16.o)
    0x08007e00   0x08007e00   0x0000008a   Code   RO         8497    i._Findx0           STemWin540_CM4_OS_Keil_ot_ARGB.lib(wm.o)
    0x08007e8a   0x08007e8a   0x00000080   Code   RO         8498    i._Findx1           STemWin540_CM4_OS_Keil_ot_ARGB.lib(wm.o)
    0x08007f0a   0x08007f0a   0x000000b4   Code   RO         8499    i._Findy1           STemWin540_CM4_OS_Keil_ot_ARGB.lib(wm.o)
    0x08007fbe   0x08007fbe   0x00000004   Code   RO         8257    i._GetCharCode      STemWin540_CM4_OS_Keil_ot_ARGB.lib(gui_uc_encodenone.o)
    0x08007fc2   0x08007fc2   0x00000004   Code   RO         8258    i._GetCharSize      STemWin540_CM4_OS_Keil_ot_ARGB.lib(gui_uc_encodenone.o)
    0x08007fc6   0x08007fc6   0x00000002   PAD
    0x08007fc8   0x08007fc8   0x00000014   Code   RO         7119    i._GetDevData       guidrv_template.o
    0x08007fdc   0x08007fdc   0x00000010   Code   RO         8014    i._GetDevData       STemWin540_CM4_OS_Keil_ot_ARGB.lib(guidev_16.o)
    0x08007fec   0x08007fec   0x00000054   Code   RO         7120    i._GetDevFunc       guidrv_template.o
    0x08008040   0x08008040   0x00000010   Code   RO         8015    i._GetDevFunc       STemWin540_CM4_OS_Keil_ot_ARGB.lib(guidev_16.o)
    0x08008050   0x08008050   0x00000050   Code   RO         7121    i._GetDevProp       guidrv_template.o
    0x080080a0   0x080080a0   0x0000001a   Code   RO         8016    i._GetDevProp       STemWin540_CM4_OS_Keil_ot_ARGB.lib(guidev_16.o)
    0x080080ba   0x080080ba   0x00000052   Code   RO         8859    i._GetIndexMask_0   STemWin540_CM4_OS_Keil_ot_ARGB.lib(guicc_0.o)
    0x0800810c   0x0800810c   0x00000006   Code   RO         7753    i._GetIndexMask_M565  STemWin540_CM4_OS_Keil_ot_ARGB.lib(guicc_m565.o)
    0x08008112   0x08008112   0x00000016   Code   RO         7122    i._GetPixelIndex    guidrv_template.o
    0x08008128   0x08008128   0x0000003c   Code   RO         8017    i._GetPixelIndex    STemWin540_CM4_OS_Keil_ot_ARGB.lib(guidev_16.o)
    0x08008164   0x08008164   0x0000001a   Code   RO         7123    i._GetRect          guidrv_template.o
    0x0800817e   0x0800817e   0x00000034   Code   RO         8018    i._GetRect          STemWin540_CM4_OS_Keil_ot_ARGB.lib(guidev_16.o)
    0x080081b2   0x080081b2   0x00000002   PAD
    0x080081b4   0x080081b4   0x000000b0   Code   RO         7754    i._Index2ColorBulk  STemWin540_CM4_OS_Keil_ot_ARGB.lib(guicc_m565.o)
    0x08008264   0x08008264   0x00000020   Code   RO         8860    i._Index2Color_0    STemWin540_CM4_OS_Keil_ot_ARGB.lib(guicc_0.o)
    0x08008284   0x08008284   0x0000001c   Code   RO         7124    i._Init             guidrv_template.o
    0x080082a0   0x080082a0   0x0000002c   Code   RO         7125    i._InitOnce         guidrv_template.o
    0x080082cc   0x080082cc   0x000000b8   Code   RO         7437    i._InitOnce         STemWin540_CM4_OS_Keil_ot_ARGB.lib(gui_alloc.o)
    0x08008384   0x08008384   0x000000f4   Code   RO         8500    i._Invalidate1Abs   STemWin540_CM4_OS_Keil_ot_ARGB.lib(wm.o)
    0x08008478   0x08008478   0x00000010   Code   RO         7126    i._Off              guidrv_template.o
    0x08008488   0x08008488   0x00000010   Code   RO         7127    i._On               guidrv_template.o
    0x08008498   0x08008498   0x00000038   Code   RO         7667    i._OnExit           STemWin540_CM4_OS_Keil_ot_ARGB.lib(gui_core.o)
    0x080084d0   0x080084d0   0x00000014   Code   RO         8228    i._OnExit           STemWin540_CM4_OS_Keil_ot_ARGB.lib(gui_task.o)
    0x080084e4   0x080084e4   0x00000018   Code   RO         8324    i._OnExit           STemWin540_CM4_OS_Keil_ot_ARGB.lib(lcd_color.o)
    0x080084fc   0x080084fc   0x00000078   Code   RO         8501    i._OnExit           STemWin540_CM4_OS_Keil_ot_ARGB.lib(wm.o)
    0x08008574   0x08008574   0x0000005c   Code   RO         7438    i._RemoveFreeBlock  STemWin540_CM4_OS_Keil_ot_ARGB.lib(gui_alloc.o)
    0x080085d0   0x080085d0   0x000000d0   Code   RO         7439    i._RemoveHoles      STemWin540_CM4_OS_Keil_ot_ARGB.lib(gui_alloc.o)
    0x080086a0   0x080086a0   0x00000038   Code   RO         8291    i._SetBkColor       STemWin540_CM4_OS_Keil_ot_ARGB.lib(lcd.o)
    0x080086d8   0x080086d8   0x00000038   Code   RO         8292    i._SetColor         STemWin540_CM4_OS_Keil_ot_ARGB.lib(lcd.o)
    0x08008710   0x08008710   0x00000038   Code   RO         8293    i._SetDrawMode      STemWin540_CM4_OS_Keil_ot_ARGB.lib(lcd.o)
    0x08008748   0x08008748   0x00000020   Code   RO         7128    i._SetLUTEntry      guidrv_template.o
    0x08008768   0x08008768   0x0000001e   Code   RO         7129    i._SetOrg           guidrv_template.o
    0x08008786   0x08008786   0x0000000e   Code   RO         8019    i._SetOrg           STemWin540_CM4_OS_Keil_ot_ARGB.lib(guidev_16.o)
    0x08008794   0x08008794   0x00000016   Code   RO         7130    i._SetPixelIndex    guidrv_template.o
    0x080087aa   0x080087aa   0x00000002   PAD
    0x080087ac   0x080087ac   0x00000070   Code   RO         8020    i._SetPixelIndex    STemWin540_CM4_OS_Keil_ot_ARGB.lib(guidev_16.o)
    0x0800881c   0x0800881c   0x0000003e   Code   RO         7131    i._SetSize          guidrv_template.o
    0x0800885a   0x0800885a   0x00000026   Code   RO         7132    i._SetVRAMAddr      guidrv_template.o
    0x08008880   0x08008880   0x00000020   Code   RO         7133    i._SetVSize         guidrv_template.o
    0x080088a0   0x080088a0   0x00000030   Code   RO         7134    i._XorPixel         guidrv_template.o
    0x080088d0   0x080088d0   0x00000078   Code   RO         8021    i._XorPixel         STemWin540_CM4_OS_Keil_ot_ARGB.lib(guidev_16.o)
    0x08008948   0x08008948   0x000000a0   Code   RO         8503    i._cbBackWin        STemWin540_CM4_OS_Keil_ot_ARGB.lib(wm.o)
    0x080089e8   0x080089e8   0x00000024   Code   RO         5325    i.delay             stm32f429i_discovery_ioe.o
    0x08008a0c   0x08008a0c   0x0000001c   Code   RO         5610    i.delay             stm32f429i_discovery_lcd.o
    0x08008a28   0x08008a28   0x00000024   Code   RO         5901    i.delay             stm32f429i_discovery_sdram.o
    0x08008a4c   0x08008a4c   0x00000012   Code   RO         7135    i.dwr               guidrv_template.o
    0x08008a5e   0x08008a5e   0x00000002   PAD
    0x08008a60   0x08008a60   0x000000c0   Code   RO         8294    i.emWin_LCD_Init    STemWin540_CM4_OS_Keil_ot_ARGB.lib(lcd.o)
    0x08008b20   0x08008b20   0x0000005c   Code   RO          368    i.freeRtosInit      freertos.o
    0x08008b7c   0x08008b7c   0x00000048   Code   RO          154    i.main              main.o
    0x08008bc4   0x08008bc4   0x00000098   Code   RO         6470    i.prvAddCurrentTaskToDelayedList  tasks.o
    0x08008c5c   0x08008c5c   0x000000b8   Code   RO         6471    i.prvAddNewTaskToReadyList  tasks.o
    0x08008d14   0x08008d14   0x00000064   Code   RO         6822    i.prvCheckForValidListAndQueue  timers.o
    0x08008d78   0x08008d78   0x00000048   Code   RO         6472    i.prvCheckTasksWaitingTermination  tasks.o
    0x08008dc0   0x08008dc0   0x0000002a   Code   RO         6093    i.prvCopyDataFromQueue  queue.o
    0x08008dea   0x08008dea   0x0000007e   Code   RO         6094    i.prvCopyDataToQueue  queue.o
    0x08008e68   0x08008e68   0x00000012   Code   RO         6473    i.prvDeleteTCB      tasks.o
    0x08008e7a   0x08008e7a   0x00000014   Code   RO         6095    i.prvGetDisinheritPriorityAfterTimeout  queue.o
    0x08008e8e   0x08008e8e   0x00000002   PAD
    0x08008e90   0x08008e90   0x00000028   Code   RO         6823    i.prvGetNextExpireTime  timers.o
    0x08008eb8   0x08008eb8   0x0000007c   Code   RO         7044    i.prvHeapInit       heap_4.o
    0x08008f34   0x08008f34   0x0000002c   Code   RO         6474    i.prvIdleTask       tasks.o
    0x08008f60   0x08008f60   0x0000001e   Code   RO         6096    i.prvInitialiseMutex  queue.o
    0x08008f7e   0x08008f7e   0x0000002a   Code   RO         6097    i.prvInitialiseNewQueue  queue.o
    0x08008fa8   0x08008fa8   0x000000cc   Code   RO         6475    i.prvInitialiseNewTask  tasks.o
    0x08009074   0x08009074   0x00000068   Code   RO         6476    i.prvInitialiseTaskLists  tasks.o
    0x080090dc   0x080090dc   0x00000068   Code   RO         7045    i.prvInsertBlockIntoFreeList  heap_4.o
    0x08009144   0x08009144   0x00000058   Code   RO         6825    i.prvInsertTimerInActiveList  timers.o
    0x0800919c   0x0800919c   0x0000001a   Code   RO         6098    i.prvIsQueueEmpty   queue.o
    0x080091b6   0x080091b6   0x0000001e   Code   RO         6099    i.prvIsQueueFull    queue.o
    0x080091d4   0x080091d4   0x00000064   Code   RO         6826    i.prvProcessExpiredTimer  timers.o
    0x08009238   0x08009238   0x000000f4   Code   RO         6827    i.prvProcessReceivedCommands  timers.o
    0x0800932c   0x0800932c   0x00000074   Code   RO         6828    i.prvProcessTimerOrBlockTask  timers.o
    0x080093a0   0x080093a0   0x00000034   Code   RO         6478    i.prvResetNextTaskUnblockTime  tasks.o
    0x080093d4   0x080093d4   0x0000002c   Code   RO         6829    i.prvSampleTimeNow  timers.o
    0x08009400   0x08009400   0x000000a0   Code   RO         6830    i.prvSwitchTimerLists  timers.o
    0x080094a0   0x080094a0   0x00000040   Code   RO         6969    i.prvTaskExitError  port.o
    0x080094e0   0x080094e0   0x0000001a   Code   RO         6831    i.prvTimerTask      timers.o
    0x080094fa   0x080094fa   0x0000007e   Code   RO         6100    i.prvUnlockQueue    queue.o
    0x08009578   0x08009578   0x00000148   Code   RO         7046    i.pvPortMalloc      heap_4.o
    0x080096c0   0x080096c0   0x00000020   Code   RO         6481    i.pvTaskIncrementMutexHeldCount  tasks.o
    0x080096e0   0x080096e0   0x0000002c   Code   RO         6970    i.pxPortInitialiseStack  port.o
    0x0800970c   0x0800970c   0x00000064   Code   RO         5237    i.sEE_Init          stm32f429i_discovery_i2c_ee.o
    0x08009770   0x08009770   0x0000015c   Code   RO         5169    i.sEE_LowLevel_Init  stm32f429i_discovery.o
    0x080098cc   0x080098cc   0x00000004   Code   RO          155    i.sEE_TIMEOUT_UserCallback  main.o
    0x080098d0   0x080098d0   0x00000028   Code   RO         6053    i.uxListRemove      list.o
    0x080098f8   0x080098f8   0x00000002   Code   RO          156    i.vApplicationIdleHook  main.o
    0x080098fa   0x080098fa   0x00000002   Code   RO          157    i.vApplicationMallocFailedHook  main.o
    0x080098fc   0x080098fc   0x00000002   Code   RO          158    i.vApplicationStackOverflowHook  main.o
    0x080098fe   0x080098fe   0x00000002   Code   RO          159    i.vApplicationTickHook  main.o
    0x08009900   0x08009900   0x0000001a   Code   RO         6054    i.vListInitialise   list.o
    0x0800991a   0x0800991a   0x00000006   Code   RO         6055    i.vListInitialiseItem  list.o
    0x08009920   0x08009920   0x00000034   Code   RO         6056    i.vListInsert       list.o
    0x08009954   0x08009954   0x00000018   Code   RO         6057    i.vListInsertEnd    list.o
    0x0800996c   0x0800996c   0x00000054   Code   RO         6972    i.vPortEnterCritical  port.o
    0x080099c0   0x080099c0   0x0000003c   Code   RO         6973    i.vPortExitCritical  port.o
    0x080099fc   0x080099fc   0x00000094   Code   RO         7047    i.vPortFree         heap_4.o
    0x08009a90   0x08009a90   0x00000028   Code   RO         6974    i.vPortSetupTimerInterrupt  port.o
    0x08009ab8   0x08009ab8   0x00000078   Code   RO         6975    i.vPortValidateInterruptPriority  port.o
    0x08009b30   0x08009b30   0x0000002c   Code   RO         6106    i.vQueueAddToRegistry  queue.o
    0x08009b5c   0x08009b5c   0x0000004a   Code   RO         6110    i.vQueueWaitForMessageRestricted  queue.o
    0x08009ba6   0x08009ba6   0x00000002   PAD
    0x08009ba8   0x08009ba8   0x00000054   Code   RO          369    i.vTaskCode1        freertos.o
    0x08009bfc   0x08009bfc   0x00000010   Code   RO          370    i.vTaskCode2        freertos.o
    0x08009c0c   0x08009c0c   0x0000005c   Code   RO         6489    i.vTaskDelay        tasks.o
    0x08009c68   0x08009c68   0x00000018   Code   RO         6494    i.vTaskInternalSetTimeOutState  tasks.o
    0x08009c80   0x08009c80   0x0000000c   Code   RO         6495    i.vTaskMissedYield  tasks.o
    0x08009c8c   0x08009c8c   0x00000038   Code   RO         6497    i.vTaskPlaceOnEventList  tasks.o
    0x08009cc4   0x08009cc4   0x00000040   Code   RO         6498    i.vTaskPlaceOnEventListRestricted  tasks.o
    0x08009d04   0x08009d04   0x000000f4   Code   RO         6500    i.vTaskPriorityDisinheritAfterTimeout  tasks.o
    0x08009df8   0x08009df8   0x00000094   Code   RO         6506    i.vTaskStartScheduler  tasks.o
    0x08009e8c   0x08009e8c   0x00000010   Code   RO         6508    i.vTaskSuspendAll   tasks.o
    0x08009e9c   0x08009e9c   0x000000c4   Code   RO         6509    i.vTaskSwitchContext  tasks.o
    0x08009f60   0x08009f60   0x00000168   Code   RO         6976    i.xPortStartScheduler  port.o
    0x0800a0c8   0x0800a0c8   0x00000022   Code   RO         6112    i.xQueueCreateMutex  queue.o
    0x0800a0ea   0x0800a0ea   0x0000005a   Code   RO         6113    i.xQueueGenericCreate  queue.o
    0x0800a144   0x0800a144   0x00000098   Code   RO         6114    i.xQueueGenericReset  queue.o
    0x0800a1dc   0x0800a1dc   0x000001a8   Code   RO         6115    i.xQueueGenericSend  queue.o
    0x0800a384   0x0800a384   0x000000f8   Code   RO         6116    i.xQueueGenericSendFromISR  queue.o
    0x0800a47c   0x0800a47c   0x00000168   Code   RO         6123    i.xQueueReceive     queue.o
    0x0800a5e4   0x0800a5e4   0x000001b8   Code   RO         6125    i.xQueueSemaphoreTake  queue.o
    0x0800a79c   0x0800a79c   0x0000008c   Code   RO         6510    i.xTaskCheckForTimeOut  tasks.o
    0x0800a828   0x0800a828   0x00000060   Code   RO         6511    i.xTaskCreate       tasks.o
    0x0800a888   0x0800a888   0x0000000c   Code   RO         6514    i.xTaskGetCurrentTaskHandle  tasks.o
    0x0800a894   0x0800a894   0x00000020   Code   RO         6515    i.xTaskGetSchedulerState  tasks.o
    0x0800a8b4   0x0800a8b4   0x0000000c   Code   RO         6516    i.xTaskGetTickCount  tasks.o
    0x0800a8c0   0x0800a8c0   0x00000154   Code   RO         6518    i.xTaskIncrementTick  tasks.o
    0x0800aa14   0x0800aa14   0x000000c8   Code   RO         6521    i.xTaskPriorityDisinherit  tasks.o
    0x0800aadc   0x0800aadc   0x000000c8   Code   RO         6522    i.xTaskPriorityInherit  tasks.o
    0x0800aba4   0x0800aba4   0x00000098   Code   RO         6523    i.xTaskRemoveFromEventList  tasks.o
    0x0800ac3c   0x0800ac3c   0x00000104   Code   RO         6524    i.xTaskResumeAll    tasks.o
    0x0800ad40   0x0800ad40   0x00000058   Code   RO         6837    i.xTimerCreateTimerTask  timers.o
    0x0800ad98   0x0800ad98   0x00000084   Code   RO         6838    i.xTimerGenericCommand  timers.o
    0x0800ae1c   0x0800ae1c   0x0000000a   Code   RO         9553    x$fpl$fpinit        fz_wm.l(fpinit.o)
    0x0800ae26   0x0800ae26   0x00000002   PAD
    0x0800ae28   0x0800ae28   0x00000019   Data   RO         5171    .constdata          stm32f429i_discovery.o
    0x0800ae41   0x0800ae41   0x00000001   PAD
    0x0800ae42   0x0800ae42   0x000029d0   Data   RO         5611    .constdata          stm32f429i_discovery_lcd.o
    0x0800d812   0x0800d812   0x00000002   PAD
    0x0800d814   0x0800d814   0x00000034   Data   RO         7136    .constdata          guidrv_template.o
    0x0800d848   0x0800d848   0x00000008   Data   RO         7669    .constdata          STemWin540_CM4_OS_Keil_ot_ARGB.lib(gui_core.o)
    0x0800d850   0x0800d850   0x00000044   Data   RO         7737    .constdata          STemWin540_CM4_OS_Keil_ot_ARGB.lib(gui_drawline.o)
    0x0800d894   0x0800d894   0x00000018   Data   RO         7755    .constdata          STemWin540_CM4_OS_Keil_ot_ARGB.lib(guicc_m565.o)
    0x0800d8ac   0x0800d8ac   0x00000518   Data   RO         7904    .constdata          STemWin540_CM4_OS_Keil_ot_ARGB.lib(f6x8.o)
    0x0800ddc4   0x0800ddc4   0x000001c0   Data   RO         7905    .constdata          STemWin540_CM4_OS_Keil_ot_ARGB.lib(f6x8.o)
    0x0800df84   0x0800df84   0x00000008   Data   RO         7906    .constdata          STemWin540_CM4_OS_Keil_ot_ARGB.lib(f6x8.o)
    0x0800df8c   0x0800df8c   0x00000014   Data   RO         7907    .constdata          STemWin540_CM4_OS_Keil_ot_ARGB.lib(f6x8.o)
    0x0800dfa0   0x0800dfa0   0x00000024   Data   RO         7908    .constdata          STemWin540_CM4_OS_Keil_ot_ARGB.lib(f6x8.o)
    0x0800dfc4   0x0800dfc4   0x00000020   Data   RO         7910    .constdata          STemWin540_CM4_OS_Keil_ot_ARGB.lib(f32_1.o)
    0x0800dfe4   0x0800dfe4   0x00000020   Data   RO         7911    .constdata          STemWin540_CM4_OS_Keil_ot_ARGB.lib(f32_1.o)
    0x0800e004   0x0800e004   0x00000040   Data   RO         7912    .constdata          STemWin540_CM4_OS_Keil_ot_ARGB.lib(f32_1.o)
    0x0800e044   0x0800e044   0x00000040   Data   RO         7913    .constdata          STemWin540_CM4_OS_Keil_ot_ARGB.lib(f32_1.o)
    0x0800e084   0x0800e084   0x00000040   Data   RO         7914    .constdata          STemWin540_CM4_OS_Keil_ot_ARGB.lib(f32_1.o)
    0x0800e0c4   0x0800e0c4   0x00000040   Data   RO         7915    .constdata          STemWin540_CM4_OS_Keil_ot_ARGB.lib(f32_1.o)
    0x0800e104   0x0800e104   0x00000020   Data   RO         7916    .constdata          STemWin540_CM4_OS_Keil_ot_ARGB.lib(f32_1.o)
    0x0800e124   0x0800e124   0x00000040   Data   RO         7917    .constdata          STemWin540_CM4_OS_Keil_ot_ARGB.lib(f32_1.o)
    0x0800e164   0x0800e164   0x00000040   Data   RO         7918    .constdata          STemWin540_CM4_OS_Keil_ot_ARGB.lib(f32_1.o)
    0x0800e1a4   0x0800e1a4   0x00000060   Data   RO         7919    .constdata          STemWin540_CM4_OS_Keil_ot_ARGB.lib(f32_1.o)
    0x0800e204   0x0800e204   0x00000040   Data   RO         7920    .constdata          STemWin540_CM4_OS_Keil_ot_ARGB.lib(f32_1.o)
    0x0800e244   0x0800e244   0x00000040   Data   RO         7921    .constdata          STemWin540_CM4_OS_Keil_ot_ARGB.lib(f32_1.o)
    0x0800e284   0x0800e284   0x00000040   Data   RO         7922    .constdata          STemWin540_CM4_OS_Keil_ot_ARGB.lib(f32_1.o)
    0x0800e2c4   0x0800e2c4   0x00000040   Data   RO         7923    .constdata          STemWin540_CM4_OS_Keil_ot_ARGB.lib(f32_1.o)
    0x0800e304   0x0800e304   0x00000060   Data   RO         7924    .constdata          STemWin540_CM4_OS_Keil_ot_ARGB.lib(f32_1.o)
    0x0800e364   0x0800e364   0x00000040   Data   RO         7925    .constdata          STemWin540_CM4_OS_Keil_ot_ARGB.lib(f32_1.o)
    0x0800e3a4   0x0800e3a4   0x00000040   Data   RO         7926    .constdata          STemWin540_CM4_OS_Keil_ot_ARGB.lib(f32_1.o)
    0x0800e3e4   0x0800e3e4   0x00000040   Data   RO         7927    .constdata          STemWin540_CM4_OS_Keil_ot_ARGB.lib(f32_1.o)
    0x0800e424   0x0800e424   0x00000040   Data   RO         7928    .constdata          STemWin540_CM4_OS_Keil_ot_ARGB.lib(f32_1.o)
    0x0800e464   0x0800e464   0x00000040   Data   RO         7929    .constdata          STemWin540_CM4_OS_Keil_ot_ARGB.lib(f32_1.o)
    0x0800e4a4   0x0800e4a4   0x00000040   Data   RO         7930    .constdata          STemWin540_CM4_OS_Keil_ot_ARGB.lib(f32_1.o)
    0x0800e4e4   0x0800e4e4   0x00000040   Data   RO         7931    .constdata          STemWin540_CM4_OS_Keil_ot_ARGB.lib(f32_1.o)
    0x0800e524   0x0800e524   0x00000040   Data   RO         7932    .constdata          STemWin540_CM4_OS_Keil_ot_ARGB.lib(f32_1.o)
    0x0800e564   0x0800e564   0x00000020   Data   RO         7933    .constdata          STemWin540_CM4_OS_Keil_ot_ARGB.lib(f32_1.o)
    0x0800e584   0x0800e584   0x00000040   Data   RO         7934    .constdata          STemWin540_CM4_OS_Keil_ot_ARGB.lib(f32_1.o)
    0x0800e5c4   0x0800e5c4   0x00000040   Data   RO         7935    .constdata          STemWin540_CM4_OS_Keil_ot_ARGB.lib(f32_1.o)
    0x0800e604   0x0800e604   0x00000040   Data   RO         7936    .constdata          STemWin540_CM4_OS_Keil_ot_ARGB.lib(f32_1.o)
    0x0800e644   0x0800e644   0x00000040   Data   RO         7937    .constdata          STemWin540_CM4_OS_Keil_ot_ARGB.lib(f32_1.o)
    0x0800e684   0x0800e684   0x00000060   Data   RO         7938    .constdata          STemWin540_CM4_OS_Keil_ot_ARGB.lib(f32_1.o)
    0x0800e6e4   0x0800e6e4   0x00000060   Data   RO         7939    .constdata          STemWin540_CM4_OS_Keil_ot_ARGB.lib(f32_1.o)
    0x0800e744   0x0800e744   0x00000060   Data   RO         7940    .constdata          STemWin540_CM4_OS_Keil_ot_ARGB.lib(f32_1.o)
    0x0800e7a4   0x0800e7a4   0x00000060   Data   RO         7941    .constdata          STemWin540_CM4_OS_Keil_ot_ARGB.lib(f32_1.o)
    0x0800e804   0x0800e804   0x00000060   Data   RO         7942    .constdata          STemWin540_CM4_OS_Keil_ot_ARGB.lib(f32_1.o)
    0x0800e864   0x0800e864   0x00000060   Data   RO         7943    .constdata          STemWin540_CM4_OS_Keil_ot_ARGB.lib(f32_1.o)
    0x0800e8c4   0x0800e8c4   0x00000060   Data   RO         7944    .constdata          STemWin540_CM4_OS_Keil_ot_ARGB.lib(f32_1.o)
    0x0800e924   0x0800e924   0x00000060   Data   RO         7945    .constdata          STemWin540_CM4_OS_Keil_ot_ARGB.lib(f32_1.o)
    0x0800e984   0x0800e984   0x00000060   Data   RO         7946    .constdata          STemWin540_CM4_OS_Keil_ot_ARGB.lib(f32_1.o)
    0x0800e9e4   0x0800e9e4   0x00000060   Data   RO         7947    .constdata          STemWin540_CM4_OS_Keil_ot_ARGB.lib(f32_1.o)
    0x0800ea44   0x0800ea44   0x00000080   Data   RO         7948    .constdata          STemWin540_CM4_OS_Keil_ot_ARGB.lib(f32_1.o)
    0x0800eac4   0x0800eac4   0x00000060   Data   RO         7949    .constdata          STemWin540_CM4_OS_Keil_ot_ARGB.lib(f32_1.o)
    0x0800eb24   0x0800eb24   0x00000060   Data   RO         7950    .constdata          STemWin540_CM4_OS_Keil_ot_ARGB.lib(f32_1.o)
    0x0800eb84   0x0800eb84   0x00000060   Data   RO         7951    .constdata          STemWin540_CM4_OS_Keil_ot_ARGB.lib(f32_1.o)
    0x0800ebe4   0x0800ebe4   0x00000060   Data   RO         7952    .constdata          STemWin540_CM4_OS_Keil_ot_ARGB.lib(f32_1.o)
    0x0800ec44   0x0800ec44   0x00000060   Data   RO         7953    .constdata          STemWin540_CM4_OS_Keil_ot_ARGB.lib(f32_1.o)
    0x0800eca4   0x0800eca4   0x00000020   Data   RO         7954    .constdata          STemWin540_CM4_OS_Keil_ot_ARGB.lib(f32_1.o)
    0x0800ecc4   0x0800ecc4   0x00000020   Data   RO         7955    .constdata          STemWin540_CM4_OS_Keil_ot_ARGB.lib(f32_1.o)
    0x0800ece4   0x0800ece4   0x00000020   Data   RO         7956    .constdata          STemWin540_CM4_OS_Keil_ot_ARGB.lib(f32_1.o)
    0x0800ed04   0x0800ed04   0x00000020   Data   RO         7957    .constdata          STemWin540_CM4_OS_Keil_ot_ARGB.lib(f32_1.o)
    0x0800ed24   0x0800ed24   0x00000060   Data   RO         7958    .constdata          STemWin540_CM4_OS_Keil_ot_ARGB.lib(f32_1.o)
    0x0800ed84   0x0800ed84   0x00000060   Data   RO         7959    .constdata          STemWin540_CM4_OS_Keil_ot_ARGB.lib(f32_1.o)
    0x0800ede4   0x0800ede4   0x00000060   Data   RO         7960    .constdata          STemWin540_CM4_OS_Keil_ot_ARGB.lib(f32_1.o)
    0x0800ee44   0x0800ee44   0x00000060   Data   RO         7961    .constdata          STemWin540_CM4_OS_Keil_ot_ARGB.lib(f32_1.o)
    0x0800eea4   0x0800eea4   0x00000060   Data   RO         7962    .constdata          STemWin540_CM4_OS_Keil_ot_ARGB.lib(f32_1.o)
    0x0800ef04   0x0800ef04   0x00000060   Data   RO         7963    .constdata          STemWin540_CM4_OS_Keil_ot_ARGB.lib(f32_1.o)
    0x0800ef64   0x0800ef64   0x00000060   Data   RO         7964    .constdata          STemWin540_CM4_OS_Keil_ot_ARGB.lib(f32_1.o)
    0x0800efc4   0x0800efc4   0x00000040   Data   RO         7965    .constdata          STemWin540_CM4_OS_Keil_ot_ARGB.lib(f32_1.o)
    0x0800f004   0x0800f004   0x00000060   Data   RO         7966    .constdata          STemWin540_CM4_OS_Keil_ot_ARGB.lib(f32_1.o)
    0x0800f064   0x0800f064   0x00000060   Data   RO         7967    .constdata          STemWin540_CM4_OS_Keil_ot_ARGB.lib(f32_1.o)
    0x0800f0c4   0x0800f0c4   0x00000060   Data   RO         7968    .constdata          STemWin540_CM4_OS_Keil_ot_ARGB.lib(f32_1.o)
    0x0800f124   0x0800f124   0x00000060   Data   RO         7969    .constdata          STemWin540_CM4_OS_Keil_ot_ARGB.lib(f32_1.o)
    0x0800f184   0x0800f184   0x00000060   Data   RO         7970    .constdata          STemWin540_CM4_OS_Keil_ot_ARGB.lib(f32_1.o)
    0x0800f1e4   0x0800f1e4   0x00000060   Data   RO         7971    .constdata          STemWin540_CM4_OS_Keil_ot_ARGB.lib(f32_1.o)
    0x0800f244   0x0800f244   0x00000060   Data   RO         7972    .constdata          STemWin540_CM4_OS_Keil_ot_ARGB.lib(f32_1.o)
    0x0800f2a4   0x0800f2a4   0x00000060   Data   RO         7973    .constdata          STemWin540_CM4_OS_Keil_ot_ARGB.lib(f32_1.o)
    0x0800f304   0x0800f304   0x00000040   Data   RO         7974    .constdata          STemWin540_CM4_OS_Keil_ot_ARGB.lib(f32_1.o)
    0x0800f344   0x0800f344   0x00000040   Data   RO         7975    .constdata          STemWin540_CM4_OS_Keil_ot_ARGB.lib(f32_1.o)
    0x0800f384   0x0800f384   0x00000040   Data   RO         7976    .constdata          STemWin540_CM4_OS_Keil_ot_ARGB.lib(f32_1.o)
    0x0800f3c4   0x0800f3c4   0x00000040   Data   RO         7977    .constdata          STemWin540_CM4_OS_Keil_ot_ARGB.lib(f32_1.o)
    0x0800f404   0x0800f404   0x00000040   Data   RO         7978    .constdata          STemWin540_CM4_OS_Keil_ot_ARGB.lib(f32_1.o)
    0x0800f444   0x0800f444   0x00000040   Data   RO         7979    .constdata          STemWin540_CM4_OS_Keil_ot_ARGB.lib(f32_1.o)
    0x0800f484   0x0800f484   0x00000060   Data   RO         7980    .constdata          STemWin540_CM4_OS_Keil_ot_ARGB.lib(f32_1.o)
    0x0800f4e4   0x0800f4e4   0x00000040   Data   RO         7981    .constdata          STemWin540_CM4_OS_Keil_ot_ARGB.lib(f32_1.o)
    0x0800f524   0x0800f524   0x00000040   Data   RO         7982    .constdata          STemWin540_CM4_OS_Keil_ot_ARGB.lib(f32_1.o)
    0x0800f564   0x0800f564   0x00000040   Data   RO         7983    .constdata          STemWin540_CM4_OS_Keil_ot_ARGB.lib(f32_1.o)
    0x0800f5a4   0x0800f5a4   0x00000040   Data   RO         7984    .constdata          STemWin540_CM4_OS_Keil_ot_ARGB.lib(f32_1.o)
    0x0800f5e4   0x0800f5e4   0x00000040   Data   RO         7985    .constdata          STemWin540_CM4_OS_Keil_ot_ARGB.lib(f32_1.o)
    0x0800f624   0x0800f624   0x00000020   Data   RO         7986    .constdata          STemWin540_CM4_OS_Keil_ot_ARGB.lib(f32_1.o)
    0x0800f644   0x0800f644   0x00000020   Data   RO         7987    .constdata          STemWin540_CM4_OS_Keil_ot_ARGB.lib(f32_1.o)
    0x0800f664   0x0800f664   0x00000020   Data   RO         7988    .constdata          STemWin540_CM4_OS_Keil_ot_ARGB.lib(f32_1.o)
    0x0800f684   0x0800f684   0x00000020   Data   RO         7989    .constdata          STemWin540_CM4_OS_Keil_ot_ARGB.lib(f32_1.o)
    0x0800f6a4   0x0800f6a4   0x00000040   Data   RO         7990    .constdata          STemWin540_CM4_OS_Keil_ot_ARGB.lib(f32_1.o)
    0x0800f6e4   0x0800f6e4   0x00000040   Data   RO         7991    .constdata          STemWin540_CM4_OS_Keil_ot_ARGB.lib(f32_1.o)
    0x0800f724   0x0800f724   0x00000040   Data   RO         7992    .constdata          STemWin540_CM4_OS_Keil_ot_ARGB.lib(f32_1.o)
    0x0800f764   0x0800f764   0x00000040   Data   RO         7993    .constdata          STemWin540_CM4_OS_Keil_ot_ARGB.lib(f32_1.o)
    0x0800f7a4   0x0800f7a4   0x00000040   Data   RO         7994    .constdata          STemWin540_CM4_OS_Keil_ot_ARGB.lib(f32_1.o)
    0x0800f7e4   0x0800f7e4   0x00000040   Data   RO         7995    .constdata          STemWin540_CM4_OS_Keil_ot_ARGB.lib(f32_1.o)
    0x0800f824   0x0800f824   0x00000040   Data   RO         7996    .constdata          STemWin540_CM4_OS_Keil_ot_ARGB.lib(f32_1.o)
    0x0800f864   0x0800f864   0x00000040   Data   RO         7997    .constdata          STemWin540_CM4_OS_Keil_ot_ARGB.lib(f32_1.o)
    0x0800f8a4   0x0800f8a4   0x00000060   Data   RO         7998    .constdata          STemWin540_CM4_OS_Keil_ot_ARGB.lib(f32_1.o)
    0x0800f904   0x0800f904   0x00000040   Data   RO         7999    .constdata          STemWin540_CM4_OS_Keil_ot_ARGB.lib(f32_1.o)
    0x0800f944   0x0800f944   0x00000040   Data   RO         8000    .constdata          STemWin540_CM4_OS_Keil_ot_ARGB.lib(f32_1.o)
    0x0800f984   0x0800f984   0x00000040   Data   RO         8001    .constdata          STemWin540_CM4_OS_Keil_ot_ARGB.lib(f32_1.o)
    0x0800f9c4   0x0800f9c4   0x00000040   Data   RO         8002    .constdata          STemWin540_CM4_OS_Keil_ot_ARGB.lib(f32_1.o)
    0x0800fa04   0x0800fa04   0x00000040   Data   RO         8003    .constdata          STemWin540_CM4_OS_Keil_ot_ARGB.lib(f32_1.o)
    0x0800fa44   0x0800fa44   0x00000040   Data   RO         8004    .constdata          STemWin540_CM4_OS_Keil_ot_ARGB.lib(f32_1.o)
    0x0800fa84   0x0800fa84   0x00000040   Data   RO         8005    .constdata          STemWin540_CM4_OS_Keil_ot_ARGB.lib(f32_1.o)
    0x0800fac4   0x0800fac4   0x00000300   Data   RO         8006    .constdata          STemWin540_CM4_OS_Keil_ot_ARGB.lib(f32_1.o)
    0x0800fdc4   0x0800fdc4   0x0000000c   Data   RO         8007    .constdata          STemWin540_CM4_OS_Keil_ot_ARGB.lib(f32_1.o)
    0x0800fdd0   0x0800fdd0   0x00000024   Data   RO         8008    .constdata          STemWin540_CM4_OS_Keil_ot_ARGB.lib(f32_1.o)
    0x0800fdf4   0x0800fdf4   0x00000074   Data   RO         8022    .constdata          STemWin540_CM4_OS_Keil_ot_ARGB.lib(guidev_16.o)
    0x0800fe68   0x0800fe68   0x00000020   Data   RO         8038    .constdata          STemWin540_CM4_OS_Keil_ot_ARGB.lib(gui__divtbl.o)
    0x0800fe88   0x0800fe88   0x00000040   Data   RO         8039    .constdata          STemWin540_CM4_OS_Keil_ot_ARGB.lib(gui__divtbl.o)
    0x0800fec8   0x0800fec8   0x00000100   Data   RO         8041    .constdata          STemWin540_CM4_OS_Keil_ot_ARGB.lib(gui__divtbl.o)
    0x0800ffc8   0x0800ffc8   0x00000100   Data   RO         8042    .constdata          STemWin540_CM4_OS_Keil_ot_ARGB.lib(gui__divtbl.o)
    0x080100c8   0x080100c8   0x00000010   Data   RO         8259    .constdata          STemWin540_CM4_OS_Keil_ot_ARGB.lib(gui_uc_encodenone.o)
    0x080100d8   0x080100d8   0x0000000c   Data   RO         8295    .constdata          STemWin540_CM4_OS_Keil_ot_ARGB.lib(lcd.o)
    0x080100e4   0x080100e4   0x00000100   Data   RO         8343    .constdata          STemWin540_CM4_OS_Keil_ot_ARGB.lib(lcd_mirror.o)
    0x080101e4   0x080101e4   0x00000020   Data   RO         8348    .constdata          STemWin540_CM4_OS_Keil_ot_ARGB.lib(f32_ascii.o)
    0x08010204   0x08010204   0x00000020   Data   RO         8349    .constdata          STemWin540_CM4_OS_Keil_ot_ARGB.lib(f32_ascii.o)
    0x08010224   0x08010224   0x00000040   Data   RO         8350    .constdata          STemWin540_CM4_OS_Keil_ot_ARGB.lib(f32_ascii.o)
    0x08010264   0x08010264   0x00000040   Data   RO         8351    .constdata          STemWin540_CM4_OS_Keil_ot_ARGB.lib(f32_ascii.o)
    0x080102a4   0x080102a4   0x00000040   Data   RO         8352    .constdata          STemWin540_CM4_OS_Keil_ot_ARGB.lib(f32_ascii.o)
    0x080102e4   0x080102e4   0x00000060   Data   RO         8353    .constdata          STemWin540_CM4_OS_Keil_ot_ARGB.lib(f32_ascii.o)
    0x08010344   0x08010344   0x00000060   Data   RO         8354    .constdata          STemWin540_CM4_OS_Keil_ot_ARGB.lib(f32_ascii.o)
    0x080103a4   0x080103a4   0x00000020   Data   RO         8355    .constdata          STemWin540_CM4_OS_Keil_ot_ARGB.lib(f32_ascii.o)
    0x080103c4   0x080103c4   0x00000040   Data   RO         8356    .constdata          STemWin540_CM4_OS_Keil_ot_ARGB.lib(f32_ascii.o)
    0x08010404   0x08010404   0x00000040   Data   RO         8357    .constdata          STemWin540_CM4_OS_Keil_ot_ARGB.lib(f32_ascii.o)
    0x08010444   0x08010444   0x00000040   Data   RO         8358    .constdata          STemWin540_CM4_OS_Keil_ot_ARGB.lib(f32_ascii.o)
    0x08010484   0x08010484   0x00000040   Data   RO         8359    .constdata          STemWin540_CM4_OS_Keil_ot_ARGB.lib(f32_ascii.o)
    0x080104c4   0x080104c4   0x00000020   Data   RO         8360    .constdata          STemWin540_CM4_OS_Keil_ot_ARGB.lib(f32_ascii.o)
    0x080104e4   0x080104e4   0x00000040   Data   RO         8361    .constdata          STemWin540_CM4_OS_Keil_ot_ARGB.lib(f32_ascii.o)
    0x08010524   0x08010524   0x00000020   Data   RO         8362    .constdata          STemWin540_CM4_OS_Keil_ot_ARGB.lib(f32_ascii.o)
    0x08010544   0x08010544   0x00000020   Data   RO         8363    .constdata          STemWin540_CM4_OS_Keil_ot_ARGB.lib(f32_ascii.o)
    0x08010564   0x08010564   0x00000040   Data   RO         8364    .constdata          STemWin540_CM4_OS_Keil_ot_ARGB.lib(f32_ascii.o)
    0x080105a4   0x080105a4   0x00000040   Data   RO         8365    .constdata          STemWin540_CM4_OS_Keil_ot_ARGB.lib(f32_ascii.o)
    0x080105e4   0x080105e4   0x00000040   Data   RO         8366    .constdata          STemWin540_CM4_OS_Keil_ot_ARGB.lib(f32_ascii.o)
    0x08010624   0x08010624   0x00000040   Data   RO         8367    .constdata          STemWin540_CM4_OS_Keil_ot_ARGB.lib(f32_ascii.o)
    0x08010664   0x08010664   0x00000040   Data   RO         8368    .constdata          STemWin540_CM4_OS_Keil_ot_ARGB.lib(f32_ascii.o)
    0x080106a4   0x080106a4   0x00000040   Data   RO         8369    .constdata          STemWin540_CM4_OS_Keil_ot_ARGB.lib(f32_ascii.o)
    0x080106e4   0x080106e4   0x00000040   Data   RO         8370    .constdata          STemWin540_CM4_OS_Keil_ot_ARGB.lib(f32_ascii.o)
    0x08010724   0x08010724   0x00000040   Data   RO         8371    .constdata          STemWin540_CM4_OS_Keil_ot_ARGB.lib(f32_ascii.o)
    0x08010764   0x08010764   0x00000040   Data   RO         8372    .constdata          STemWin540_CM4_OS_Keil_ot_ARGB.lib(f32_ascii.o)
    0x080107a4   0x080107a4   0x00000040   Data   RO         8373    .constdata          STemWin540_CM4_OS_Keil_ot_ARGB.lib(f32_ascii.o)
    0x080107e4   0x080107e4   0x00000020   Data   RO         8374    .constdata          STemWin540_CM4_OS_Keil_ot_ARGB.lib(f32_ascii.o)
    0x08010804   0x08010804   0x00000020   Data   RO         8375    .constdata          STemWin540_CM4_OS_Keil_ot_ARGB.lib(f32_ascii.o)
    0x08010824   0x08010824   0x00000040   Data   RO         8376    .constdata          STemWin540_CM4_OS_Keil_ot_ARGB.lib(f32_ascii.o)
    0x08010864   0x08010864   0x00000040   Data   RO         8377    .constdata          STemWin540_CM4_OS_Keil_ot_ARGB.lib(f32_ascii.o)
    0x080108a4   0x080108a4   0x00000040   Data   RO         8378    .constdata          STemWin540_CM4_OS_Keil_ot_ARGB.lib(f32_ascii.o)
    0x080108e4   0x080108e4   0x00000040   Data   RO         8379    .constdata          STemWin540_CM4_OS_Keil_ot_ARGB.lib(f32_ascii.o)
    0x08010924   0x08010924   0x00000080   Data   RO         8380    .constdata          STemWin540_CM4_OS_Keil_ot_ARGB.lib(f32_ascii.o)
    0x080109a4   0x080109a4   0x00000060   Data   RO         8381    .constdata          STemWin540_CM4_OS_Keil_ot_ARGB.lib(f32_ascii.o)
    0x08010a04   0x08010a04   0x00000060   Data   RO         8382    .constdata          STemWin540_CM4_OS_Keil_ot_ARGB.lib(f32_ascii.o)
    0x08010a64   0x08010a64   0x00000060   Data   RO         8383    .constdata          STemWin540_CM4_OS_Keil_ot_ARGB.lib(f32_ascii.o)
    0x08010ac4   0x08010ac4   0x00000060   Data   RO         8384    .constdata          STemWin540_CM4_OS_Keil_ot_ARGB.lib(f32_ascii.o)
    0x08010b24   0x08010b24   0x00000060   Data   RO         8385    .constdata          STemWin540_CM4_OS_Keil_ot_ARGB.lib(f32_ascii.o)
    0x08010b84   0x08010b84   0x00000060   Data   RO         8386    .constdata          STemWin540_CM4_OS_Keil_ot_ARGB.lib(f32_ascii.o)
    0x08010be4   0x08010be4   0x00000060   Data   RO         8387    .constdata          STemWin540_CM4_OS_Keil_ot_ARGB.lib(f32_ascii.o)
    0x08010c44   0x08010c44   0x00000060   Data   RO         8388    .constdata          STemWin540_CM4_OS_Keil_ot_ARGB.lib(f32_ascii.o)
    0x08010ca4   0x08010ca4   0x00000020   Data   RO         8389    .constdata          STemWin540_CM4_OS_Keil_ot_ARGB.lib(f32_ascii.o)
    0x08010cc4   0x08010cc4   0x00000040   Data   RO         8390    .constdata          STemWin540_CM4_OS_Keil_ot_ARGB.lib(f32_ascii.o)
    0x08010d04   0x08010d04   0x00000060   Data   RO         8391    .constdata          STemWin540_CM4_OS_Keil_ot_ARGB.lib(f32_ascii.o)
    0x08010d64   0x08010d64   0x00000040   Data   RO         8392    .constdata          STemWin540_CM4_OS_Keil_ot_ARGB.lib(f32_ascii.o)
    0x08010da4   0x08010da4   0x00000060   Data   RO         8393    .constdata          STemWin540_CM4_OS_Keil_ot_ARGB.lib(f32_ascii.o)
    0x08010e04   0x08010e04   0x00000060   Data   RO         8394    .constdata          STemWin540_CM4_OS_Keil_ot_ARGB.lib(f32_ascii.o)
    0x08010e64   0x08010e64   0x00000060   Data   RO         8395    .constdata          STemWin540_CM4_OS_Keil_ot_ARGB.lib(f32_ascii.o)
    0x08010ec4   0x08010ec4   0x00000060   Data   RO         8396    .constdata          STemWin540_CM4_OS_Keil_ot_ARGB.lib(f32_ascii.o)
    0x08010f24   0x08010f24   0x00000060   Data   RO         8397    .constdata          STemWin540_CM4_OS_Keil_ot_ARGB.lib(f32_ascii.o)
    0x08010f84   0x08010f84   0x00000060   Data   RO         8398    .constdata          STemWin540_CM4_OS_Keil_ot_ARGB.lib(f32_ascii.o)
    0x08010fe4   0x08010fe4   0x00000060   Data   RO         8399    .constdata          STemWin540_CM4_OS_Keil_ot_ARGB.lib(f32_ascii.o)
    0x08011044   0x08011044   0x00000040   Data   RO         8400    .constdata          STemWin540_CM4_OS_Keil_ot_ARGB.lib(f32_ascii.o)
    0x08011084   0x08011084   0x00000060   Data   RO         8401    .constdata          STemWin540_CM4_OS_Keil_ot_ARGB.lib(f32_ascii.o)
    0x080110e4   0x080110e4   0x00000060   Data   RO         8402    .constdata          STemWin540_CM4_OS_Keil_ot_ARGB.lib(f32_ascii.o)
    0x08011144   0x08011144   0x00000080   Data   RO         8403    .constdata          STemWin540_CM4_OS_Keil_ot_ARGB.lib(f32_ascii.o)
    0x080111c4   0x080111c4   0x00000060   Data   RO         8404    .constdata          STemWin540_CM4_OS_Keil_ot_ARGB.lib(f32_ascii.o)
    0x08011224   0x08011224   0x00000060   Data   RO         8405    .constdata          STemWin540_CM4_OS_Keil_ot_ARGB.lib(f32_ascii.o)
    0x08011284   0x08011284   0x00000060   Data   RO         8406    .constdata          STemWin540_CM4_OS_Keil_ot_ARGB.lib(f32_ascii.o)
    0x080112e4   0x080112e4   0x00000020   Data   RO         8407    .constdata          STemWin540_CM4_OS_Keil_ot_ARGB.lib(f32_ascii.o)
    0x08011304   0x08011304   0x00000020   Data   RO         8408    .constdata          STemWin540_CM4_OS_Keil_ot_ARGB.lib(f32_ascii.o)
    0x08011324   0x08011324   0x00000020   Data   RO         8409    .constdata          STemWin540_CM4_OS_Keil_ot_ARGB.lib(f32_ascii.o)
    0x08011344   0x08011344   0x00000040   Data   RO         8410    .constdata          STemWin540_CM4_OS_Keil_ot_ARGB.lib(f32_ascii.o)
    0x08011384   0x08011384   0x00000040   Data   RO         8411    .constdata          STemWin540_CM4_OS_Keil_ot_ARGB.lib(f32_ascii.o)
    0x080113c4   0x080113c4   0x00000040   Data   RO         8412    .constdata          STemWin540_CM4_OS_Keil_ot_ARGB.lib(f32_ascii.o)
    0x08011404   0x08011404   0x00000040   Data   RO         8413    .constdata          STemWin540_CM4_OS_Keil_ot_ARGB.lib(f32_ascii.o)
    0x08011444   0x08011444   0x00000040   Data   RO         8414    .constdata          STemWin540_CM4_OS_Keil_ot_ARGB.lib(f32_ascii.o)
    0x08011484   0x08011484   0x00000040   Data   RO         8415    .constdata          STemWin540_CM4_OS_Keil_ot_ARGB.lib(f32_ascii.o)
    0x080114c4   0x080114c4   0x00000040   Data   RO         8416    .constdata          STemWin540_CM4_OS_Keil_ot_ARGB.lib(f32_ascii.o)
    0x08011504   0x08011504   0x00000040   Data   RO         8417    .constdata          STemWin540_CM4_OS_Keil_ot_ARGB.lib(f32_ascii.o)
    0x08011544   0x08011544   0x00000020   Data   RO         8418    .constdata          STemWin540_CM4_OS_Keil_ot_ARGB.lib(f32_ascii.o)
    0x08011564   0x08011564   0x00000040   Data   RO         8419    .constdata          STemWin540_CM4_OS_Keil_ot_ARGB.lib(f32_ascii.o)
    0x080115a4   0x080115a4   0x00000040   Data   RO         8420    .constdata          STemWin540_CM4_OS_Keil_ot_ARGB.lib(f32_ascii.o)
    0x080115e4   0x080115e4   0x00000020   Data   RO         8421    .constdata          STemWin540_CM4_OS_Keil_ot_ARGB.lib(f32_ascii.o)
    0x08011604   0x08011604   0x00000020   Data   RO         8422    .constdata          STemWin540_CM4_OS_Keil_ot_ARGB.lib(f32_ascii.o)
    0x08011624   0x08011624   0x00000040   Data   RO         8423    .constdata          STemWin540_CM4_OS_Keil_ot_ARGB.lib(f32_ascii.o)
    0x08011664   0x08011664   0x00000020   Data   RO         8424    .constdata          STemWin540_CM4_OS_Keil_ot_ARGB.lib(f32_ascii.o)
    0x08011684   0x08011684   0x00000060   Data   RO         8425    .constdata          STemWin540_CM4_OS_Keil_ot_ARGB.lib(f32_ascii.o)
    0x080116e4   0x080116e4   0x00000040   Data   RO         8426    .constdata          STemWin540_CM4_OS_Keil_ot_ARGB.lib(f32_ascii.o)
    0x08011724   0x08011724   0x00000040   Data   RO         8427    .constdata          STemWin540_CM4_OS_Keil_ot_ARGB.lib(f32_ascii.o)
    0x08011764   0x08011764   0x00000040   Data   RO         8428    .constdata          STemWin540_CM4_OS_Keil_ot_ARGB.lib(f32_ascii.o)
    0x080117a4   0x080117a4   0x00000040   Data   RO         8429    .constdata          STemWin540_CM4_OS_Keil_ot_ARGB.lib(f32_ascii.o)
    0x080117e4   0x080117e4   0x00000040   Data   RO         8430    .constdata          STemWin540_CM4_OS_Keil_ot_ARGB.lib(f32_ascii.o)
    0x08011824   0x08011824   0x00000040   Data   RO         8431    .constdata          STemWin540_CM4_OS_Keil_ot_ARGB.lib(f32_ascii.o)
    0x08011864   0x08011864   0x00000020   Data   RO         8432    .constdata          STemWin540_CM4_OS_Keil_ot_ARGB.lib(f32_ascii.o)
    0x08011884   0x08011884   0x00000040   Data   RO         8433    .constdata          STemWin540_CM4_OS_Keil_ot_ARGB.lib(f32_ascii.o)
    0x080118c4   0x080118c4   0x00000040   Data   RO         8434    .constdata          STemWin540_CM4_OS_Keil_ot_ARGB.lib(f32_ascii.o)
    0x08011904   0x08011904   0x00000060   Data   RO         8435    .constdata          STemWin540_CM4_OS_Keil_ot_ARGB.lib(f32_ascii.o)
    0x08011964   0x08011964   0x00000040   Data   RO         8436    .constdata          STemWin540_CM4_OS_Keil_ot_ARGB.lib(f32_ascii.o)
    0x080119a4   0x080119a4   0x00000040   Data   RO         8437    .constdata          STemWin540_CM4_OS_Keil_ot_ARGB.lib(f32_ascii.o)
    0x080119e4   0x080119e4   0x00000040   Data   RO         8438    .constdata          STemWin540_CM4_OS_Keil_ot_ARGB.lib(f32_ascii.o)
    0x08011a24   0x08011a24   0x00000040   Data   RO         8439    .constdata          STemWin540_CM4_OS_Keil_ot_ARGB.lib(f32_ascii.o)
    0x08011a64   0x08011a64   0x00000020   Data   RO         8440    .constdata          STemWin540_CM4_OS_Keil_ot_ARGB.lib(f32_ascii.o)
    0x08011a84   0x08011a84   0x00000040   Data   RO         8441    .constdata          STemWin540_CM4_OS_Keil_ot_ARGB.lib(f32_ascii.o)
    0x08011ac4   0x08011ac4   0x00000040   Data   RO         8442    .constdata          STemWin540_CM4_OS_Keil_ot_ARGB.lib(f32_ascii.o)
    0x08011b04   0x08011b04   0x000002f8   Data   RO         8443    .constdata          STemWin540_CM4_OS_Keil_ot_ARGB.lib(f32_ascii.o)
    0x08011dfc   0x08011dfc   0x0000000c   Data   RO         8444    .constdata          STemWin540_CM4_OS_Keil_ot_ARGB.lib(f32_ascii.o)
    0x08011e08   0x08011e08   0x00000008   Data   RO         8453    .constdata          STemWin540_CM4_OS_Keil_ot_ARGB.lib(guidev_writetoactiveopaque.o)
    0x08011e10   0x08011e10   0x00000018   Data   RO         8861    .constdata          STemWin540_CM4_OS_Keil_ot_ARGB.lib(guicc_0.o)
    0x08011e28   0x08011e28   0x00000030   Data   RO         9621    Region$$Table       anon$$obj.o


    Execution Region RW_IRAM1 (Exec base: 0x20000000, Load base: 0x08011e58, Size: 0x00013820, Max: 0x00030000, ABSOLUTE, COMPRESSED[0x00000080])

    Exec Addr    Load Addr    Size         Type   Attr      Idx    E Section Name        Object

    0x20000000   COMPRESSED   0x00000014   Data   RW          327    .data               system_stm32f4xx.o
    0x20000014   COMPRESSED   0x00000010   Data   RW          371    .data               freertos.o
    0x20000024   COMPRESSED   0x00000010   Data   RW         3076    .data               stm32f4xx_rcc.o
    0x20000034   COMPRESSED   0x00000010   Data   RW         5172    .data               stm32f429i_discovery.o
    0x20000044   COMPRESSED   0x00000011   Data   RW         5242    .data               stm32f429i_discovery_i2c_ee.o
    0x20000055   COMPRESSED   0x00000003   PAD
    0x20000058   COMPRESSED   0x00000014   Data   RW         5326    .data               stm32f429i_discovery_ioe.o
    0x2000006c   COMPRESSED   0x00000030   Data   RW         5612    .data               stm32f429i_discovery_lcd.o
    0x2000009c   COMPRESSED   0x0000003c   Data   RW         6527    .data               tasks.o
    0x200000d8   COMPRESSED   0x00000014   Data   RW         6844    .data               timers.o
    0x200000ec   COMPRESSED   0x0000000c   Data   RW         6977    .data               port.o
    0x200000f8   COMPRESSED   0x00000018   Data   RW         7052    .data               heap_4.o
    0x20000110   COMPRESSED   0x00000008   Data   RW         7329    .data               gui_x_os.o
    0x20000118   COMPRESSED   0x00000048   Data   RW         7670    .data               STemWin540_CM4_OS_Keil_ot_ARGB.lib(gui_core.o)
    0x20000160   COMPRESSED   0x00000001   Data   RW         7680    .data               STemWin540_CM4_OS_Keil_ot_ARGB.lib(gui_core.o)
    0x20000161   COMPRESSED   0x00000003   PAD
    0x20000164   COMPRESSED   0x00000004   Data   RW         7682    .data               STemWin540_CM4_OS_Keil_ot_ARGB.lib(gui_core.o)
    0x20000168   COMPRESSED   0x00000002   Data   RW         7683    .data               STemWin540_CM4_OS_Keil_ot_ARGB.lib(gui_core.o)
    0x2000016a   COMPRESSED   0x00000002   Data   RW         7684    .data               STemWin540_CM4_OS_Keil_ot_ARGB.lib(gui_core.o)
    0x2000016c   COMPRESSED   0x00000008   Data   RW         7756    .data               STemWin540_CM4_OS_Keil_ot_ARGB.lib(guicc_m565.o)
    0x20000174   COMPRESSED   0x00000008   Data   RW         7803    .data               STemWin540_CM4_OS_Keil_ot_ARGB.lib(lcd_getex.o)
    0x2000017c   COMPRESSED   0x00000004   Data   RW         8023    .data               STemWin540_CM4_OS_Keil_ot_ARGB.lib(guidev_16.o)
    0x20000180   COMPRESSED   0x00000004   Data   RW         8062    .data               STemWin540_CM4_OS_Keil_ot_ARGB.lib(gui__private.o)
    0x20000184   COMPRESSED   0x00000004   Data   RW         8063    .data               STemWin540_CM4_OS_Keil_ot_ARGB.lib(gui__private.o)
    0x20000188   COMPRESSED   0x00000004   Data   RW         8200    .data               STemWin540_CM4_OS_Keil_ot_ARGB.lib(gui_fillpolygon.o)
    0x2000018c   COMPRESSED   0x00000010   Data   RW         8212    .data               STemWin540_CM4_OS_Keil_ot_ARGB.lib(gui_onkey.o)
    0x2000019c   COMPRESSED   0x0000001c   Data   RW         8229    .data               STemWin540_CM4_OS_Keil_ot_ARGB.lib(gui_task.o)
    0x200001b8   COMPRESSED   0x0000000c   Data   RW         8270    .data               STemWin540_CM4_OS_Keil_ot_ARGB.lib(gui_waitevent.o)
    0x200001c4   COMPRESSED   0x00000004   Data   RW         8296    .data               STemWin540_CM4_OS_Keil_ot_ARGB.lib(lcd.o)
    0x200001c8   COMPRESSED   0x00000014   Data   RW         8325    .data               STemWin540_CM4_OS_Keil_ot_ARGB.lib(lcd_color.o)
    0x200001dc   COMPRESSED   0x00000068   Data   RW         8507    .data               STemWin540_CM4_OS_Keil_ot_ARGB.lib(wm.o)
    0x20000244   COMPRESSED   0x00000004   Data   RW         8940    .data               STemWin540_CM4_OS_Keil_ot_ARGB.lib(wm__private.o)
    0x20000248        -       0x0000003c   Zero   RW         5170    .bss                stm32f429i_discovery.o
    0x20000284        -       0x00000040   Zero   RW         6127    .bss                queue.o
    0x200002c4        -       0x000000c8   Zero   RW         6526    .bss                tasks.o
    0x2000038c        -       0x00000028   Zero   RW         6843    .bss                timers.o
    0x200003b4        -       0x00012c00   Zero   RW         7051    .bss                heap_4.o
    0x20012fb4        -       0x000000cc   Zero   RW         7440    .bss                STemWin540_CM4_OS_Keil_ot_ARGB.lib(gui_alloc.o)
    0x20013080        -       0x00000070   Zero   RW         7668    .bss                STemWin540_CM4_OS_Keil_ot_ARGB.lib(gui_core.o)
    0x200130f0        -       0x00000018   Zero   RW         8199    .bss                STemWin540_CM4_OS_Keil_ot_ARGB.lib(gui_fillpolygon.o)
    0x20013108        -       0x00000058   Zero   RW         8211    .bss                STemWin540_CM4_OS_Keil_ot_ARGB.lib(gui_onkey.o)
    0x20013160        -       0x00000018   Zero   RW         8505    .bss                STemWin540_CM4_OS_Keil_ot_ARGB.lib(wm.o)
    0x20013178        -       0x00000048   Zero   RW         8992    .bss                STemWin540_CM4_OS_Keil_ot_ARGB.lib(wm_touch.o)
    0x200131c0        -       0x00000060   Zero   RW         9495    .bss                c_w.l(libspace.o)
    0x20013220        -       0x00000200   Zero   RW          360    HEAP                startup_stm32f429_439xx.o
    0x20013420        -       0x00000400   Zero   RW          359    STACK               startup_stm32f429_439xx.o


    Execution Region RW_IRAM3 (Exec base: 0xd0100000, Load base: 0x08011ed8, Size: 0x00000400, Max: 0x00700000, ABSOLUTE, COMPRESSED[0x0000000c])

    Exec Addr    Load Addr    Size         Type   Attr      Idx    E Section Name        Object

    0xd0100000   COMPRESSED   0x00000400   Data   RW         7094    SD_RAM              guiconf.o


==============================================================================

Image component sizes


      Code (inc. data)   RO Data    RW Data    ZI Data      Debug   Object Name

         0          0          0          0          0     319872   delay.o
         0          0          0          0          0       9356   event_groups.o
       192         48          0         16          0      55700   freertos.o
        92         18          0          8          0       3099   gui_x_os.o
        28          8          0       1024          0       1131   guiconf.o
      2260         98         52          0          0      70865   guidrv_template.o
       704         64          0         24      76800       4483   heap_4.o
        78          8          0          0          0       2021   lcdconf_flexcolor_template.o
       148          0          0          0          0       3294   list.o
        84          0          0          0          0      18927   main.o
       120         14          0          0          0       1224   misc.o
      1014         92          0         12          0      11477   port.o
      2308         26          0          0         64      19032   queue.o
        64         26        428          0       1536        920   startup_stm32f429_439xx.o
       632         86         25         16         60       3744   stm32f429i_discovery.o
       272         52          0         17          0       2485   stm32f429i_discovery_i2c_ee.o
      1512         66          0         20          0      11009   stm32f429i_discovery_ioe.o
      2202        108      10704         48          0      11805   stm32f429i_discovery_lcd.o
       856         28          0          0          0       3097   stm32f429i_discovery_sdram.o
       632         54          0          0          0       5481   stm32f4xx_dma.o
       294         20          0          0          0       3124   stm32f4xx_dma2d.o
       148          6          0          0          0       1172   stm32f4xx_exti.o
       376         20          0          0          0       3747   stm32f4xx_fmc.o
       232          0          0          0          0       3819   stm32f4xx_gpio.o
       556         28          0          0          0       8244   stm32f4xx_i2c.o
        20          0          0          0          0       2545   stm32f4xx_it.o
       774         32          0          0          0       4509   stm32f4xx_ltdc.o
       580         82          0         16          0       9949   stm32f4xx_rcc.o
       282         24          0          0          0       3913   stm32f4xx_spi.o
        64          4          0          0          0        684   stm32f4xx_syscfg.o
       396         34          0         20          0       1833   system_stm32f4xx.o
      3158        386          0         60        200      26967   tasks.o
      1138        116          0         20         40      19791   timers.o

    ----------------------------------------------------------------------
     21262       1548      11260       1304      78700     649319   Object Totals
         0          0         48          0          0          0   (incl. Generated)
        46          0          3          3          0          0   (incl. Padding)

    ----------------------------------------------------------------------

      Code (inc. data)   RO Data    RW Data    ZI Data      Debug   Library Member Name

         0          0       7728          0          0          0   f32_1.o
         0          0       7204          0          0          0   f32_ascii.o
         0          0       1816          0          0          0   f6x8.o
       396          0          0          0          0        140   gui__compactpixelindices.o
         0          0        608          0          0          0   gui__divtbl.o
       314          0          0          8          0        380   gui__private.o
      1926         84          0          0        204       1936   gui_alloc.o
       398         10          0          0          0        492   gui_charm.o
       378         10          0          0          0        532   gui_charp.o
       196          6          0          0          0        140   gui_circ.o
       488         26          0          0          0       1488   gui_common.o
       472         70          8         81        112        632   gui_core.o
       548         34          0          0          0        860   gui_device.o
        32          4          0          0          0        116   gui_drawlib.o
      1640         32         68          0          0        496   gui_drawline.o
       636         14          0          4         24        156   gui_fillpolygon.o
        20          6          0         16         88        116   gui_onkey.o
        56         10          0          0          0        128   gui_selectlayer.o
       496         46          0         28          0        632   gui_task.o
        18          0         16          0          0        464   gui_uc_encodenone.o
        16          4          0         12          0        116   gui_waitevent.o
       224          0         24          0          0        388   guicc_0.o
       426         46         24          8          0        676   guicc_m565.o
       126          4          0          0          0        256   guidev.o
      3058         62        116          4          0       1588   guidev_16.o
        38          0          0          0          0        128   guidev_getdataptr.o
        86          0          0          0          0        260   guidev_usage.o
      2076         14          8          0          0        168   guidev_writetoactiveopaque.o
      2096        148         12          4          0       2368   lcd.o
       332         38          0         20          0        520   lcd_color.o
        32         12          0          0          0        232   lcd_getcolorindex.o
       580         40          0          8          0       1704   lcd_getex.o
        28          0          0          0          0        128   lcd_getnumdisplays.o
         0          0        256          0          0          0   lcd_mirror.o
        72         10          0          0          0        128   lcd_selectlcd.o
       132          0          0          0          0        396   lcd_set.o
        52         10          0          0          0        132   lcd_setcliprectex.o
        36          4          0          0          0        128   lcd_updatecolorindices.o
      3956        154          0        104         24       3064   wm.o
       156         10          0          4          0        508   wm__private.o
       280         10          0          0          0        640   wm_lib.o
         0          0          0          0         72          0   wm_touch.o
        90          0          0          0          0          0   __dczerorl2.o
         8          0          0          0          0         68   __main.o
         0          0          0          0          0          0   __rtentry.o
        12          0          0          0          0          0   __rtentry2.o
         6          0          0          0          0          0   __rtentry4.o
        52          8          0          0          0          0   __scatter.o
        28          0          0          0          0          0   __scatter_zi.o
        16          0          0          0          0         68   aeabi_memset.o
        18          0          0          0          0         80   exit.o
         6          0          0          0          0        152   heapauxi.o
         0          0          0          0          0          0   indicate_semi.o
         2          0          0          0          0          0   libinit.o
         6          0          0          0          0          0   libinit2.o
         2          0          0          0          0          0   libshutdown.o
         2          0          0          0          0          0   libshutdown2.o
         8          4          0          0         96         68   libspace.o
         8          0          0          0          0         76   memcpy.o
        22          0          0          0          0         76   memset.o
        68          0          0          0          0         68   rt_memclr.o
        78          0          0          0          0         80   rt_memclr_w.o
       138          0          0          0          0         68   rt_memcpy_v6.o
       100          0          0          0          0         80   rt_memcpy_w.o
       132          0          0          0          0         68   rt_memmove_v6.o
       122          0          0          0          0         80   rt_memmove_w.o
         2          0          0          0          0          0   rtexit.o
        10          0          0          0          0          0   rtexit2.o
        12          4          0          0          0         68   sys_exit.o
        74          0          0          0          0         80   sys_stackheap_outer.o
         2          0          0          0          0         68   use_no_semi.o
        10          0          0          0          0        116   fpinit.o

    ----------------------------------------------------------------------
     22894        934      17888        304        620      23600   Library Totals
        44          0          0          3          0          0   (incl. Padding)

    ----------------------------------------------------------------------

      Code (inc. data)   RO Data    RW Data    ZI Data      Debug   Library Name

     21816        918      17888        301        524      22236   STemWin540_CM4_OS_Keil_ot_ARGB.lib
      1024         16          0          0         96       1248   c_w.l
        10          0          0          0          0        116   fz_wm.l

    ----------------------------------------------------------------------
     22894        934      17888        304        620      23600   Library Totals

    ----------------------------------------------------------------------

==============================================================================


      Code (inc. data)   RO Data    RW Data    ZI Data      Debug   

     44156       2482      29148       1608      79320     633495   Grand Totals
     44156       2482      29148        140      79320     633495   ELF Image Totals (compressed)
     44156       2482      29148        140          0          0   ROM Totals

==============================================================================

    Total RO  Size (Code + RO Data)                73304 (  71.59kB)
    Total RW  Size (RW Data + ZI Data)             80928 (  79.03kB)
    Total ROM Size (Code + RO Data + RW Data)      73444 (  71.72kB)

==============================================================================

