Component: ARM Compiler 5.06 update 6 (build 750) Tool: armlink [4d35ed]

==============================================================================

Section Cross References

    delay.o(i.TimingDelay_Decrement) refers to delay.o(.data) for TimingDelay
    delay.o(i.delayInit) refers to system_stm32f4xx.o(.data) for SystemCoreClock
    delay.o(i.delayms) refers to delay.o(.data) for TimingDelay
    main.o(i.main) refers to stm32f429i_discovery.o(i.STM_EVAL_LEDInit) for STM_EVAL_LEDInit
    main.o(i.main) refers to stm32f429i_discovery.o(i.STM_EVAL_PBInit) for STM_EVAL_PBInit
    main.o(i.main) refers to stm32f429i_discovery_i2c_ee.o(i.sEE_Init) for sEE_Init
    main.o(i.main) refers to stm32f429i_discovery_ioe.o(i.IOE_Config) for IOE_Config
    main.o(i.main) refers to stm32f429i_discovery_ioe.o(i.IOE_TPITConfig) for IOE_TPITConfig
    main.o(i.main) refers to stm32f429i_discovery_l3gd20.o(i.L3GD20_Init) for L3GD20_Init
    main.o(i.main) refers to stm32f429i_discovery_lcd.o(i.LCD_Init) for LCD_Init
    main.o(i.main) refers to stm32f429i_discovery_lcd.o(i.LCD_LayerInit) for LCD_LayerInit
    main.o(i.main) refers to stm32f429i_discovery_lcd.o(i.LCD_SetLayer) for LCD_SetLayer
    main.o(i.main) refers to stm32f4xx_ltdc.o(i.LTDC_LayerCmd) for LTDC_LayerCmd
    main.o(i.main) refers to stm32f4xx_ltdc.o(i.LTDC_Cmd) for LTDC_Cmd
    main.o(i.main) refers to freertos.o(i.freeRtosInit) for freeRtosInit
    main.o(i.main) refers to tasks.o(i.vTaskStartScheduler) for vTaskStartScheduler
    main.o(i.main) refers to main.o(.data) for L3gd20
    system_stm32f4xx.o(i.SystemCoreClockUpdate) refers to system_stm32f4xx.o(.data) for SystemCoreClock
    system_stm32f4xx.o(i.SystemInit) refers to system_stm32f4xx.o(i.SetSysClock) for SetSysClock
    startup_stm32f429_439xx.o(STACK) refers (Special) to heapauxi.o(.text) for __use_two_region_memory
    startup_stm32f429_439xx.o(HEAP) refers (Special) to heapauxi.o(.text) for __use_two_region_memory
    startup_stm32f429_439xx.o(RESET) refers (Special) to heapauxi.o(.text) for __use_two_region_memory
    startup_stm32f429_439xx.o(RESET) refers to startup_stm32f429_439xx.o(STACK) for __initial_sp
    startup_stm32f429_439xx.o(RESET) refers to startup_stm32f429_439xx.o(.text) for Reset_Handler
    startup_stm32f429_439xx.o(RESET) refers to stm32f4xx_it.o(i.NMI_Handler) for NMI_Handler
    startup_stm32f429_439xx.o(RESET) refers to stm32f4xx_it.o(i.HardFault_Handler) for HardFault_Handler
    startup_stm32f429_439xx.o(RESET) refers to stm32f4xx_it.o(i.MemManage_Handler) for MemManage_Handler
    startup_stm32f429_439xx.o(RESET) refers to stm32f4xx_it.o(i.BusFault_Handler) for BusFault_Handler
    startup_stm32f429_439xx.o(RESET) refers to stm32f4xx_it.o(i.UsageFault_Handler) for UsageFault_Handler
    startup_stm32f429_439xx.o(RESET) refers to port.o(.emb_text) for SVC_Handler
    startup_stm32f429_439xx.o(RESET) refers to stm32f4xx_it.o(i.DebugMon_Handler) for DebugMon_Handler
    startup_stm32f429_439xx.o(RESET) refers to port.o(i.SysTick_Handler) for SysTick_Handler
    startup_stm32f429_439xx.o(RESET) refers to stm32f429i_discovery_i2c_ee.o(i.DMA1_Stream2_IRQHandler) for DMA1_Stream2_IRQHandler
    startup_stm32f429_439xx.o(RESET) refers to stm32f429i_discovery_i2c_ee.o(i.DMA1_Stream4_IRQHandler) for DMA1_Stream4_IRQHandler
    startup_stm32f429_439xx.o(.text) refers (Special) to heapauxi.o(.text) for __use_two_region_memory
    startup_stm32f429_439xx.o(.text) refers to system_stm32f4xx.o(i.SystemInit) for SystemInit
    startup_stm32f429_439xx.o(.text) refers to __main.o(!!!main) for __main
    startup_stm32f429_439xx.o(.text) refers to startup_stm32f429_439xx.o(HEAP) for Heap_Mem
    startup_stm32f429_439xx.o(.text) refers to startup_stm32f429_439xx.o(STACK) for Stack_Mem
    freertos.o(i.freeRtosInit) refers to tasks.o(i.xTaskCreate) for xTaskCreate
    freertos.o(i.freeRtosInit) refers to freertos.o(.data) for xHandle1
    freertos.o(i.freeRtosInit) refers to freertos.o(i.vTaskCode1) for vTaskCode1
    freertos.o(i.freeRtosInit) refers to freertos.o(i.vTaskCode2) for vTaskCode2
    freertos.o(i.vTaskCode1) refers to tasks.o(i.vTaskDelay) for vTaskDelay
    freertos.o(i.vTaskCode1) refers to stm32f429i_discovery.o(i.STM_EVAL_LEDToggle) for STM_EVAL_LEDToggle
    freertos.o(i.vTaskCode2) refers to stm32f429i_discovery_lcd.o(i.LCD_SetTextColor) for LCD_SetTextColor
    freertos.o(i.vTaskCode2) refers to stm32f429i_discovery_lcd.o(i.LCD_SetBackColor) for LCD_SetBackColor
    freertos.o(i.vTaskCode2) refers to stm32f429i_discovery_lcd.o(i.LCD_Clear) for LCD_Clear
    freertos.o(i.vTaskCode2) refers to stm32f429i_discovery_lcd.o(i.LCD_DrawRect) for LCD_DrawRect
    freertos.o(i.vTaskCode2) refers to tasks.o(i.vTaskDelay) for vTaskDelay
    freertos.o(i.vTaskCode2) refers to stm32f429i_discovery.o(i.STM_EVAL_LEDToggle) for STM_EVAL_LEDToggle
    stm32f4xx_adc.o(i.ADC_DeInit) refers to stm32f4xx_rcc.o(i.RCC_APB2PeriphResetCmd) for RCC_APB2PeriphResetCmd
[...]
    prvTaskExitError                         0x0800365d   Thumb Code    60  port.o(i.prvTaskExitError)
    i.prvTimerTask                           0x0800369c   Section        0  timers.o(i.prvTimerTask)
    prvTimerTask                             0x0800369d   Thumb Code    26  timers.o(i.prvTimerTask)
    i.prvUnlockQueue                         0x080036b6   Section        0  queue.o(i.prvUnlockQueue)
    prvUnlockQueue                           0x080036b7   Thumb Code   126  queue.o(i.prvUnlockQueue)
    i.pvPortMalloc                           0x08003734   Section        0  heap_4.o(i.pvPortMalloc)
    i.pxPortInitialiseStack                  0x0800387c   Section        0  port.o(i.pxPortInitialiseStack)
    i.sEE_Init                               0x080038a8   Section        0  stm32f429i_discovery_i2c_ee.o(i.sEE_Init)
    i.sEE_LowLevel_Init                      0x0800390c   Section        0  stm32f429i_discovery.o(i.sEE_LowLevel_Init)
    i.sEE_TIMEOUT_UserCallback               0x08003a68   Section        0  main.o(i.sEE_TIMEOUT_UserCallback)
    i.uxListRemove                           0x08003a6c   Section        0  list.o(i.uxListRemove)
    i.vApplicationIdleHook                   0x08003a94   Section        0  main.o(i.vApplicationIdleHook)
    i.vApplicationMallocFailedHook           0x08003a96   Section        0  main.o(i.vApplicationMallocFailedHook)
    i.vApplicationStackOverflowHook          0x08003a98   Section        0  main.o(i.vApplicationStackOverflowHook)
    i.vApplicationTickHook                   0x08003a9a   Section        0  main.o(i.vApplicationTickHook)
    i.vListInitialise                        0x08003a9c   Section        0  list.o(i.vListInitialise)
    i.vListInitialiseItem                    0x08003ab6   Section        0  list.o(i.vListInitialiseItem)
    i.vListInsert                            0x08003abc   Section        0  list.o(i.vListInsert)
    i.vListInsertEnd                         0x08003af0   Section        0  list.o(i.vListInsertEnd)
    i.vPortEnterCritical                     0x08003b08   Section        0  port.o(i.vPortEnterCritical)
    i.vPortExitCritical                      0x08003b5c   Section        0  port.o(i.vPortExitCritical)
    i.vPortFree                              0x08003b98   Section        0  heap_4.o(i.vPortFree)
    i.vPortSetupTimerInterrupt               0x08003c2c   Section        0  port.o(i.vPortSetupTimerInterrupt)
    i.vPortValidateInterruptPriority         0x08003c54   Section        0  port.o(i.vPortValidateInterruptPriority)
    i.vQueueAddToRegistry                    0x08003ccc   Section        0  queue.o(i.vQueueAddToRegistry)
    i.vQueueWaitForMessageRestricted         0x08003cf8   Section        0  queue.o(i.vQueueWaitForMessageRestricted)
    i.vTaskCode1                             0x08003d42   Section        0  freertos.o(i.vTaskCode1)
    i.vTaskCode2                             0x08003d76   Section        0  freertos.o(i.vTaskCode2)
    i.vTaskDelay                             0x08003dcc   Section        0  tasks.o(i.vTaskDelay)
    i.vTaskInternalSetTimeOutState           0x08003e28   Section        0  tasks.o(i.vTaskInternalSetTimeOutState)
    i.vTaskMissedYield                       0x08003e40   Section        0  tasks.o(i.vTaskMissedYield)
    i.vTaskPlaceOnEventList                  0x08003e4c   Section        0  tasks.o(i.vTaskPlaceOnEventList)
    i.vTaskPlaceOnEventListRestricted        0x08003e84   Section        0  tasks.o(i.vTaskPlaceOnEventListRestricted)
    i.vTaskStartScheduler                    0x08003ec4   Section        0  tasks.o(i.vTaskStartScheduler)
    i.vTaskSuspendAll                        0x08003f58   Section        0  tasks.o(i.vTaskSuspendAll)
    i.vTaskSwitchContext                     0x08003f68   Section        0  tasks.o(i.vTaskSwitchContext)
    i.xPortStartScheduler                    0x0800402c   Section        0  port.o(i.xPortStartScheduler)
    i.xQueueGenericCreate                    0x08004194   Section        0  queue.o(i.xQueueGenericCreate)
    i.xQueueGenericReset                     0x080041f0   Section        0  queue.o(i.xQueueGenericReset)
    i.xQueueGenericSend                      0x08004288   Section        0  queue.o(i.xQueueGenericSend)
    i.xQueueGenericSendFromISR               0x08004430   Section        0  queue.o(i.xQueueGenericSendFromISR)
    i.xQueueReceive                          0x08004528   Section        0  queue.o(i.xQueueReceive)
    i.xTaskCheckForTimeOut                   0x08004690   Section        0  tasks.o(i.xTaskCheckForTimeOut)
    i.xTaskCreate                            0x0800471c   Section        0  tasks.o(i.xTaskCreate)
    i.xTaskGetSchedulerState                 0x0800477c   Section        0  tasks.o(i.xTaskGetSchedulerState)
    i.xTaskGetTickCount                      0x0800479c   Section        0  tasks.o(i.xTaskGetTickCount)
    i.xTaskIncrementTick                     0x080047a8   Section        0  tasks.o(i.xTaskIncrementTick)
    i.xTaskPriorityDisinherit                0x080048fc   Section        0  tasks.o(i.xTaskPriorityDisinherit)
    i.xTaskRemoveFromEventList               0x080049c4   Section        0  tasks.o(i.xTaskRemoveFromEventList)
    i.xTaskResumeAll                         0x08004a5c   Section        0  tasks.o(i.xTaskResumeAll)
    i.xTimerCreateTimerTask                  0x08004b60   Section        0  timers.o(i.xTimerCreateTimerTask)
    i.xTimerGenericCommand                   0x08004bb8   Section        0  timers.o(i.xTimerGenericCommand)
    x$fpl$fpinit                             0x08004c3c   Section       10  fpinit.o(x$fpl$fpinit)
    $v0                                      0x08004c3c   Number         0  fpinit.o(x$fpl$fpinit)
    .constdata                               0x08004c48   Section       25  stm32f429i_discovery.o(.constdata)
    .constdata                               0x08004c62   Section    10704  stm32f429i_discovery_lcd.o(.constdata)
    .data                                    0x20000000   Section        7  main.o(.data)
    .data                                    0x20000008   Section       20  system_stm32f4xx.o(.data)
    .data                                    0x2000001c   Section       16  freertos.o(.data)
    .data                                    0x2000002c   Section       16  stm32f4xx_rcc.o(.data)
    APBAHBPrescTable                         0x2000002c   Data          16  stm32f4xx_rcc.o(.data)
    .data                                    0x2000003c   Section       16  stm32f429i_discovery.o(.data)
    .data                                    0x2000004c   Section       17  stm32f429i_discovery_i2c_ee.o(.data)
    .data                                    0x20000060   Section       20  stm32f429i_discovery_ioe.o(.data)
    _x                                       0x2000006c   Data           4  stm32f429i_discovery_ioe.o(.data)
    _y                                       0x20000070   Data           4  stm32f429i_discovery_ioe.o(.data)
    .data                                    0x20000074   Section        4  stm32f429i_discovery_l3gd20.o(.data)
    .data                                    0x20000078   Section       48  stm32f429i_discovery_lcd.o(.data)
    LCD_Currentfonts                         0x20000098   Data           4  stm32f429i_discovery_lcd.o(.data)
    CurrentTextColor                         0x2000009c   Data           2  stm32f429i_discovery_lcd.o(.data)
    CurrentBackColor                         0x2000009e   Data           2  stm32f429i_discovery_lcd.o(.data)
    CurrentFrameBuffer                       0x200000a0   Data           4  stm32f429i_discovery_lcd.o(.data)
    CurrentLayer                             0x200000a4   Data           4  stm32f429i_discovery_lcd.o(.data)
    .data                                    0x200000a8   Section       60  tasks.o(.data)
    pxDelayedTaskList                        0x200000ac   Data           4  tasks.o(.data)
    pxOverflowDelayedTaskList                0x200000b0   Data           4  tasks.o(.data)
    uxDeletedTasksWaitingCleanUp             0x200000b4   Data           4  tasks.o(.data)
    uxCurrentNumberOfTasks                   0x200000b8   Data           4  tasks.o(.data)
    xTickCount                               0x200000bc   Data           4  tasks.o(.data)
    uxTopReadyPriority                       0x200000c0   Data           4  tasks.o(.data)
    xSchedulerRunning                        0x200000c4   Data           4  tasks.o(.data)
    uxPendedTicks                            0x200000c8   Data           4  tasks.o(.data)
    xYieldPending                            0x200000cc   Data           4  tasks.o(.data)
    xNumOfOverflows                          0x200000d0   Data           4  tasks.o(.data)
    uxTaskNumber                             0x200000d4   Data           4  tasks.o(.data)
    xNextTaskUnblockTime                     0x200000d8   Data           4  tasks.o(.data)
    xIdleTaskHandle                          0x200000dc   Data           4  tasks.o(.data)
    uxSchedulerSuspended                     0x200000e0   Data           4  tasks.o(.data)
    .data                                    0x200000e4   Section       20  timers.o(.data)
    pxCurrentTimerList                       0x200000e4   Data           4  timers.o(.data)
    pxOverflowTimerList                      0x200000e8   Data           4  timers.o(.data)
    xTimerQueue                              0x200000ec   Data           4  timers.o(.data)
    xTimerTaskHandle                         0x200000f0   Data           4  timers.o(.data)
    xLastTime                                0x200000f4   Data           4  timers.o(.data)
    .data                                    0x200000f8   Section       12  port.o(.data)
    uxCriticalNesting                        0x200000f8   Data           4  port.o(.data)
    ucMaxSysCallPriority                     0x200000fc   Data           1  port.o(.data)
    ulMaxPRIGROUPValue                       0x20000100   Data           4  port.o(.data)
    .data                                    0x20000104   Section       24  heap_4.o(.data)
    xStart                                   0x20000104   Data           8  heap_4.o(.data)
    pxEnd                                    0x2000010c   Data           4  heap_4.o(.data)
    xFreeBytesRemaining                      0x20000110   Data           4  heap_4.o(.data)
    xMinimumEverFreeBytesRemaining           0x20000114   Data           4  heap_4.o(.data)
    xBlockAllocatedBit                       0x20000118   Data           4  heap_4.o(.data)
    .bss                                     0x2000011c   Section       60  stm32f429i_discovery.o(.bss)
    .bss                                     0x20000158   Section       64  queue.o(.bss)
    .bss                                     0x20000198   Section      200  tasks.o(.bss)
    pxReadyTasksLists                        0x20000198   Data         100  tasks.o(.bss)
    xDelayedTaskList1                        0x200001fc   Data          20  tasks.o(.bss)
    xDelayedTaskList2                        0x20000210   Data          20  tasks.o(.bss)
    xPendingReadyList                        0x20000224   Data          20  tasks.o(.bss)
    xTasksWaitingTermination                 0x20000238   Data          20  tasks.o(.bss)
    xSuspendedTaskList                       0x2000024c   Data          20  tasks.o(.bss)
    .bss                                     0x20000260   Section       40  timers.o(.bss)
    xActiveTimerList1                        0x20000260   Data          20  timers.o(.bss)
    xActiveTimerList2                        0x20000274   Data          20  timers.o(.bss)
    .bss                                     0x20000288   Section    76800  heap_4.o(.bss)
    ucHeap                                   0x20000288   Data       76800  heap_4.o(.bss)
    .bss                                     0x20012e88   Section       96  libspace.o(.bss)
    HEAP                                     0x20012ee8   Section      512  startup_stm32f429_439xx.o(HEAP)
    Heap_Mem                                 0x20012ee8   Data         512  startup_stm32f429_439xx.o(HEAP)
    STACK                                    0x200130e8   Section     1024  startup_stm32f429_439xx.o(STACK)
    Stack_Mem                                0x200130e8   Data        1024  startup_stm32f429_439xx.o(STACK)
    __initial_sp                             0x200134e8   Data           0  startup_stm32f429_439xx.o(STACK)

    Global Symbols

    Symbol Name                              Value     Ov Type        Size  Object(Section)

    BuildAttributes$$THM_ISAv4$E$P$D$K$B$S$7EM$VFPi3$EXTD16$VFPS$VFMA$PE$A:L22UL41UL21$X:L11$S22US41US21$IEEE1$IW$USESV6$~STKCKD$USESV7$~SHL$OSPACE$ROPI$EBA8$UX$STANDARDLIB$REQ8$PRES8$EABIv2 0x00000000   Number         0  anon$$obj.o ABSOLUTE
    __ARM_use_no_argv                        0x00000000   Number         0  main.o ABSOLUTE
    __ARM_exceptions_init                     - Undefined Weak Reference
    __alloca_initialize                       - Undefined Weak Reference
    __arm_preinit_                            - Undefined Weak Reference
    __cpp_initialize__aeabi_                  - Undefined Weak Reference
    __cxa_finalize                            - Undefined Weak Reference
    __rt_locale                               - Undefined Weak Reference
    __sigvec_lookup                           - Undefined Weak Reference
    _atexit_init                              - Undefined Weak Reference
    _call_atexit_fns                          - Undefined Weak Reference
    _clock_init                               - Undefined Weak Reference
    _fp_trap_init                             - Undefined Weak Reference
    _fp_trap_shutdown                         - Undefined Weak Reference
    _get_lc_collate                           - Undefined Weak Reference
    _get_lc_ctype                             - Undefined Weak Reference
    _get_lc_monetary                          - Undefined Weak Reference
    _get_lc_numeric                           - Undefined Weak Reference
    _get_lc_time                              - Undefined Weak Reference
    _getenv_init                              - Undefined Weak Reference
    _handle_redirection                       - Undefined Weak Reference
    _init_alloc                               - Undefined Weak Reference
    _init_user_alloc                          - Undefined Weak Reference
    _initio                                   - Undefined Weak Reference
    _rand_init                                - Undefined Weak Reference
    _signal_finish                            - Undefined Weak Reference
    _signal_init                              - Undefined Weak Reference
    _terminate_alloc                          - Undefined Weak Reference
    _terminate_user_alloc                     - Undefined Weak Reference
    _terminateio                              - Undefined Weak Reference
    __Vectors_Size                           0x000001ac   Number         0  startup_stm32f429_439xx.o ABSOLUTE
    __Vectors                                0x08000000   Data           4  startup_stm32f429_439xx.o(RESET)
    __Vectors_End                            0x080001ac   Data           0  startup_stm32f429_439xx.o(RESET)
    __main                                   0x080001ad   Thumb Code     8  __main.o(!!!main)
    __scatterload                            0x080001b5   Thumb Code     0  __scatter.o(!!!scatter)
    __scatterload_rt2                        0x080001b5   Thumb Code    44  __scatter.o(!!!scatter)
    __scatterload_rt2_thumb_only             0x080001b5   Thumb Code     0  __scatter.o(!!!scatter)
    __scatterload_null                       0x080001c3   Thumb Code     0  __scatter.o(!!!scatter)
    __scatterload_copy                       0x080001e9   Thumb Code    26  __scatter_copy.o(!!handler_copy)
    __scatterload_zeroinit                   0x08000205   Thumb Code    28  __scatter_zi.o(!!handler_zi)
    __rt_lib_init                            0x08000221   Thumb Code     0  libinit.o(.ARM.Collect$$libinit$$00000000)
    __rt_lib_init_fp_1                       0x08000223   Thumb Code     0  libinit2.o(.ARM.Collect$$libinit$$00000001)
    __rt_lib_init_alloca_1                   0x08000227   Thumb Code     0  libinit2.o(.ARM.Collect$$libinit$$0000002E)
    __rt_lib_init_argv_1                     0x08000227   Thumb Code     0  libinit2.o(.ARM.Collect$$libinit$$0000002C)
    __rt_lib_init_atexit_1                   0x08000227   Thumb Code     0  libinit2.o(.ARM.Collect$$libinit$$0000001B)
    __rt_lib_init_clock_1                    0x08000227   Thumb Code     0  libinit2.o(.ARM.Collect$$libinit$$00000021)
    __rt_lib_init_cpp_1                      0x08000227   Thumb Code     0  libinit2.o(.ARM.Collect$$libinit$$00000032)
    __rt_lib_init_exceptions_1               0x08000227   Thumb Code     0  libinit2.o(.ARM.Collect$$libinit$$00000030)
    __rt_lib_init_fp_trap_1                  0x08000227   Thumb Code     0  libinit2.o(.ARM.Collect$$libinit$$0000001F)
    __rt_lib_init_getenv_1                   0x08000227   Thumb Code     0  libinit2.o(.ARM.Collect$$libinit$$00000023)
    __rt_lib_init_heap_1                     0x08000227   Thumb Code     0  libinit2.o(.ARM.Collect$$libinit$$0000000A)
    __rt_lib_init_lc_collate_1               0x08000227   Thumb Code     0  libinit2.o(.ARM.Collect$$libinit$$00000011)
    __rt_lib_init_lc_ctype_1                 0x08000227   Thumb Code     0  libinit2.o(.ARM.Collect$$libinit$$00000013)
    __rt_lib_init_lc_monetary_1              0x08000227   Thumb Code     0  libinit2.o(.ARM.Collect$$libinit$$00000015)
    __rt_lib_init_lc_numeric_1               0x08000227   Thumb Code     0  libinit2.o(.ARM.Collect$$libinit$$00000017)
    __rt_lib_init_lc_time_1                  0x08000227   Thumb Code     0  libinit2.o(.ARM.Collect$$libinit$$00000019)
    __rt_lib_init_preinit_1                  0x08000227   Thumb Code     0  libinit2.o(.ARM.Collect$$libinit$$00000004)
    __rt_lib_init_rand_1                     0x08000227   Thumb Code     0  libinit2.o(.ARM.Collect$$libinit$$0000000E)
    __rt_lib_init_return                     0x08000227   Thumb Code     0  libinit2.o(.ARM.Collect$$libinit$$00000033)
    __rt_lib_init_signal_1                   0x08000227   Thumb Code     0  libinit2.o(.ARM.Collect$$libinit$$0000001D)
    __rt_lib_init_stdio_1                    0x08000227   Thumb Code     0  libinit2.o(.ARM.Collect$$libinit$$00000025)
    __rt_lib_init_user_alloc_1               0x08000227   Thumb Code     0  libinit2.o(.ARM.Collect$$libinit$$0000000C)
    __rt_lib_shutdown                        0x08000229   Thumb Code     0  libshutdown.o(.ARM.Collect$$libshutdown$$00000000)
    __rt_lib_shutdown_cpp_1                  0x0800022b   Thumb Code     0  libshutdown2.o(.ARM.Collect$$libshutdown$$00000002)
    __rt_lib_shutdown_fp_trap_1              0x0800022b   Thumb Code     0  libshutdown2.o(.ARM.Collect$$libshutdown$$00000007)
    __rt_lib_shutdown_heap_1                 0x0800022b   Thumb Code     0  libshutdown2.o(.ARM.Collect$$libshutdown$$0000000F)
    __rt_lib_shutdown_return                 0x0800022b   Thumb Code     0  libshutdown2.o(.ARM.Collect$$libshutdown$$00000010)
    __rt_lib_shutdown_signal_1               0x0800022b   Thumb Code     0  libshutdown2.o(.ARM.Collect$$libshutdown$$0000000A)
    __rt_lib_shutdown_stdio_1                0x0800022b   Thumb Code     0  libshutdown2.o(.ARM.Collect$$libshutdown$$00000004)
    __rt_lib_shutdown_user_alloc_1           0x0800022b   Thumb Code     0  libshutdown2.o(.ARM.Collect$$libshutdown$$0000000C)
    __rt_entry                               0x0800022d   Thumb Code     0  __rtentry.o(.ARM.Collect$$rtentry$$00000000)
    __rt_entry_presh_1                       0x0800022d   Thumb Code     0  __rtentry2.o(.ARM.Collect$$rtentry$$00000002)
    __rt_entry_sh                            0x0800022d   Thumb Code     0  __rtentry4.o(.ARM.Collect$$rtentry$$00000004)
    __rt_entry_li                            0x08000233   Thumb Code     0  __rtentry2.o(.ARM.Collect$$rtentry$$0000000A)
    __rt_entry_postsh_1                      0x08000233   Thumb Code     0  __rtentry2.o(.ARM.Collect$$rtentry$$00000009)
    __rt_entry_main                          0x08000237   Thumb Code     0  __rtentry2.o(.ARM.Collect$$rtentry$$0000000D)
    __rt_entry_postli_1                      0x08000237   Thumb Code     0  __rtentry2.o(.ARM.Collect$$rtentry$$0000000C)
    __rt_exit                                0x0800023f   Thumb Code     0  rtexit.o(.ARM.Collect$$rtexit$$00000000)
    __rt_exit_ls                             0x08000241   Thumb Code     0  rtexit2.o(.ARM.Collect$$rtexit$$00000003)
    __rt_exit_prels_1                        0x08000241   Thumb Code     0  rtexit2.o(.ARM.Collect$$rtexit$$00000002)
    __rt_exit_exit                           0x08000245   Thumb Code     0  rtexit2.o(.ARM.Collect$$rtexit$$00000004)
    SVC_Handler                              0x0800024d   Thumb Code    28  port.o(.emb_text)
    __asm___6_port_c_39a90d8d__prvStartFirstTask 0x0800026d   Thumb Code    36  port.o(.emb_text)
    __asm___6_port_c_39a90d8d__prvEnableVFP  0x08000295   Thumb Code    16  port.o(.emb_text)
    PendSV_Handler                           0x080002a9   Thumb Code    88  port.o(.emb_text)
    vPortGetIPSR                             0x08000305   Thumb Code     6  port.o(.emb_text)
    Reset_Handler                            0x0800030d   Thumb Code     8  startup_stm32f429_439xx.o(.text)
    ADC_IRQHandler                           0x08000327   Thumb Code     0  startup_stm32f429_439xx.o(.text)
    CAN1_RX0_IRQHandler                      0x08000327   Thumb Code     0  startup_stm32f429_439xx.o(.text)
    CAN1_RX1_IRQHandler                      0x08000327   Thumb Code     0  startup_stm32f429_439xx.o(.text)
    CAN1_SCE_IRQHandler                      0x08000327   Thumb Code     0  startup_stm32f429_439xx.o(.text)
    CAN1_TX_IRQHandler                       0x08000327   Thumb Code     0  startup_stm32f429_439xx.o(.text)
    CAN2_RX0_IRQHandler                      0x08000327   Thumb Code     0  startup_stm32f429_439xx.o(.text)
    CAN2_RX1_IRQHandler                      0x08000327   Thumb Code     0  startup_stm32f429_439xx.o(.text)
    CAN2_SCE_IRQHandler                      0x08000327   Thumb Code     0  startup_stm32f429_439xx.o(.text)
    CAN2_TX_IRQHandler                       0x08000327   Thumb Code     0  startup_stm32f429_439xx.o(.text)
    CRYP_IRQHandler                          0x08000327   Thumb Code     0  startup_stm32f429_439xx.o(.text)
    DCMI_IRQHandler                          0x08000327   Thumb Code     0  startup_stm32f429_439xx.o(.text)
    DMA1_Stream0_IRQHandler                  0x08000327   Thumb Code     0  startup_stm32f429_439xx.o(.text)
    DMA1_Stream1_IRQHandler                  0x08000327   Thumb Code     0  startup_stm32f429_439xx.o(.text)
    DMA1_Stream3_IRQHandler                  0x08000327   Thumb Code     0  startup_stm32f429_439xx.o(.text)
    DMA1_Stream5_IRQHandler                  0x08000327   Thumb Code     0  startup_stm32f429_439xx.o(.text)
    DMA1_Stream6_IRQHandler                  0x08000327   Thumb Code     0  startup_stm32f429_439xx.o(.text)
    DMA1_Stream7_IRQHandler                  0x08000327   Thumb Code     0  startup_stm32f429_439xx.o(.text)
    DMA2D_IRQHandler                         0x08000327   Thumb Code     0  startup_stm32f429_439xx.o(.text)
    DMA2_Stream0_IRQHandler                  0x08000327   Thumb Code     0  startup_stm32f429_439xx.o(.text)
    DMA2_Stream1_IRQHandler                  0x08000327   Thumb Code     0  startup_stm32f429_439xx.o(.text)
    DMA2_Stream2_IRQHandler                  0x08000327   Thumb Code     0  startup_stm32f429_439xx.o(.text)
    DMA2_Stream3_IRQHandler                  0x08000327   Thumb Code     0  startup_stm32f429_439xx.o(.text)
    DMA2_Stream4_IRQHandler                  0x08000327   Thumb Code     0  startup_stm32f429_439xx.o(.text)
    DMA2_Stream5_IRQHandler                  0x08000327   Thumb Code     0  startup_stm32f429_439xx.o(.text)
    DMA2_Stream6_IRQHandler                  0x08000327   Thumb Code     0  startup_stm32f429_439xx.o(.text)
    DMA2_Stream7_IRQHandler                  0x08000327   Thumb Code     0  startup_stm32f429_439xx.o(.text)
    ETH_IRQHandler                           0x08000327   Thumb Code     0  startup_stm32f429_439xx.o(.text)
    ETH_WKUP_IRQHandler                      0x08000327   Thumb Code     0  startup_stm32f429_439xx.o(.text)
    EXTI0_IRQHandler                         0x08000327   Thumb Code     0  startup_stm32f429_439xx.o(.text)
    EXTI15_10_IRQHandler                     0x08000327   Thumb Code     0  startup_stm32f429_439xx.o(.text)
    EXTI1_IRQHandler                         0x08000327   Thumb Code     0  startup_stm32f429_439xx.o(.text)
    EXTI2_IRQHandler                         0x08000327   Thumb Code     0  startup_stm32f429_439xx.o(.text)
    EXTI3_IRQHandler                         0x08000327   Thumb Code     0  startup_stm32f429_439xx.o(.text)
    EXTI4_IRQHandler                         0x08000327   Thumb Code     0  startup_stm32f429_439xx.o(.text)
    EXTI9_5_IRQHandler                       0x08000327   Thumb Code     0  startup_stm32f429_439xx.o(.text)
    FLASH_IRQHandler                         0x08000327   Thumb Code     0  startup_stm32f429_439xx.o(.text)
    FMC_IRQHandler                           0x08000327   Thumb Code     0  startup_stm32f429_439xx.o(.text)
    FPU_IRQHandler                           0x08000327   Thumb Code     0  startup_stm32f429_439xx.o(.text)
    HASH_RNG_IRQHandler                      0x08000327   Thumb Code     0  startup_stm32f429_439xx.o(.text)
    I2C1_ER_IRQHandler                       0x08000327   Thumb Code     0  startup_stm32f429_439xx.o(.text)
    I2C1_EV_IRQHandler                       0x08000327   Thumb Code     0  startup_stm32f429_439xx.o(.text)
    I2C2_ER_IRQHandler                       0x08000327   Thumb Code     0  startup_stm32f429_439xx.o(.text)
    I2C2_EV_IRQHandler                       0x08000327   Thumb Code     0  startup_stm32f429_439xx.o(.text)
    I2C3_ER_IRQHandler                       0x08000327   Thumb Code     0  startup_stm32f429_439xx.o(.text)
    I2C3_EV_IRQHandler                       0x08000327   Thumb Code     0  startup_stm32f429_439xx.o(.text)
    LTDC_ER_IRQHandler                       0x08000327   Thumb Code     0  startup_stm32f429_439xx.o(.text)
    LTDC_IRQHandler                          0x08000327   Thumb Code     0  startup_stm32f429_439xx.o(.text)
    OTG_FS_IRQHandler                        0x08000327   Thumb Code     0  startup_stm32f429_439xx.o(.text)
    OTG_FS_WKUP_IRQHandler                   0x08000327   Thumb Code     0  startup_stm32f429_439xx.o(.text)
    OTG_HS_EP1_IN_IRQHandler                 0x08000327   Thumb Code     0  startup_stm32f429_439xx.o(.text)
    OTG_HS_EP1_OUT_IRQHandler                0x08000327   Thumb Code     0  startup_stm32f429_439xx.o(.text)
    OTG_HS_IRQHandler                        0x08000327   Thumb Code     0  startup_stm32f429_439xx.o(.text)
    OTG_HS_WKUP_IRQHandler                   0x08000327   Thumb Code     0  startup_stm32f429_439xx.o(.text)
    PVD_IRQHandler                           0x08000327   Thumb Code     0  startup_stm32f429_439xx.o(.text)
    RCC_IRQHandler                           0x08000327   Thumb Code     0  startup_stm32f429_439xx.o(.text)
    RTC_Alarm_IRQHandler                     0x08000327   Thumb Code     0  startup_stm32f429_439xx.o(.text)
    RTC_WKUP_IRQHandler                      0x08000327   Thumb Code     0  startup_stm32f429_439xx.o(.text)
    SAI1_IRQHandler                          0x08000327   Thumb Code     0  startup_stm32f429_439xx.o(.text)
    SDIO_IRQHandler                          0x08000327   Thumb Code     0  startup_stm32f429_439xx.o(.text)
    SPI1_IRQHandler                          0x08000327   Thumb Code     0  startup_stm32f429_439xx.o(.text)
    SPI2_IRQHandler                          0x08000327   Thumb Code     0  startup_stm32f429_439xx.o(.text)
    SPI3_IRQHandler                          0x08000327   Thumb Code     0  startup_stm32f429_439xx.o(.text)
    SPI4_IRQHandler                          0x08000327   Thumb Code     0  startup_stm32f429_439xx.o(.text)
    SPI5_IRQHandler                          0x08000327   Thumb Code     0  startup_stm32f429_439xx.o(.text)
    SPI6_IRQHandler                          0x08000327   Thumb Code     0  startup_stm32f429_439xx.o(.text)
    TAMP_STAMP_IRQHandler                    0x08000327   Thumb Code     0  startup_stm32f429_439xx.o(.text)
    TIM1_BRK_TIM9_IRQHandler                 0x08000327   Thumb Code     0  startup_stm32f429_439xx.o(.text)
    TIM1_CC_IRQHandler                       0x08000327   Thumb Code     0  startup_stm32f429_439xx.o(.text)
    TIM1_TRG_COM_TIM11_IRQHandler            0x08000327   Thumb Code     0  startup_stm32f429_439xx.o(.text)
    TIM1_UP_TIM10_IRQHandler                 0x08000327   Thumb Code     0  startup_stm32f429_439xx.o(.text)
    TIM2_IRQHandler                          0x08000327   Thumb Code     0  startup_stm32f429_439xx.o(.text)
    TIM3_IRQHandler                          0x08000327   Thumb Code     0  startup_stm32f429_439xx.o(.text)
    TIM4_IRQHandler                          0x08000327   Thumb Code     0  startup_stm32f429_439xx.o(.text)
    TIM5_IRQHandler                          0x08000327   Thumb Code     0  startup_stm32f429_439xx.o(.text)
    TIM6_DAC_IRQHandler                      0x08000327   Thumb Code     0  startup_stm32f429_439xx.o(.text)
    TIM7_IRQHandler                          0x08000327   Thumb Code     0  startup_stm32f429_439xx.o(.text)
    TIM8_BRK_TIM12_IRQHandler                0x08000327   Thumb Code     0  startup_stm32f429_439xx.o(.text)
    TIM8_CC_IRQHandler                       0x08000327   Thumb Code     0  startup_stm32f429_439xx.o(.text)
    TIM8_TRG_COM_TIM14_IRQHandler            0x08000327   Thumb Code     0  startup_stm32f429_439xx.o(.text)
    TIM8_UP_TIM13_IRQHandler                 0x08000327   Thumb Code     0  startup_stm32f429_439xx.o(.text)
    UART4_IRQHandler                         0x08000327   Thumb Code     0  startup_stm32f429_439xx.o(.text)
    UART5_IRQHandler                         0x08000327   Thumb Code     0  startup_stm32f429_439xx.o(.text)
    UART7_IRQHandler                         0x08000327   Thumb Code     0  startup_stm32f429_439xx.o(.text)
    UART8_IRQHandler                         0x08000327   Thumb Code     0  startup_stm32f429_439xx.o(.text)
    USART1_IRQHandler                        0x08000327   Thumb Code     0  startup_stm32f429_439xx.o(.text)
    USART2_IRQHandler                        0x08000327   Thumb Code     0  startup_stm32f429_439xx.o(.text)
    USART3_IRQHandler                        0x08000327   Thumb Code     0  startup_stm32f429_439xx.o(.text)
    USART6_IRQHandler                        0x08000327   Thumb Code     0  startup_stm32f429_439xx.o(.text)
    WWDG_IRQHandler                          0x08000327   Thumb Code     0  startup_stm32f429_439xx.o(.text)
    __user_initial_stackheap                 0x08000329   Thumb Code     0  startup_stm32f429_439xx.o(.text)
    __aeabi_memcpy                           0x0800034d   Thumb Code     0  rt_memcpy_v6.o(.text)
    __rt_memcpy                              0x0800034d   Thumb Code   138  rt_memcpy_v6.o(.text)
    _memcpy_lastbytes                        0x080003b3   Thumb Code     0  rt_memcpy_v6.o(.text)
    __aeabi_memset                           0x080003d7   Thumb Code    16  aeabi_memset.o(.text)
    __aeabi_memclr4                          0x080003e7   Thumb Code     0  rt_memclr_w.o(.text)
    __aeabi_memclr8                          0x080003e7   Thumb Code     0  rt_memclr_w.o(.text)
    __rt_memclr_w                            0x080003e7   Thumb Code    78  rt_memclr_w.o(.text)
    _memset_w                                0x080003eb   Thumb Code     0  rt_memclr_w.o(.text)
    __use_two_region_memory                  0x08000435   Thumb Code     2  heapauxi.o(.text)
    __rt_heap_escrow$2region                 0x08000437   Thumb Code     2  heapauxi.o(.text)
    __rt_heap_expand$2region                 0x08000439   Thumb Code     2  heapauxi.o(.text)
    __aeabi_memcpy4                          0x0800043b   Thumb Code     0  rt_memcpy_w.o(.text)
    __aeabi_memcpy8                          0x0800043b   Thumb Code     0  rt_memcpy_w.o(.text)
    __rt_memcpy_w                            0x0800043b   Thumb Code   100  rt_memcpy_w.o(.text)
    _memcpy_lastbytes_aligned                0x08000483   Thumb Code     0  rt_memcpy_w.o(.text)
    __aeabi_memclr                           0x0800049f   Thumb Code     0  rt_memclr.o(.text)
    __rt_memclr                              0x0800049f   Thumb Code    68  rt_memclr.o(.text)
    _memset                                  0x080004a3   Thumb Code     0  rt_memclr.o(.text)
    __user_setup_stackheap                   0x080004e3   Thumb Code    74  sys_stackheap_outer.o(.text)
    exit                                     0x0800052d   Thumb Code    18  exit.o(.text)
    __user_libspace                          0x08000541   Thumb Code     8  libspace.o(.text)
    __user_perproc_libspace                  0x08000541   Thumb Code     0  libspace.o(.text)
    __user_perthread_libspace                0x08000541   Thumb Code     0  libspace.o(.text)
    _sys_exit                                0x08000549   Thumb Code     8  sys_exit.o(.text)
    __I$use$semihosting                      0x08000555   Thumb Code     0  use_no_semi.o(.text)
    __use_no_semihosting_swi                 0x08000555   Thumb Code     2  use_no_semi.o(.text)
    BusFault_Handler                         0x08000557   Thumb Code     4  stm32f4xx_it.o(i.BusFault_Handler)
    __semihosting_library_function           0x08000557   Thumb Code     0  indicate_semi.o(.text)
    DMA1_Stream2_IRQHandler                  0x0800055d   Thumb Code    50  stm32f429i_discovery_i2c_ee.o(i.DMA1_Stream2_IRQHandler)
    DMA1_Stream4_IRQHandler                  0x0800059d   Thumb Code    84  stm32f429i_discovery_i2c_ee.o(i.DMA1_Stream4_IRQHandler)
    DMA2D_DeInit                             0x08000609   Thumb Code    22  stm32f4xx_dma2d.o(i.DMA2D_DeInit)
    DMA2D_GetFlagStatus                      0x08000621   Thumb Code    20  stm32f4xx_dma2d.o(i.DMA2D_GetFlagStatus)
    DMA2D_Init                               0x08000639   Thumb Code   218  stm32f4xx_dma2d.o(i.DMA2D_Init)
    DMA2D_StartTransfer                      0x0800071d   Thumb Code    14  stm32f4xx_dma2d.o(i.DMA2D_StartTransfer)
    DMA_ClearFlag                            0x08000731   Thumb Code    38  stm32f4xx_dma.o(i.DMA_ClearFlag)
    DMA_Cmd                                  0x08000765   Thumb Code    22  stm32f4xx_dma.o(i.DMA_Cmd)
    DMA_DeInit                               0x0800077d   Thumb Code   324  stm32f4xx_dma.o(i.DMA_DeInit)
    DMA_GetFlagStatus                        0x080008d5   Thumb Code    54  stm32f4xx_dma.o(i.DMA_GetFlagStatus)
    DMA_ITConfig                             0x08000919   Thumb Code    58  stm32f4xx_dma.o(i.DMA_ITConfig)
    DMA_Init                                 0x08000955   Thumb Code    82  stm32f4xx_dma.o(i.DMA_Init)
    DebugMon_Handler                         0x080009ad   Thumb Code     2  stm32f4xx_it.o(i.DebugMon_Handler)
    EXTI_Init                                0x080009b1   Thumb Code   142  stm32f4xx_exti.o(i.EXTI_Init)
    FMC_GetFlagStatus                        0x08000a45   Thumb Code    68  stm32f4xx_fmc.o(i.FMC_GetFlagStatus)
    FMC_SDRAMCmdConfig                       0x08000a8d   Thumb Code    28  stm32f4xx_fmc.o(i.FMC_SDRAMCmdConfig)
    FMC_SDRAMInit                            0x08000aad   Thumb Code   242  stm32f4xx_fmc.o(i.FMC_SDRAMInit)
    FMC_SetRefreshCount                      0x08000ba5   Thumb Code    18  stm32f4xx_fmc.o(i.FMC_SetRefreshCount)
    GPIO_Init                                0x08000bbd   Thumb Code   144  stm32f4xx_gpio.o(i.GPIO_Init)
    GPIO_PinAFConfig                         0x08000c4d   Thumb Code    70  stm32f4xx_gpio.o(i.GPIO_PinAFConfig)
    GPIO_ResetBits                           0x08000c93   Thumb Code     4  stm32f4xx_gpio.o(i.GPIO_ResetBits)
    GPIO_SetBits                             0x08000c97   Thumb Code     4  stm32f4xx_gpio.o(i.GPIO_SetBits)
    GPIO_WriteBit                            0x08000c9b   Thumb Code    10  stm32f4xx_gpio.o(i.GPIO_WriteBit)
    HardFault_Handler                        0x08000ca5   Thumb Code     4  stm32f4xx_it.o(i.HardFault_Handler)
    I2C_AcknowledgeConfig                    0x08000ca9   Thumb Code    24  stm32f4xx_i2c.o(i.I2C_AcknowledgeConfig)
    I2C_Cmd                                  0x08000cc1   Thumb Code    24  stm32f4xx_i2c.o(i.I2C_Cmd)
    I2C_DMACmd                               0x08000cd9   Thumb Code    24  stm32f4xx_i2c.o(i.I2C_DMACmd)
    I2C_DeInit                               0x08000cf1   Thumb Code    82  stm32f4xx_i2c.o(i.I2C_DeInit)
    I2C_GenerateSTART                        0x08000d51   Thumb Code    24  stm32f4xx_i2c.o(i.I2C_GenerateSTART)
    I2C_GenerateSTOP                         0x08000d69   Thumb Code    24  stm32f4xx_i2c.o(i.I2C_GenerateSTOP)
    I2C_GetFlagStatus                        0x08000d81   Thumb Code    58  stm32f4xx_i2c.o(i.I2C_GetFlagStatus)
    I2C_Init                                 0x08000dbd   Thumb Code   218  stm32f4xx_i2c.o(i.I2C_Init)
    I2C_ReadDeviceRegister                   0x08000ea5   Thumb Code   416  stm32f429i_discovery_ioe.o(i.I2C_ReadDeviceRegister)
    I2C_ReceiveData                          0x08001051   Thumb Code     8  stm32f4xx_i2c.o(i.I2C_ReceiveData)
    I2C_Send7bitAddress                      0x08001059   Thumb Code    16  stm32f4xx_i2c.o(i.I2C_Send7bitAddress)
    I2C_SendData                             0x08001069   Thumb Code     4  stm32f4xx_i2c.o(i.I2C_SendData)
    I2C_SoftwareResetCmd                     0x0800106d   Thumb Code    22  stm32f4xx_i2c.o(i.I2C_SoftwareResetCmd)
    I2C_WriteDeviceRegister                  0x08001085   Thumb Code   292  stm32f429i_discovery_ioe.o(i.I2C_WriteDeviceRegister)
    IOE_Config                               0x080011b5   Thumb Code    40  stm32f429i_discovery_ioe.o(i.IOE_Config)
    IOE_FnctCmd                              0x080011dd   Thumb Code    36  stm32f429i_discovery_ioe.o(i.IOE_FnctCmd)
    IOE_GITCmd                               0x08001201   Thumb Code    38  stm32f429i_discovery_ioe.o(i.IOE_GITCmd)
    IOE_GITConfig                            0x08001227   Thumb Code    36  stm32f429i_discovery_ioe.o(i.IOE_GITConfig)
    IOE_IOAFConfig                           0x08001319   Thumb Code    36  stm32f429i_discovery_ioe.o(i.IOE_IOAFConfig)
    IOE_IsOperational                        0x0800133d   Thumb Code    34  stm32f429i_discovery_ioe.o(i.IOE_IsOperational)
    IOE_ReadID                               0x08001365   Thumb Code    32  stm32f429i_discovery_ioe.o(i.IOE_ReadID)
    IOE_Reset                                0x08001385   Thumb Code    28  stm32f429i_discovery_ioe.o(i.IOE_Reset)
    IOE_TPITConfig                           0x080013a1   Thumb Code    26  stm32f429i_discovery_ioe.o(i.IOE_TPITConfig)
    IOE_TP_Config                            0x080013bd   Thumb Code   118  stm32f429i_discovery_ioe.o(i.IOE_TP_Config)
    IOE_TimeoutUserCallback                  0x08001439   Thumb Code    96  stm32f429i_discovery_ioe.o(i.IOE_TimeoutUserCallback)
    L3GD20_Init                              0x080014a1   Thumb Code    76  stm32f429i_discovery_l3gd20.o(i.L3GD20_Init)
    L3GD20_TIMEOUT_UserCallback              0x08001699   Thumb Code     4  main.o(i.L3GD20_TIMEOUT_UserCallback)
    L3GD20_Write                             0x0800169d   Thumb Code    58  stm32f429i_discovery_l3gd20.o(i.L3GD20_Write)
    LCD_ChipSelect                           0x08001845   Thumb Code    26  stm32f429i_discovery_lcd.o(i.LCD_ChipSelect)
    LCD_Clear                                0x08001865   Thumb Code    26  stm32f429i_discovery_lcd.o(i.LCD_Clear)
    LCD_CtrlLinesConfig                      0x08001885   Thumb Code    70  stm32f429i_discovery_lcd.o(i.LCD_CtrlLinesConfig)
    LCD_CtrlLinesWrite                       0x080018d5   Thumb Code    20  stm32f429i_discovery_lcd.o(i.LCD_CtrlLinesWrite)
    LCD_DrawLine                             0x080018e9   Thumb Code   158  stm32f429i_discovery_lcd.o(i.LCD_DrawLine)
    LCD_DrawRect                             0x08001991   Thumb Code    68  stm32f429i_discovery_lcd.o(i.LCD_DrawRect)
    LCD_Init                                 0x080019d5   Thumb Code   154  stm32f429i_discovery_lcd.o(i.LCD_Init)
    LCD_LayerInit                            0x08001a71   Thumb Code   152  stm32f429i_discovery_lcd.o(i.LCD_LayerInit)
    LCD_PowerOn                              0x08001b15   Thumb Code   652  stm32f429i_discovery_lcd.o(i.LCD_PowerOn)
    LCD_SPIConfig                            0x08001da1   Thumb Code   204  stm32f429i_discovery_lcd.o(i.LCD_SPIConfig)
    LCD_SetBackColor                         0x08001e75   Thumb Code     6  stm32f429i_discovery_lcd.o(i.LCD_SetBackColor)
    LCD_SetFont                              0x08001e81   Thumb Code     6  stm32f429i_discovery_lcd.o(i.LCD_SetFont)
    LCD_SetLayer                             0x08001e8d   Thumb Code    32  stm32f429i_discovery_lcd.o(i.LCD_SetLayer)
    LCD_SetTextColor                         0x08001eb9   Thumb Code     6  stm32f429i_discovery_lcd.o(i.LCD_SetTextColor)
    LCD_WriteCommand                         0x08001ec5   Thumb Code    66  stm32f429i_discovery_lcd.o(i.LCD_WriteCommand)
    LCD_WriteData                            0x08001f11   Thumb Code    64  stm32f429i_discovery_lcd.o(i.LCD_WriteData)
    LTDC_Cmd                                 0x08001f59   Thumb Code    30  stm32f4xx_ltdc.o(i.LTDC_Cmd)
    LTDC_DitherCmd                           0x08001f7d   Thumb Code    30  stm32f4xx_ltdc.o(i.LTDC_DitherCmd)
    LTDC_Init                                0x08001fa1   Thumb Code   378  stm32f4xx_ltdc.o(i.LTDC_Init)
    LTDC_LayerCmd                            0x08002129   Thumb Code    22  stm32f4xx_ltdc.o(i.LTDC_LayerCmd)
    LTDC_LayerInit                           0x0800213f   Thumb Code   276  stm32f4xx_ltdc.o(i.LTDC_LayerInit)
    LTDC_ReloadConfig                        0x08002255   Thumb Code     6  stm32f4xx_ltdc.o(i.LTDC_ReloadConfig)
    MemManage_Handler                        0x08002261   Thumb Code     4  stm32f4xx_it.o(i.MemManage_Handler)
    NMI_Handler                              0x08002265   Thumb Code     2  stm32f4xx_it.o(i.NMI_Handler)
    NVIC_Init                                0x08002269   Thumb Code   106  misc.o(i.NVIC_Init)
    RCC_AHB1PeriphClockCmd                   0x080022e1   Thumb Code    26  stm32f4xx_rcc.o(i.RCC_AHB1PeriphClockCmd)
    RCC_AHB1PeriphResetCmd                   0x08002301   Thumb Code    26  stm32f4xx_rcc.o(i.RCC_AHB1PeriphResetCmd)
    RCC_AHB3PeriphClockCmd                   0x08002321   Thumb Code    26  stm32f4xx_rcc.o(i.RCC_AHB3PeriphClockCmd)
    RCC_APB1PeriphClockCmd                   0x08002341   Thumb Code    26  stm32f4xx_rcc.o(i.RCC_APB1PeriphClockCmd)
    RCC_APB1PeriphResetCmd                   0x08002361   Thumb Code    26  stm32f4xx_rcc.o(i.RCC_APB1PeriphResetCmd)
    RCC_APB2PeriphClockCmd                   0x08002381   Thumb Code    26  stm32f4xx_rcc.o(i.RCC_APB2PeriphClockCmd)
    RCC_APB2PeriphResetCmd                   0x080023a1   Thumb Code    26  stm32f4xx_rcc.o(i.RCC_APB2PeriphResetCmd)
    RCC_GetClocksFreq                        0x080023c1   Thumb Code   214  stm32f4xx_rcc.o(i.RCC_GetClocksFreq)
    RCC_GetFlagStatus                        0x080024a9   Thumb Code    60  stm32f4xx_rcc.o(i.RCC_GetFlagStatus)
    RCC_LTDCCLKDivConfig                     0x080024e9   Thumb Code    18  stm32f4xx_rcc.o(i.RCC_LTDCCLKDivConfig)
    RCC_PLLSAICmd                            0x08002501   Thumb Code     6  stm32f4xx_rcc.o(i.RCC_PLLSAICmd)
    RCC_PLLSAIConfig                         0x0800250d   Thumb Code    18  stm32f4xx_rcc.o(i.RCC_PLLSAIConfig)
    SDRAM_GPIOConfig                         0x08002525   Thumb Code   492  stm32f429i_discovery_sdram.o(i.SDRAM_GPIOConfig)
    SDRAM_Init                               0x08002729   Thumb Code   104  stm32f429i_discovery_sdram.o(i.SDRAM_Init)
    SDRAM_InitSequence                       0x08002791   Thumb Code   200  stm32f429i_discovery_sdram.o(i.SDRAM_InitSequence)
    SPI_Cmd                                  0x08002859   Thumb Code    24  stm32f4xx_spi.o(i.SPI_Cmd)
    SPI_I2S_DeInit                           0x08002871   Thumb Code   152  stm32f4xx_spi.o(i.SPI_I2S_DeInit)
    SPI_I2S_GetFlagStatus                    0x08002921   Thumb Code    18  stm32f4xx_spi.o(i.SPI_I2S_GetFlagStatus)
    SPI_I2S_ReceiveData                      0x08002933   Thumb Code     6  stm32f4xx_spi.o(i.SPI_I2S_ReceiveData)
    SPI_I2S_SendData                         0x08002939   Thumb Code     4  stm32f4xx_spi.o(i.SPI_I2S_SendData)
    SPI_Init                                 0x0800293d   Thumb Code    60  stm32f4xx_spi.o(i.SPI_Init)
    STM_EVAL_LEDInit                         0x08002979   Thumb Code    62  stm32f429i_discovery.o(i.STM_EVAL_LEDInit)
    STM_EVAL_LEDToggle                       0x080029c5   Thumb Code    26  stm32f429i_discovery.o(i.STM_EVAL_LEDToggle)
    STM_EVAL_PBInit                          0x080029e9   Thumb Code   142  stm32f429i_discovery.o(i.STM_EVAL_PBInit)
    SYSCFG_EXTILineConfig                    0x08002a95   Thumb Code    60  stm32f4xx_syscfg.o(i.SYSCFG_EXTILineConfig)
    SysTick_Handler                          0x08002bf9   Thumb Code    46  port.o(i.SysTick_Handler)
    SystemInit                               0x08002c2d   Thumb Code    88  system_stm32f4xx.o(i.SystemInit)
    UsageFault_Handler                       0x08002c95   Thumb Code     4  stm32f4xx_it.o(i.UsageFault_Handler)
    freeRtosInit                             0x08002cfd   Thumb Code    52  freertos.o(i.freeRtosInit)
    main                                     0x08002d59   Thumb Code    78  main.o(i.main)
    pvPortMalloc                             0x08003735   Thumb Code   306  heap_4.o(i.pvPortMalloc)
    pxPortInitialiseStack                    0x0800387d   Thumb Code    38  port.o(i.pxPortInitialiseStack)
    sEE_Init                                 0x080038a9   Thumb Code    86  stm32f429i_discovery_i2c_ee.o(i.sEE_Init)
    sEE_LowLevel_Init                        0x0800390d   Thumb Code   316  stm32f429i_discovery.o(i.sEE_LowLevel_Init)
    sEE_TIMEOUT_UserCallback                 0x08003a69   Thumb Code     4  main.o(i.sEE_TIMEOUT_UserCallback)
    uxListRemove                             0x08003a6d   Thumb Code    40  list.o(i.uxListRemove)
    vApplicationIdleHook                     0x08003a95   Thumb Code     2  main.o(i.vApplicationIdleHook)
    vApplicationMallocFailedHook             0x08003a97   Thumb Code     2  main.o(i.vApplicationMallocFailedHook)
    vApplicationStackOverflowHook            0x08003a99   Thumb Code     2  main.o(i.vApplicationStackOverflowHook)
    vApplicationTickHook                     0x08003a9b   Thumb Code     2  main.o(i.vApplicationTickHook)
    vListInitialise                          0x08003a9d   Thumb Code    26  list.o(i.vListInitialise)
    vListInitialiseItem                      0x08003ab7   Thumb Code     6  list.o(i.vListInitialiseItem)
    vListInsert                              0x08003abd   Thumb Code    52  list.o(i.vListInsert)
    vListInsertEnd                           0x08003af1   Thumb Code    24  list.o(i.vListInsertEnd)
    vPortEnterCritical                       0x08003b09   Thumb Code    76  port.o(i.vPortEnterCritical)
    vPortExitCritical                        0x08003b5d   Thumb Code    56  port.o(i.vPortExitCritical)
    vPortFree                                0x08003b99   Thumb Code   140  heap_4.o(i.vPortFree)
    vPortSetupTimerInterrupt                 0x08003c2d   Thumb Code    36  port.o(i.vPortSetupTimerInterrupt)
    vPortValidateInterruptPriority           0x08003c55   Thumb Code   106  port.o(i.vPortValidateInterruptPriority)
    vQueueAddToRegistry                      0x08003ccd   Thumb Code    38  queue.o(i.vQueueAddToRegistry)
    vQueueWaitForMessageRestricted           0x08003cf9   Thumb Code    74  queue.o(i.vQueueWaitForMessageRestricted)
    vTaskCode1                               0x08003d43   Thumb Code    52  freertos.o(i.vTaskCode1)
    vTaskCode2                               0x08003d77   Thumb Code    84  freertos.o(i.vTaskCode2)
    vTaskDelay                               0x08003dcd   Thumb Code    82  tasks.o(i.vTaskDelay)
    vTaskInternalSetTimeOutState             0x08003e29   Thumb Code    14  tasks.o(i.vTaskInternalSetTimeOutState)
    vTaskMissedYield                         0x08003e41   Thumb Code     8  tasks.o(i.vTaskMissedYield)
    vTaskPlaceOnEventList                    0x08003e4d   Thumb Code    52  tasks.o(i.vTaskPlaceOnEventList)
    vTaskPlaceOnEventListRestricted          0x08003e85   Thumb Code    60  tasks.o(i.vTaskPlaceOnEventListRestricted)
    vTaskStartScheduler                      0x08003ec5   Thumb Code   118  tasks.o(i.vTaskStartScheduler)
    vTaskSuspendAll                          0x08003f59   Thumb Code    12  tasks.o(i.vTaskSuspendAll)
    vTaskSwitchContext                       0x08003f69   Thumb Code   174  tasks.o(i.vTaskSwitchContext)
    xPortStartScheduler                      0x0800402d   Thumb Code   330  port.o(i.xPortStartScheduler)
    xQueueGenericCreate                      0x08004195   Thumb Code    90  queue.o(i.xQueueGenericCreate)
    xQueueGenericReset                       0x080041f1   Thumb Code   146  queue.o(i.xQueueGenericReset)
    xQueueGenericSend                        0x08004289   Thumb Code   420  queue.o(i.xQueueGenericSend)
    xQueueGenericSendFromISR                 0x08004431   Thumb Code   248  queue.o(i.xQueueGenericSendFromISR)
    xQueueReceive                            0x08004529   Thumb Code   356  queue.o(i.xQueueReceive)
    xTaskCheckForTimeOut                     0x08004691   Thumb Code   132  tasks.o(i.xTaskCheckForTimeOut)
    xTaskCreate                              0x0800471d   Thumb Code    96  tasks.o(i.xTaskCreate)
    xTaskGetSchedulerState                   0x0800477d   Thumb Code    24  tasks.o(i.xTaskGetSchedulerState)
    xTaskGetTickCount                        0x0800479d   Thumb Code     6  tasks.o(i.xTaskGetTickCount)
    xTaskIncrementTick                       0x080047a9   Thumb Code   296  tasks.o(i.xTaskIncrementTick)
    xTaskPriorityDisinherit                  0x080048fd   Thumb Code   188  tasks.o(i.xTaskPriorityDisinherit)
    xTaskRemoveFromEventList                 0x080049c5   Thumb Code   128  tasks.o(i.xTaskRemoveFromEventList)
    xTaskResumeAll                           0x08004a5d   Thumb Code   224  tasks.o(i.xTaskResumeAll)
    xTimerCreateTimerTask                    0x08004b61   Thumb Code    66  timers.o(i.xTimerCreateTimerTask)
    xTimerGenericCommand                     0x08004bb9   Thumb Code   126  timers.o(i.xTimerGenericCommand)
    _fp_init                                 0x08004c3d   Thumb Code    10  fpinit.o(x$fpl$fpinit)
    __fplib_config_fpu_vfp                   0x08004c45   Thumb Code     0  fpinit.o(x$fpl$fpinit)
    __fplib_config_pureend_doubles           0x08004c45   Thumb Code     0  fpinit.o(x$fpl$fpinit)
    GPIO_PIN                                 0x08004c48   Data           4  stm32f429i_discovery.o(.constdata)
    GPIO_CLK                                 0x08004c4c   Data           8  stm32f429i_discovery.o(.constdata)
    BUTTON_PIN                               0x08004c54   Data           2  stm32f429i_discovery.o(.constdata)
    BUTTON_CLK                               0x08004c58   Data           4  stm32f429i_discovery.o(.constdata)
    BUTTON_EXTI_LINE                         0x08004c5c   Data           2  stm32f429i_discovery.o(.constdata)
    BUTTON_PORT_SOURCE                       0x08004c5e   Data           1  stm32f429i_discovery.o(.constdata)
    BUTTON_PIN_SOURCE                        0x08004c5f   Data           1  stm32f429i_discovery.o(.constdata)
    BUTTON_IRQn                              0x08004c60   Data           1  stm32f429i_discovery.o(.constdata)
    ASCII16x24_Table                         0x08004c62   Data        4560  stm32f429i_discovery_lcd.o(.constdata)
    ASCII12x12_Table                         0x08005e32   Data        2304  stm32f429i_discovery_lcd.o(.constdata)
    ASCII8x12_Table                          0x08006732   Data        2304  stm32f429i_discovery_lcd.o(.constdata)
    ASCII8x8_Table                           0x08007032   Data        1536  stm32f429i_discovery_lcd.o(.constdata)
    Region$$Table$$Base                      0x08007634   Number         0  anon$$obj.o(Region$$Table)
    Region$$Table$$Limit                     0x08007654   Number         0  anon$$obj.o(Region$$Table)
    L3gd20                                   0x20000000   Data           7  main.o(.data)
    SystemCoreClock                          0x20000008   Data           4  system_stm32f4xx.o(.data)
    AHBPrescTable                            0x2000000c   Data          16  system_stm32f4xx.o(.data)
    xReturned1                               0x2000001c   Data           4  freertos.o(.data)
    xHandle1                                 0x20000020   Data           4  freertos.o(.data)
    xReturned2                               0x20000024   Data           4  freertos.o(.data)
    xHandle2                                 0x20000028   Data           4  freertos.o(.data)
    GPIO_PORT                                0x2000003c   Data           8  stm32f429i_discovery.o(.data)
    BUTTON_PORT                              0x20000044   Data           4  stm32f429i_discovery.o(.data)
    NVIC_InitStructure                       0x20000048   Data           4  stm32f429i_discovery.o(.data)
    sEEAddress                               0x2000004c   Data           2  stm32f429i_discovery_i2c_ee.o(.data)
    sEETimeout                               0x20000050   Data           4  stm32f429i_discovery_i2c_ee.o(.data)
    sEEDataReadPointer                       0x20000054   Data           4  stm32f429i_discovery_i2c_ee.o(.data)
    sEEDataWritePointer                      0x20000058   Data           4  stm32f429i_discovery_i2c_ee.o(.data)
    sEEDataNum                               0x2000005c   Data           1  stm32f429i_discovery_i2c_ee.o(.data)
    TP_State                                 0x20000060   Data           8  stm32f429i_discovery_ioe.o(.data)
    IOE_TimeOut                              0x20000068   Data           4  stm32f429i_discovery_ioe.o(.data)
    L3GD20Timeout                            0x20000074   Data           4  stm32f429i_discovery_l3gd20.o(.data)
    Font16x24                                0x20000078   Data           8  stm32f429i_discovery_lcd.o(.data)
    Font12x12                                0x20000080   Data           8  stm32f429i_discovery_lcd.o(.data)
    Font8x12                                 0x20000088   Data           8  stm32f429i_discovery_lcd.o(.data)
    Font8x8                                  0x20000090   Data           8  stm32f429i_discovery_lcd.o(.data)
    pxCurrentTCB                             0x200000a8   Data           4  tasks.o(.data)
    sEEDMA_InitStructure                     0x2000011c   Data          60  stm32f429i_discovery.o(.bss)
    xQueueRegistry                           0x20000158   Data          64  queue.o(.bss)
    __libspace_start                         0x20012e88   Data          96  libspace.o(.bss)
    __temporary_stack_top$libspace           0x20012ee8   Data           0  libspace.o(.bss)



==============================================================================

Memory Map of the image

  Image Entry point : 0x080001ad

  Load Region LR_IROM1 (Base: 0x08000000, Size: 0x00007770, Max: 0x00200000, ABSOLUTE)

    Execution Region ER_IROM1 (Exec base: 0x08000000, Load base: 0x08000000, Size: 0x00007654, Max: 0x00200000, ABSOLUTE)

    Exec Addr    Load Addr    Size         Type   Attr      Idx    E Section Name        Object

    0x08000000   0x08000000   0x000001ac   Data   RO          361    RESET               startup_stm32f429_439xx.o
    0x080001ac   0x080001ac   0x00000008   Code   RO         7072  * !!!main             c_w.l(__main.o)
    0x080001b4   0x080001b4   0x00000034   Code   RO         7233    !!!scatter          c_w.l(__scatter.o)
    0x080001e8   0x080001e8   0x0000001a   Code   RO         7235    !!handler_copy      c_w.l(__scatter_copy.o)
    0x08000202   0x08000202   0x00000002   PAD
    0x08000204   0x08000204   0x0000001c   Code   RO         7237    !!handler_zi        c_w.l(__scatter_zi.o)
    0x08000220   0x08000220   0x00000002   Code   RO         7103    .ARM.Collect$$libinit$$00000000  c_w.l(libinit.o)
    0x08000222   0x08000222   0x00000004   Code   RO         7109    .ARM.Collect$$libinit$$00000001  c_w.l(libinit2.o)
    0x08000226   0x08000226   0x00000000   Code   RO         7112    .ARM.Collect$$libinit$$00000004  c_w.l(libinit2.o)
    0x08000226   0x08000226   0x00000000   Code   RO         7115    .ARM.Collect$$libinit$$0000000A  c_w.l(libinit2.o)
    0x08000226   0x08000226   0x00000000   Code   RO         7117    .ARM.Collect$$libinit$$0000000C  c_w.l(libinit2.o)
    0x08000226   0x08000226   0x00000000   Code   RO         7119    .ARM.Collect$$libinit$$0000000E  c_w.l(libinit2.o)
    0x08000226   0x08000226   0x00000000   Code   RO         7122    .ARM.Collect$$libinit$$00000011  c_w.l(libinit2.o)
    0x08000226   0x08000226   0x00000000   Code   RO         7124    .ARM.Collect$$libinit$$00000013  c_w.l(libinit2.o)
    0x08000226   0x08000226   0x00000000   Code   RO         7126    .ARM.Collect$$libinit$$00000015  c_w.l(libinit2.o)
    0x08000226   0x08000226   0x00000000   Code   RO         7128    .ARM.Collect$$libinit$$00000017  c_w.l(libinit2.o)
    0x08000226   0x08000226   0x00000000   Code   RO         7130    .ARM.Collect$$libinit$$00000019  c_w.l(libinit2.o)
    0x08000226   0x08000226   0x00000000   Code   RO         7132    .ARM.Collect$$libinit$$0000001B  c_w.l(libinit2.o)
    0x08000226   0x08000226   0x00000000   Code   RO         7134    .ARM.Collect$$libinit$$0000001D  c_w.l(libinit2.o)
    0x08000226   0x08000226   0x00000000   Code   RO         7136    .ARM.Collect$$libinit$$0000001F  c_w.l(libinit2.o)
    0x08000226   0x08000226   0x00000000   Code   RO         7138    .ARM.Collect$$libinit$$00000021  c_w.l(libinit2.o)
    0x08000226   0x08000226   0x00000000   Code   RO         7140    .ARM.Collect$$libinit$$00000023  c_w.l(libinit2.o)
    0x08000226   0x08000226   0x00000000   Code   RO         7142    .ARM.Collect$$libinit$$00000025  c_w.l(libinit2.o)
    0x08000226   0x08000226   0x00000000   Code   RO         7146    .ARM.Collect$$libinit$$0000002C  c_w.l(libinit2.o)
    0x08000226   0x08000226   0x00000000   Code   RO         7148    .ARM.Collect$$libinit$$0000002E  c_w.l(libinit2.o)
    0x08000226   0x08000226   0x00000000   Code   RO         7150    .ARM.Collect$$libinit$$00000030  c_w.l(libinit2.o)
    0x08000226   0x08000226   0x00000000   Code   RO         7152    .ARM.Collect$$libinit$$00000032  c_w.l(libinit2.o)
    0x08000226   0x08000226   0x00000002   Code   RO         7153    .ARM.Collect$$libinit$$00000033  c_w.l(libinit2.o)
    0x08000228   0x08000228   0x00000002   Code   RO         7173    .ARM.Collect$$libshutdown$$00000000  c_w.l(libshutdown.o)
    0x0800022a   0x0800022a   0x00000000   Code   RO         7186    .ARM.Collect$$libshutdown$$00000002  c_w.l(libshutdown2.o)
    0x0800022a   0x0800022a   0x00000000   Code   RO         7188    .ARM.Collect$$libshutdown$$00000004  c_w.l(libshutdown2.o)
    0x0800022a   0x0800022a   0x00000000   Code   RO         7191    .ARM.Collect$$libshutdown$$00000007  c_w.l(libshutdown2.o)
    0x0800022a   0x0800022a   0x00000000   Code   RO         7194    .ARM.Collect$$libshutdown$$0000000A  c_w.l(libshutdown2.o)
    0x0800022a   0x0800022a   0x00000000   Code   RO         7196    .ARM.Collect$$libshutdown$$0000000C  c_w.l(libshutdown2.o)
    0x0800022a   0x0800022a   0x00000000   Code   RO         7199    .ARM.Collect$$libshutdown$$0000000F  c_w.l(libshutdown2.o)
    0x0800022a   0x0800022a   0x00000002   Code   RO         7200    .ARM.Collect$$libshutdown$$00000010  c_w.l(libshutdown2.o)
    0x0800022c   0x0800022c   0x00000000   Code   RO         7074    .ARM.Collect$$rtentry$$00000000  c_w.l(__rtentry.o)
    0x0800022c   0x0800022c   0x00000000   Code   RO         7080    .ARM.Collect$$rtentry$$00000002  c_w.l(__rtentry2.o)
    0x0800022c   0x0800022c   0x00000006   Code   RO         7092    .ARM.Collect$$rtentry$$00000004  c_w.l(__rtentry4.o)
    0x08000232   0x08000232   0x00000000   Code   RO         7082    .ARM.Collect$$rtentry$$00000009  c_w.l(__rtentry2.o)
    0x08000232   0x08000232   0x00000004   Code   RO         7083    .ARM.Collect$$rtentry$$0000000A  c_w.l(__rtentry2.o)
    0x08000236   0x08000236   0x00000000   Code   RO         7085    .ARM.Collect$$rtentry$$0000000C  c_w.l(__rtentry2.o)
    0x08000236   0x08000236   0x00000008   Code   RO         7086    .ARM.Collect$$rtentry$$0000000D  c_w.l(__rtentry2.o)
    0x0800023e   0x0800023e   0x00000002   Code   RO         7107    .ARM.Collect$$rtexit$$00000000  c_w.l(rtexit.o)
    0x08000240   0x08000240   0x00000000   Code   RO         7155    .ARM.Collect$$rtexit$$00000002  c_w.l(rtexit2.o)
    0x08000240   0x08000240   0x00000004   Code   RO         7156    .ARM.Collect$$rtexit$$00000003  c_w.l(rtexit2.o)
    0x08000244   0x08000244   0x00000006   Code   RO         7157    .ARM.Collect$$rtexit$$00000004  c_w.l(rtexit2.o)
    0x0800024a   0x0800024a   0x00000002   PAD
    0x0800024c   0x0800024c   0x000000be   Code   RO         6934    .emb_text           port.o
    0x0800030a   0x0800030a   0x00000002   PAD
    0x0800030c   0x0800030c   0x00000040   Code   RO          362    .text               startup_stm32f429_439xx.o
    0x0800034c   0x0800034c   0x0000008a   Code   RO         7062    .text               c_w.l(rt_memcpy_v6.o)
    0x080003d6   0x080003d6   0x00000010   Code   RO         7066    .text               c_w.l(aeabi_memset.o)
    0x080003e6   0x080003e6   0x0000004e   Code   RO         7068    .text               c_w.l(rt_memclr_w.o)
    0x08000434   0x08000434   0x00000006   Code   RO         7070    .text               c_w.l(heapauxi.o)
    0x0800043a   0x0800043a   0x00000064   Code   RO         7075    .text               c_w.l(rt_memcpy_w.o)
    0x0800049e   0x0800049e   0x00000044   Code   RO         7077    .text               c_w.l(rt_memclr.o)
    0x080004e2   0x080004e2   0x0000004a   Code   RO         7094    .text               c_w.l(sys_stackheap_outer.o)
    0x0800052c   0x0800052c   0x00000012   Code   RO         7096    .text               c_w.l(exit.o)
    0x0800053e   0x0800053e   0x00000002   PAD
    0x08000540   0x08000540   0x00000008   Code   RO         7104    .text               c_w.l(libspace.o)
    0x08000548   0x08000548   0x0000000c   Code   RO         7165    .text               c_w.l(sys_exit.o)
    0x08000554   0x08000554   0x00000002   Code   RO         7176    .text               c_w.l(use_no_semi.o)
    0x08000556   0x08000556   0x00000000   Code   RO         7178    .text               c_w.l(indicate_semi.o)
    0x08000556   0x08000556   0x00000004   Code   RO          271    i.BusFault_Handler  stm32f4xx_it.o
    0x0800055a   0x0800055a   0x00000002   PAD
    0x0800055c   0x0800055c   0x00000040   Code   RO         5222    i.DMA1_Stream2_IRQHandler  stm32f429i_discovery_i2c_ee.o
    0x0800059c   0x0800059c   0x0000006c   Code   RO         5223    i.DMA1_Stream4_IRQHandler  stm32f429i_discovery_i2c_ee.o
    0x08000608   0x08000608   0x00000016   Code   RO         1548    i.DMA2D_DeInit      stm32f4xx_dma2d.o
    0x0800061e   0x0800061e   0x00000002   PAD
    0x08000620   0x08000620   0x00000018   Code   RO         1553    i.DMA2D_GetFlagStatus  stm32f4xx_dma2d.o
    0x08000638   0x08000638   0x000000e4   Code   RO         1556    i.DMA2D_Init        stm32f4xx_dma2d.o
    0x0800071c   0x0800071c   0x00000014   Code   RO         1558    i.DMA2D_StartTransfer  stm32f4xx_dma2d.o
    0x08000730   0x08000730   0x00000034   Code   RO         1414    i.DMA_ClearFlag     stm32f4xx_dma.o
    0x08000764   0x08000764   0x00000016   Code   RO         1416    i.DMA_Cmd           stm32f4xx_dma.o
    0x0800077a   0x0800077a   0x00000002   PAD
    0x0800077c   0x0800077c   0x00000158   Code   RO         1417    i.DMA_DeInit        stm32f4xx_dma.o
    0x080008d4   0x080008d4   0x00000044   Code   RO         1425    i.DMA_GetFlagStatus  stm32f4xx_dma.o
    0x08000918   0x08000918   0x0000003a   Code   RO         1427    i.DMA_ITConfig      stm32f4xx_dma.o
    0x08000952   0x08000952   0x00000002   PAD
    0x08000954   0x08000954   0x00000058   Code   RO         1428    i.DMA_Init          stm32f4xx_dma.o
    0x080009ac   0x080009ac   0x00000002   Code   RO          272    i.DebugMon_Handler  stm32f4xx_it.o
    0x080009ae   0x080009ae   0x00000002   PAD
    0x080009b0   0x080009b0   0x00000094   Code   RO         1676    i.EXTI_Init         stm32f4xx_exti.o
    0x08000a44   0x08000a44   0x00000048   Code   RO         1989    i.FMC_GetFlagStatus  stm32f4xx_fmc.o
    0x08000a8c   0x08000a8c   0x00000020   Code   RO         2006    i.FMC_SDRAMCmdConfig  stm32f4xx_fmc.o
    0x08000aac   0x08000aac   0x000000f8   Code   RO         2008    i.FMC_SDRAMInit     stm32f4xx_fmc.o
    0x08000ba4   0x08000ba4   0x00000018   Code   RO         2012    i.FMC_SetRefreshCount  stm32f4xx_fmc.o
    0x08000bbc   0x08000bbc   0x00000090   Code   RO         2163    i.GPIO_Init         stm32f4xx_gpio.o
    0x08000c4c   0x08000c4c   0x00000046   Code   RO         2164    i.GPIO_PinAFConfig  stm32f4xx_gpio.o
    0x08000c92   0x08000c92   0x00000004   Code   RO         2170    i.GPIO_ResetBits    stm32f4xx_gpio.o
    0x08000c96   0x08000c96   0x00000004   Code   RO         2171    i.GPIO_SetBits      stm32f4xx_gpio.o
    0x08000c9a   0x08000c9a   0x0000000a   Code   RO         2175    i.GPIO_WriteBit     stm32f4xx_gpio.o
    0x08000ca4   0x08000ca4   0x00000004   Code   RO          273    i.HardFault_Handler  stm32f4xx_it.o
    0x08000ca8   0x08000ca8   0x00000018   Code   RO         2435    i.I2C_AcknowledgeConfig  stm32f4xx_i2c.o
    0x08000cc0   0x08000cc0   0x00000018   Code   RO         2441    i.I2C_Cmd           stm32f4xx_i2c.o
    0x08000cd8   0x08000cd8   0x00000018   Code   RO         2442    i.I2C_DMACmd        stm32f4xx_i2c.o
    0x08000cf0   0x08000cf0   0x00000060   Code   RO         2444    i.I2C_DeInit        stm32f4xx_i2c.o
    0x08000d50   0x08000d50   0x00000018   Code   RO         2449    i.I2C_GenerateSTART  stm32f4xx_i2c.o
    0x08000d68   0x08000d68   0x00000018   Code   RO         2450    i.I2C_GenerateSTOP  stm32f4xx_i2c.o
    0x08000d80   0x08000d80   0x0000003a   Code   RO         2451    i.I2C_GetFlagStatus  stm32f4xx_i2c.o
    0x08000dba   0x08000dba   0x00000002   PAD
    0x08000dbc   0x08000dbc   0x000000e8   Code   RO         2456    i.I2C_Init          stm32f4xx_i2c.o
    0x08000ea4   0x08000ea4   0x000001ac   Code   RO         5291    i.I2C_ReadDeviceRegister  stm32f429i_discovery_ioe.o
    0x08001050   0x08001050   0x00000008   Code   RO         2461    i.I2C_ReceiveData   stm32f4xx_i2c.o
    0x08001058   0x08001058   0x00000010   Code   RO         2463    i.I2C_Send7bitAddress  stm32f4xx_i2c.o
    0x08001068   0x08001068   0x00000004   Code   RO         2464    i.I2C_SendData      stm32f4xx_i2c.o
    0x0800106c   0x0800106c   0x00000016   Code   RO         2465    i.I2C_SoftwareResetCmd  stm32f4xx_i2c.o
    0x08001082   0x08001082   0x00000002   PAD
    0x08001084   0x08001084   0x00000130   Code   RO         5292    i.I2C_WriteDeviceRegister  stm32f429i_discovery_ioe.o
    0x080011b4   0x080011b4   0x00000028   Code   RO         5294    i.IOE_Config        stm32f429i_discovery_ioe.o
    0x080011dc   0x080011dc   0x00000024   Code   RO         5296    i.IOE_FnctCmd       stm32f429i_discovery_ioe.o
    0x08001200   0x08001200   0x00000026   Code   RO         5297    i.IOE_GITCmd        stm32f429i_discovery_ioe.o
    0x08001226   0x08001226   0x00000024   Code   RO         5298    i.IOE_GITConfig     stm32f429i_discovery_ioe.o
    0x0800124a   0x0800124a   0x00000002   PAD
    0x0800124c   0x0800124c   0x00000080   Code   RO         5299    i.IOE_GPIO_Config   stm32f429i_discovery_ioe.o
    0x080012cc   0x080012cc   0x0000004c   Code   RO         5301    i.IOE_I2C_Config    stm32f429i_discovery_ioe.o
    0x08001318   0x08001318   0x00000024   Code   RO         5302    i.IOE_IOAFConfig    stm32f429i_discovery_ioe.o
    0x0800133c   0x0800133c   0x00000028   Code   RO         5303    i.IOE_IsOperational  stm32f429i_discovery_ioe.o
    0x08001364   0x08001364   0x00000020   Code   RO         5304    i.IOE_ReadID        stm32f429i_discovery_ioe.o
    0x08001384   0x08001384   0x0000001c   Code   RO         5305    i.IOE_Reset         stm32f429i_discovery_ioe.o
    0x080013a0   0x080013a0   0x0000001a   Code   RO         5306    i.IOE_TPITConfig    stm32f429i_discovery_ioe.o
    0x080013ba   0x080013ba   0x00000002   PAD
    0x080013bc   0x080013bc   0x0000007c   Code   RO         5307    i.IOE_TP_Config     stm32f429i_discovery_ioe.o
    0x08001438   0x08001438   0x00000068   Code   RO         5312    i.IOE_TimeoutUserCallback  stm32f429i_discovery_ioe.o
    0x080014a0   0x080014a0   0x0000004c   Code   RO         5465    i.L3GD20_Init       stm32f429i_discovery_l3gd20.o
    0x080014ec   0x080014ec   0x00000138   Code   RO         5466    i.L3GD20_LowLevel_Init  stm32f429i_discovery_l3gd20.o
    0x08001624   0x08001624   0x00000074   Code   RO         5469    i.L3GD20_SendByte   stm32f429i_discovery_l3gd20.o
    0x08001698   0x08001698   0x00000004   Code   RO          153    i.L3GD20_TIMEOUT_UserCallback  main.o
    0x0800169c   0x0800169c   0x00000040   Code   RO         5470    i.L3GD20_Write      stm32f429i_discovery_l3gd20.o
    0x080016dc   0x080016dc   0x00000168   Code   RO         5546    i.LCD_AF_GPIOConfig  stm32f429i_discovery_lcd.o
    0x08001844   0x08001844   0x00000020   Code   RO         5547    i.LCD_ChipSelect    stm32f429i_discovery_lcd.o
    0x08001864   0x08001864   0x00000020   Code   RO         5548    i.LCD_Clear         stm32f429i_discovery_lcd.o
    0x08001884   0x08001884   0x00000050   Code   RO         5552    i.LCD_CtrlLinesConfig  stm32f429i_discovery_lcd.o
    0x080018d4   0x080018d4   0x00000014   Code   RO         5553    i.LCD_CtrlLinesWrite  stm32f429i_discovery_lcd.o
    0x080018e8   0x080018e8   0x000000a8   Code   RO         5565    i.LCD_DrawLine      stm32f429i_discovery_lcd.o
    0x08001990   0x08001990   0x00000044   Code   RO         5567    i.LCD_DrawRect      stm32f429i_discovery_lcd.o
    0x080019d4   0x080019d4   0x0000009a   Code   RO         5573    i.LCD_Init          stm32f429i_discovery_lcd.o
    0x08001a6e   0x08001a6e   0x00000002   PAD
    0x08001a70   0x08001a70   0x000000a4   Code   RO         5574    i.LCD_LayerInit     stm32f429i_discovery_lcd.o
    0x08001b14   0x08001b14   0x0000028c   Code   RO         5578    i.LCD_PowerOn       stm32f429i_discovery_lcd.o
    0x08001da0   0x08001da0   0x000000d4   Code   RO         5580    i.LCD_SPIConfig     stm32f429i_discovery_lcd.o
    0x08001e74   0x08001e74   0x0000000c   Code   RO         5581    i.LCD_SetBackColor  stm32f429i_discovery_lcd.o
    0x08001e80   0x08001e80   0x0000000c   Code   RO         5586    i.LCD_SetFont       stm32f429i_discovery_lcd.o
    0x08001e8c   0x08001e8c   0x0000002c   Code   RO         5587    i.LCD_SetLayer      stm32f429i_discovery_lcd.o
    0x08001eb8   0x08001eb8   0x0000000c   Code   RO         5588    i.LCD_SetTextColor  stm32f429i_discovery_lcd.o
    0x08001ec4   0x08001ec4   0x0000004c   Code   RO         5593    i.LCD_WriteCommand  stm32f429i_discovery_lcd.o
    0x08001f10   0x08001f10   0x00000048   Code   RO         5594    i.LCD_WriteData     stm32f429i_discovery_lcd.o
    0x08001f58   0x08001f58   0x00000024   Code   RO         2713    i.LTDC_Cmd          stm32f4xx_ltdc.o
    0x08001f7c   0x08001f7c   0x00000024   Code   RO         2717    i.LTDC_DitherCmd    stm32f4xx_ltdc.o
    0x08001fa0   0x08001fa0   0x00000188   Code   RO         2724    i.LTDC_Init         stm32f4xx_ltdc.o
    0x08002128   0x08002128   0x00000016   Code   RO         2728    i.LTDC_LayerCmd     stm32f4xx_ltdc.o
    0x0800213e   0x0800213e   0x00000114   Code   RO         2729    i.LTDC_LayerInit    stm32f4xx_ltdc.o
    0x08002252   0x08002252   0x00000002   PAD
    0x08002254   0x08002254   0x0000000c   Code   RO         2736    i.LTDC_ReloadConfig  stm32f4xx_ltdc.o
    0x08002260   0x08002260   0x00000004   Code   RO          274    i.MemManage_Handler  stm32f4xx_it.o
    0x08002264   0x08002264   0x00000002   Code   RO          275    i.NMI_Handler       stm32f4xx_it.o
    0x08002266   0x08002266   0x00000002   PAD
    0x08002268   0x08002268   0x00000078   Code   RO          427    i.NVIC_Init         misc.o
    0x080022e0   0x080022e0   0x00000020   Code   RO         3012    i.RCC_AHB1PeriphClockCmd  stm32f4xx_rcc.o
    0x08002300   0x08002300   0x00000020   Code   RO         3014    i.RCC_AHB1PeriphResetCmd  stm32f4xx_rcc.o
    0x08002320   0x08002320   0x00000020   Code   RO         3018    i.RCC_AHB3PeriphClockCmd  stm32f4xx_rcc.o
    0x08002340   0x08002340   0x00000020   Code   RO         3021    i.RCC_APB1PeriphClockCmd  stm32f4xx_rcc.o
    0x08002360   0x08002360   0x00000020   Code   RO         3023    i.RCC_APB1PeriphResetCmd  stm32f4xx_rcc.o
    0x08002380   0x08002380   0x00000020   Code   RO         3024    i.RCC_APB2PeriphClockCmd  stm32f4xx_rcc.o
    0x080023a0   0x080023a0   0x00000020   Code   RO         3026    i.RCC_APB2PeriphResetCmd  stm32f4xx_rcc.o
    0x080023c0   0x080023c0   0x000000e8   Code   RO         3033    i.RCC_GetClocksFreq  stm32f4xx_rcc.o
    0x080024a8   0x080024a8   0x00000040   Code   RO         3034    i.RCC_GetFlagStatus  stm32f4xx_rcc.o
    0x080024e8   0x080024e8   0x00000018   Code   RO         3044    i.RCC_LTDCCLKDivConfig  stm32f4xx_rcc.o
    0x08002500   0x08002500   0x0000000c   Code   RO         3053    i.RCC_PLLSAICmd     stm32f4xx_rcc.o
    0x0800250c   0x0800250c   0x00000018   Code   RO         3054    i.RCC_PLLSAIConfig  stm32f4xx_rcc.o
    0x08002524   0x08002524   0x00000204   Code   RO         5872    i.SDRAM_GPIOConfig  stm32f429i_discovery_sdram.o
    0x08002728   0x08002728   0x00000068   Code   RO         5873    i.SDRAM_Init        stm32f429i_discovery_sdram.o
    0x08002790   0x08002790   0x000000c8   Code   RO         5874    i.SDRAM_InitSequence  stm32f429i_discovery_sdram.o
    0x08002858   0x08002858   0x00000018   Code   RO         4123    i.SPI_Cmd           stm32f4xx_spi.o
    0x08002870   0x08002870   0x000000b0   Code   RO         4130    i.SPI_I2S_DeInit    stm32f4xx_spi.o
    0x08002920   0x08002920   0x00000012   Code   RO         4131    i.SPI_I2S_GetFlagStatus  stm32f4xx_spi.o
    0x08002932   0x08002932   0x00000006   Code   RO         4134    i.SPI_I2S_ReceiveData  stm32f4xx_spi.o
    0x08002938   0x08002938   0x00000004   Code   RO         4135    i.SPI_I2S_SendData  stm32f4xx_spi.o
    0x0800293c   0x0800293c   0x0000003c   Code   RO         4136    i.SPI_Init          stm32f4xx_spi.o
    0x08002978   0x08002978   0x0000004c   Code   RO         5149    i.STM_EVAL_LEDInit  stm32f429i_discovery.o
    0x080029c4   0x080029c4   0x00000024   Code   RO         5152    i.STM_EVAL_LEDToggle  stm32f429i_discovery.o
    0x080029e8   0x080029e8   0x000000ac   Code   RO         5154    i.STM_EVAL_PBInit   stm32f429i_discovery.o
    0x08002a94   0x08002a94   0x00000040   Code   RO         4284    i.SYSCFG_EXTILineConfig  stm32f4xx_syscfg.o
    0x08002ad4   0x08002ad4   0x00000124   Code   RO          324    i.SetSysClock       system_stm32f4xx.o
    0x08002bf8   0x08002bf8   0x00000034   Code   RO         6935    i.SysTick_Handler   port.o
    0x08002c2c   0x08002c2c   0x00000068   Code   RO          326    i.SystemInit        system_stm32f4xx.o
    0x08002c94   0x08002c94   0x00000004   Code   RO          276    i.UsageFault_Handler  stm32f4xx_it.o
    0x08002c98   0x08002c98   0x00000024   Code   RO         5313    i.delay             stm32f429i_discovery_ioe.o
    0x08002cbc   0x08002cbc   0x0000001c   Code   RO         5596    i.delay             stm32f429i_discovery_lcd.o
    0x08002cd8   0x08002cd8   0x00000024   Code   RO         5877    i.delay             stm32f429i_discovery_sdram.o
    0x08002cfc   0x08002cfc   0x0000005c   Code   RO          368    i.freeRtosInit      freertos.o
    0x08002d58   0x08002d58   0x00000058   Code   RO          154    i.main              main.o
    0x08002db0   0x08002db0   0x00000098   Code   RO         6446    i.prvAddCurrentTaskToDelayedList  tasks.o
    0x08002e48   0x08002e48   0x000000b8   Code   RO         6447    i.prvAddNewTaskToReadyList  tasks.o
    0x08002f00   0x08002f00   0x00000064   Code   RO         6798    i.prvCheckForValidListAndQueue  timers.o
    0x08002f64   0x08002f64   0x00000048   Code   RO         6448    i.prvCheckTasksWaitingTermination  tasks.o
    0x08002fac   0x08002fac   0x0000002a   Code   RO         6069    i.prvCopyDataFromQueue  queue.o
    0x08002fd6   0x08002fd6   0x0000007e   Code   RO         6070    i.prvCopyDataToQueue  queue.o
    0x08003054   0x08003054   0x00000012   Code   RO         6449    i.prvDeleteTCB      tasks.o
    0x08003066   0x08003066   0x00000002   PAD
    0x08003068   0x08003068   0x00000028   Code   RO         6799    i.prvGetNextExpireTime  timers.o
    0x08003090   0x08003090   0x0000007c   Code   RO         7011    i.prvHeapInit       heap_4.o
    0x0800310c   0x0800310c   0x0000002c   Code   RO         6450    i.prvIdleTask       tasks.o
    0x08003138   0x08003138   0x0000002a   Code   RO         6073    i.prvInitialiseNewQueue  queue.o
    0x08003162   0x08003162   0x000000cc   Code   RO         6451    i.prvInitialiseNewTask  tasks.o
    0x0800322e   0x0800322e   0x00000002   PAD
    0x08003230   0x08003230   0x00000068   Code   RO         6452    i.prvInitialiseTaskLists  tasks.o
    0x08003298   0x08003298   0x00000068   Code   RO         7012    i.prvInsertBlockIntoFreeList  heap_4.o
    0x08003300   0x08003300   0x00000058   Code   RO         6801    i.prvInsertTimerInActiveList  timers.o
    0x08003358   0x08003358   0x0000001a   Code   RO         6074    i.prvIsQueueEmpty   queue.o
    0x08003372   0x08003372   0x0000001e   Code   RO         6075    i.prvIsQueueFull    queue.o
    0x08003390   0x08003390   0x00000064   Code   RO         6802    i.prvProcessExpiredTimer  timers.o
    0x080033f4   0x080033f4   0x000000f4   Code   RO         6803    i.prvProcessReceivedCommands  timers.o
    0x080034e8   0x080034e8   0x00000074   Code   RO         6804    i.prvProcessTimerOrBlockTask  timers.o
    0x0800355c   0x0800355c   0x00000034   Code   RO         6454    i.prvResetNextTaskUnblockTime  tasks.o
    0x08003590   0x08003590   0x0000002c   Code   RO         6805    i.prvSampleTimeNow  timers.o
    0x080035bc   0x080035bc   0x000000a0   Code   RO         6806    i.prvSwitchTimerLists  timers.o
    0x0800365c   0x0800365c   0x00000040   Code   RO         6936    i.prvTaskExitError  port.o
    0x0800369c   0x0800369c   0x0000001a   Code   RO         6807    i.prvTimerTask      timers.o
    0x080036b6   0x080036b6   0x0000007e   Code   RO         6076    i.prvUnlockQueue    queue.o
    0x08003734   0x08003734   0x00000148   Code   RO         7013    i.pvPortMalloc      heap_4.o
    0x0800387c   0x0800387c   0x0000002c   Code   RO         6937    i.pxPortInitialiseStack  port.o
    0x080038a8   0x080038a8   0x00000064   Code   RO         5225    i.sEE_Init          stm32f429i_discovery_i2c_ee.o
    0x0800390c   0x0800390c   0x0000015c   Code   RO         5157    i.sEE_LowLevel_Init  stm32f429i_discovery.o
    0x08003a68   0x08003a68   0x00000004   Code   RO          155    i.sEE_TIMEOUT_UserCallback  main.o
    0x08003a6c   0x08003a6c   0x00000028   Code   RO         6029    i.uxListRemove      list.o
    0x08003a94   0x08003a94   0x00000002   Code   RO          156    i.vApplicationIdleHook  main.o
    0x08003a96   0x08003a96   0x00000002   Code   RO          157    i.vApplicationMallocFailedHook  main.o
    0x08003a98   0x08003a98   0x00000002   Code   RO          158    i.vApplicationStackOverflowHook  main.o
    0x08003a9a   0x08003a9a   0x00000002   Code   RO          159    i.vApplicationTickHook  main.o
    0x08003a9c   0x08003a9c   0x0000001a   Code   RO         6030    i.vListInitialise   list.o
    0x08003ab6   0x08003ab6   0x00000006   Code   RO         6031    i.vListInitialiseItem  list.o
    0x08003abc   0x08003abc   0x00000034   Code   RO         6032    i.vListInsert       list.o
    0x08003af0   0x08003af0   0x00000018   Code   RO         6033    i.vListInsertEnd    list.o
    0x08003b08   0x08003b08   0x00000054   Code   RO         6939    i.vPortEnterCritical  port.o
    0x08003b5c   0x08003b5c   0x0000003c   Code   RO         6940    i.vPortExitCritical  port.o
    0x08003b98   0x08003b98   0x00000094   Code   RO         7014    i.vPortFree         heap_4.o
    0x08003c2c   0x08003c2c   0x00000028   Code   RO         6941    i.vPortSetupTimerInterrupt  port.o
    0x08003c54   0x08003c54   0x00000078   Code   RO         6942    i.vPortValidateInterruptPriority  port.o
    0x08003ccc   0x08003ccc   0x0000002c   Code   RO         6082    i.vQueueAddToRegistry  queue.o
    0x08003cf8   0x08003cf8   0x0000004a   Code   RO         6086    i.vQueueWaitForMessageRestricted  queue.o
    0x08003d42   0x08003d42   0x00000034   Code   RO          369    i.vTaskCode1        freertos.o
    0x08003d76   0x08003d76   0x00000054   Code   RO          370    i.vTaskCode2        freertos.o
    0x08003dca   0x08003dca   0x00000002   PAD
    0x08003dcc   0x08003dcc   0x0000005c   Code   RO         6465    i.vTaskDelay        tasks.o
    0x08003e28   0x08003e28   0x00000018   Code   RO         6470    i.vTaskInternalSetTimeOutState  tasks.o
    0x08003e40   0x08003e40   0x0000000c   Code   RO         6471    i.vTaskMissedYield  tasks.o
    0x08003e4c   0x08003e4c   0x00000038   Code   RO         6473    i.vTaskPlaceOnEventList  tasks.o
    0x08003e84   0x08003e84   0x00000040   Code   RO         6474    i.vTaskPlaceOnEventListRestricted  tasks.o
    0x08003ec4   0x08003ec4   0x00000094   Code   RO         6482    i.vTaskStartScheduler  tasks.o
    0x08003f58   0x08003f58   0x00000010   Code   RO         6484    i.vTaskSuspendAll   tasks.o
    0x08003f68   0x08003f68   0x000000c4   Code   RO         6485    i.vTaskSwitchContext  tasks.o
    0x0800402c   0x0800402c   0x00000168   Code   RO         6943    i.xPortStartScheduler  port.o
    0x08004194   0x08004194   0x0000005a   Code   RO         6089    i.xQueueGenericCreate  queue.o
    0x080041ee   0x080041ee   0x00000002   PAD
    0x080041f0   0x080041f0   0x00000098   Code   RO         6090    i.xQueueGenericReset  queue.o
    0x08004288   0x08004288   0x000001a8   Code   RO         6091    i.xQueueGenericSend  queue.o
    0x08004430   0x08004430   0x000000f8   Code   RO         6092    i.xQueueGenericSendFromISR  queue.o
    0x08004528   0x08004528   0x00000168   Code   RO         6099    i.xQueueReceive     queue.o
    0x08004690   0x08004690   0x0000008c   Code   RO         6486    i.xTaskCheckForTimeOut  tasks.o
    0x0800471c   0x0800471c   0x00000060   Code   RO         6487    i.xTaskCreate       tasks.o
    0x0800477c   0x0800477c   0x00000020   Code   RO         6491    i.xTaskGetSchedulerState  tasks.o
    0x0800479c   0x0800479c   0x0000000c   Code   RO         6492    i.xTaskGetTickCount  tasks.o
    0x080047a8   0x080047a8   0x00000154   Code   RO         6494    i.xTaskIncrementTick  tasks.o
    0x080048fc   0x080048fc   0x000000c8   Code   RO         6497    i.xTaskPriorityDisinherit  tasks.o
    0x080049c4   0x080049c4   0x00000098   Code   RO         6499    i.xTaskRemoveFromEventList  tasks.o
    0x08004a5c   0x08004a5c   0x00000104   Code   RO         6500    i.xTaskResumeAll    tasks.o
    0x08004b60   0x08004b60   0x00000058   Code   RO         6813    i.xTimerCreateTimerTask  timers.o
    0x08004bb8   0x08004bb8   0x00000084   Code   RO         6814    i.xTimerGenericCommand  timers.o
    0x08004c3c   0x08004c3c   0x0000000a   Code   RO         7163    x$fpl$fpinit        fz_wm.l(fpinit.o)
    0x08004c46   0x08004c46   0x00000002   PAD
    0x08004c48   0x08004c48   0x00000019   Data   RO         5159    .constdata          stm32f429i_discovery.o
    0x08004c61   0x08004c61   0x00000001   PAD
    0x08004c62   0x08004c62   0x000029d0   Data   RO         5597    .constdata          stm32f429i_discovery_lcd.o
    0x08007632   0x08007632   0x00000002   PAD
    0x08007634   0x08007634   0x00000020   Data   RO         7231    Region$$Table       anon$$obj.o


    Execution Region RW_IRAM1 (Exec base: 0x20000000, Load base: 0x08007654, Size: 0x000134e8, Max: 0x00030000, ABSOLUTE)

    Exec Addr    Load Addr    Size         Type   Attr      Idx    E Section Name        Object

    0x20000000   0x08007654   0x00000007   Data   RW          160    .data               main.o
    0x20000007   0x0800765b   0x00000001   PAD
    0x20000008   0x0800765c   0x00000014   Data   RW          327    .data               system_stm32f4xx.o
    0x2000001c   0x08007670   0x00000010   Data   RW          371    .data               freertos.o
    0x2000002c   0x08007680   0x00000010   Data   RW         3064    .data               stm32f4xx_rcc.o
    0x2000003c   0x08007690   0x00000010   Data   RW         5160    .data               stm32f429i_discovery.o
    0x2000004c   0x080076a0   0x00000011   Data   RW         5230    .data               stm32f429i_discovery_i2c_ee.o
    0x2000005d   0x080076b1   0x00000003   PAD
    0x20000060   0x080076b4   0x00000014   Data   RW         5314    .data               stm32f429i_discovery_ioe.o
    0x20000074   0x080076c8   0x00000004   Data   RW         5471    .data               stm32f429i_discovery_l3gd20.o
    0x20000078   0x080076cc   0x00000030   Data   RW         5598    .data               stm32f429i_discovery_lcd.o
    0x200000a8   0x080076fc   0x0000003c   Data   RW         6503    .data               tasks.o
    0x200000e4   0x08007738   0x00000014   Data   RW         6820    .data               timers.o
    0x200000f8   0x0800774c   0x0000000c   Data   RW         6944    .data               port.o
    0x20000104   0x08007758   0x00000018   Data   RW         7019    .data               heap_4.o
    0x2000011c        -       0x0000003c   Zero   RW         5158    .bss                stm32f429i_discovery.o
    0x20000158        -       0x00000040   Zero   RW         6103    .bss                queue.o
    0x20000198        -       0x000000c8   Zero   RW         6502    .bss                tasks.o
    0x20000260        -       0x00000028   Zero   RW         6819    .bss                timers.o
    0x20000288        -       0x00012c00   Zero   RW         7018    .bss                heap_4.o
    0x20012e88        -       0x00000060   Zero   RW         7105    .bss                c_w.l(libspace.o)
    0x20012ee8        -       0x00000200   Zero   RW          360    HEAP                startup_stm32f429_439xx.o
    0x200130e8        -       0x00000400   Zero   RW          359    STACK               startup_stm32f429_439xx.o


==============================================================================

Image component sizes


      Code (inc. data)   RO Data    RW Data    ZI Data      Debug   Object Name

         0          0          0          0          0     319872   delay.o
         0          0          0          0          0       9356   event_groups.o
       228         40          0         16          0      12111   freertos.o
       704         64          0         24      76800       4483   heap_4.o
       148          0          0          0          0       3294   list.o
       104         10          0          7          0      21822   main.o
       120         14          0          0          0       1224   misc.o
      1014         92          0         12          0      11477   port.o
      1784         20          0          0         64      15718   queue.o
        64         26        428          0       1536        920   startup_stm32f429_439xx.o
       632         86         25         16         60       3744   stm32f429i_discovery.o
       272         52          0         17          0       2485   stm32f429i_discovery_i2c_ee.o
      1512         66          0         20          0      11009   stm32f429i_discovery_ioe.o
       568         32          0          4          0       3281   stm32f429i_discovery_l3gd20.o
      2198        126      10704         48          0      13053   stm32f429i_discovery_lcd.o
       856         28          0          0          0       3097   stm32f429i_discovery_sdram.o
       632         54          0          0          0       5481   stm32f4xx_dma.o
       294         20          0          0          0       3124   stm32f4xx_dma2d.o
       148          6          0          0          0       1172   stm32f4xx_exti.o
       376         20          0          0          0       3747   stm32f4xx_fmc.o
       232          0          0          0          0       3819   stm32f4xx_gpio.o
       556         28          0          0          0       8244   stm32f4xx_i2c.o
        20          0          0          0          0       2545   stm32f4xx_it.o
       774         32          0          0          0       4509   stm32f4xx_ltdc.o
       580         82          0         16          0       9949   stm32f4xx_rcc.o
       288         24          0          0          0       4511   stm32f4xx_spi.o
        64          4          0          0          0        684   stm32f4xx_syscfg.o
       396         34          0         20          0       1833   system_stm32f4xx.o
      2670        346          0         60        200      24042   tasks.o
      1138        116          0         20         40      11867   timers.o

    ----------------------------------------------------------------------
     18406       1422      11192        284      78700     522473   Object Totals
         0          0         32          0          0          0   (incl. Generated)
        34          0          3          4          0          0   (incl. Padding)

    ----------------------------------------------------------------------

      Code (inc. data)   RO Data    RW Data    ZI Data      Debug   Library Member Name

         8          0          0          0          0         68   __main.o
         0          0          0          0          0          0   __rtentry.o
        12          0          0          0          0          0   __rtentry2.o
         6          0          0          0          0          0   __rtentry4.o
        52          8          0          0          0          0   __scatter.o
        26          0          0          0          0          0   __scatter_copy.o
        28          0          0          0          0          0   __scatter_zi.o
        16          0          0          0          0         68   aeabi_memset.o
        18          0          0          0          0         80   exit.o
         6          0          0          0          0        152   heapauxi.o
         0          0          0          0          0          0   indicate_semi.o
         2          0          0          0          0          0   libinit.o
         6          0          0          0          0          0   libinit2.o
         2          0          0          0          0          0   libshutdown.o
         2          0          0          0          0          0   libshutdown2.o
         8          4          0          0         96         68   libspace.o
        68          0          0          0          0         68   rt_memclr.o
        78          0          0          0          0         80   rt_memclr_w.o
       138          0          0          0          0         68   rt_memcpy_v6.o
       100          0          0          0          0         80   rt_memcpy_w.o
         2          0          0          0          0          0   rtexit.o
        10          0          0          0          0          0   rtexit2.o
        12          4          0          0          0         68   sys_exit.o
        74          0          0          0          0         80   sys_stackheap_outer.o
         2          0          0          0          0         68   use_no_semi.o
        10          0          0          0          0        116   fpinit.o

    ----------------------------------------------------------------------
       694         16          0          0         96       1064   Library Totals
         8          0          0          0          0          0   (incl. Padding)

    ----------------------------------------------------------------------

      Code (inc. data)   RO Data    RW Data    ZI Data      Debug   Library Name

       676         16          0          0         96        948   c_w.l
        10          0          0          0          0        116   fz_wm.l

    ----------------------------------------------------------------------
       694         16          0          0         96       1064   Library Totals

    ----------------------------------------------------------------------

==============================================================================


      Code (inc. data)   RO Data    RW Data    ZI Data      Debug   

     19100       1438      11192        284      78796     504521   Grand Totals
     19100       1438      11192        284      78796     504521   ELF Image Totals
     19100       1438      11192        284          0          0   ROM Totals

==============================================================================

    Total RO  Size (Code + RO Data)                30292 (  29.58kB)
    Total RW  Size (RW Data + ZI Data)             79080 (  77.23kB)
    Total ROM Size (Code + RO Data + RW Data)      30576 (  29.86kB)

==============================================================================

